Copyright 1986-2022 Xilinx, Inc. All Rights Reserved. Copyright 2022-2024 Advanced Micro Devices, Inc. All Rights Reserved.
---------------------------------------------------------------------------------------------------------------------------------------------
| Tool Version : Vivado v.2024.1 (lin64) Build 5076996 Wed May 22 18:36:09 MDT 2024
| Date         : Tue Sep 15 10:24:03 2026
| Host         : mini-Nitro-ANV16S-41 running 64-bit Ubuntu 22.04.5 LTS
| Command      : report_utilization -file /home/mini/Desktop/dfxisp/LowlightISP_DPU/LowlightISP_DPU_zcu104/utilization_impl.rpt
| Design       : LowlightISP_DPU_design1_wrapper
| Device       : xczu7ev-ffvc1156-2-e
| Speed File   : -2
| Design State : Routed
---------------------------------------------------------------------------------------------------------------------------------------------

Utilization Design Information

Table of Contents
-----------------
1. CLB Logic
1.1 Summary of Registers by Type
2. CLB Logic Distribution
3. BLOCKRAM
4. ARITHMETIC
5. I/O
6. CLOCK
7. ADVANCED
8. CONFIGURATION
9. Primitives
10. Black Boxes
11. Instantiated Netlists

1. CLB Logic
------------

+----------------------------+--------+-------+------------+-----------+-------+
|          Site Type         |  Used  | Fixed | Prohibited | Available | Util% |
+----------------------------+--------+-------+------------+-----------+-------+
| CLB LUTs                   |  65004 |     0 |          0 |    230400 | 28.21 |
|   LUT as Logic             |  55437 |     0 |          0 |    230400 | 24.06 |
|   LUT as Memory            |   9567 |     0 |          0 |    101760 |  9.40 |
|     LUT as Distributed RAM |   4342 |     0 |            |           |       |
|     LUT as Shift Register  |   5225 |     0 |            |           |       |
| CLB Registers              | 115453 |     0 |          0 |    460800 | 25.05 |
|   Register as Flip Flop    | 115453 |     0 |          0 |    460800 | 25.05 |
|   Register as Latch        |      0 |     0 |          0 |    460800 |  0.00 |
| CARRY8                     |   1709 |     0 |          0 |     28800 |  5.93 |
| F7 Muxes                   |   2625 |     0 |          0 |    115200 |  2.28 |
| F8 Muxes                   |     15 |     0 |          0 |     57600 |  0.03 |
| F9 Muxes                   |      0 |     0 |          0 |     28800 |  0.00 |
+----------------------------+--------+-------+------------+-----------+-------+
* Warning! LUT value is adjusted to account for LUT combining.


1.1 Summary of Registers by Type
--------------------------------

+--------+--------------+-------------+--------------+
|  Total | Clock Enable | Synchronous | Asynchronous |
+--------+--------------+-------------+--------------+
| 0      |            _ |           - |            - |
| 0      |            _ |           - |          Set |
| 0      |            _ |           - |        Reset |
| 0      |            _ |         Set |            - |
| 0      |            _ |       Reset |            - |
| 0      |          Yes |           - |            - |
| 66     |          Yes |           - |          Set |
| 270    |          Yes |           - |        Reset |
| 1004   |          Yes |         Set |            - |
| 114113 |          Yes |       Reset |            - |
+--------+--------------+-------------+--------------+


2. CLB Logic Distribution
-------------------------

+--------------------------------------------+--------+-------+------------+-----------+-------+
|                  Site Type                 |  Used  | Fixed | Prohibited | Available | Util% |
+--------------------------------------------+--------+-------+------------+-----------+-------+
| CLB                                        |  15716 |     0 |          0 |     28800 | 54.57 |
|   CLBL                                     |   7876 |     0 |            |           |       |
|   CLBM                                     |   7840 |     0 |            |           |       |
| LUT as Logic                               |  55437 |     0 |          0 |    230400 | 24.06 |
|   using O5 output only                     |    786 |       |            |           |       |
|   using O6 output only                     |  36966 |       |            |           |       |
|   using O5 and O6                          |  17685 |       |            |           |       |
| LUT as Memory                              |   9567 |     0 |          0 |    101760 |  9.40 |
|   LUT as Distributed RAM                   |   4342 |     0 |            |           |       |
|     using O5 output only                   |      0 |       |            |           |       |
|     using O6 output only                   |   1958 |       |            |           |       |
|     using O5 and O6                        |   2384 |       |            |           |       |
|   LUT as Shift Register                    |   5225 |     0 |            |           |       |
|     using O5 output only                   |      0 |       |            |           |       |
|     using O6 output only                   |   1086 |       |            |           |       |
|     using O5 and O6                        |   4139 |       |            |           |       |
| CLB Registers                              | 115453 |     0 |          0 |    460800 | 25.05 |
|   Register driven from within the CLB      |  54440 |       |            |           |       |
|   Register driven from outside the CLB     |  61013 |       |            |           |       |
|     LUT in front of the register is unused |  49356 |       |            |           |       |
|     LUT in front of the register is used   |  11657 |       |            |           |       |
| Unique Control Sets                        |   2797 |       |          0 |     57600 |  4.86 |
+--------------------------------------------+--------+-------+------------+-----------+-------+
* * Note: Available Control Sets calculated as Slices * 2, Review the Control Sets Report for more information regarding control sets.


3. BLOCKRAM
-----------

+-------------------+------+-------+------------+-----------+-------+
|     Site Type     | Used | Fixed | Prohibited | Available | Util% |
+-------------------+------+-------+------------+-----------+-------+
| Block RAM Tile    |   84 |     0 |          0 |       312 | 26.92 |
|   RAMB36/FIFO*    |   77 |     0 |          0 |       312 | 24.68 |
|     RAMB36E2 only |   77 |       |            |           |       |
|   RAMB18          |   14 |     0 |          0 |       624 |  2.24 |
|     RAMB18E2 only |   14 |       |            |           |       |
| URAM              |   46 |     0 |          0 |        96 | 47.92 |
+-------------------+------+-------+------------+-----------+-------+
* Note: Each Block RAM Tile only has one FIFO logic available and therefore can accommodate only one FIFO36E2 or one FIFO18E2. However, if a FIFO18E2 occupies a Block RAM Tile, that tile can still accommodate a RAMB18E2


4. ARITHMETIC
-------------

+----------------+------+-------+------------+-----------+-------+
|    Site Type   | Used | Fixed | Prohibited | Available | Util% |
+----------------+------+-------+------------+-----------+-------+
| DSPs           |  724 |     0 |          0 |      1728 | 41.90 |
|   DSP48E2 only |  724 |       |            |           |       |
+----------------+------+-------+------------+-----------+-------+


5. I/O
------

+------------------+------+-------+------------+-----------+-------+
|     Site Type    | Used | Fixed | Prohibited | Available | Util% |
+------------------+------+-------+------------+-----------+-------+
| Bonded IOB       |    0 |     0 |          0 |       360 |  0.00 |
| HPIOB_M          |    0 |     0 |          0 |       144 |  0.00 |
| HPIOB_S          |    0 |     0 |          0 |       144 |  0.00 |
| HDIOB_M          |    0 |     0 |          0 |        24 |  0.00 |
| HDIOB_S          |    0 |     0 |          0 |        24 |  0.00 |
| HPIOB_SNGL       |    0 |     0 |          0 |        24 |  0.00 |
| HPIOBDIFFINBUF   |    0 |     0 |          0 |       192 |  0.00 |
| HPIOBDIFFOUTBUF  |    0 |     0 |          0 |       192 |  0.00 |
| HDIOBDIFFINBUF   |    0 |     0 |          0 |        48 |  0.00 |
| BITSLICE_CONTROL |    0 |     0 |          0 |        64 |  0.00 |
| BITSLICE_RX_TX   |    0 |     0 |          0 |      2496 |  0.00 |
| BITSLICE_TX      |    0 |     0 |          0 |        64 |  0.00 |
| RIU_OR           |    0 |     0 |          0 |        32 |  0.00 |
+------------------+------+-------+------------+-----------+-------+


6. CLOCK
--------

+------------+------+-------+------------+-----------+-------+
|  Site Type | Used | Fixed | Prohibited | Available | Util% |
+------------+------+-------+------------+-----------+-------+
| BUFGCE     |    1 |     0 |          0 |       208 |  0.48 |
| BUFGCE_DIV |    2 |     0 |          0 |        32 |  6.25 |
| BUFG_GT    |    0 |     0 |          0 |       144 |  0.00 |
| BUFG_PS    |    1 |     0 |          0 |        96 |  1.04 |
| BUFGCTRL*  |    0 |     0 |          0 |        64 |  0.00 |
| PLL        |    0 |     0 |          0 |        16 |  0.00 |
| MMCM       |    1 |     0 |          0 |         8 | 12.50 |
+------------+------+-------+------------+-----------+-------+
* Note: Each used BUFGCTRL counts as two GLOBAL CLOCK BUFFERs. This table does not include global clocking resources, only buffer cell usage. See the Clock Utilization Report (report_clock_utilization) for detailed accounting of global clocking resource availability.


7. ADVANCED
-----------

+-----------------+------+-------+------------+-----------+--------+
|    Site Type    | Used | Fixed | Prohibited | Available |  Util% |
+-----------------+------+-------+------------+-----------+--------+
| GTHE4_CHANNEL   |    0 |     0 |          0 |        20 |   0.00 |
| GTHE4_COMMON    |    0 |     0 |          0 |         5 |   0.00 |
| OBUFDS_GTE4     |    0 |     0 |          0 |        10 |   0.00 |
| OBUFDS_GTE4_ADV |    0 |     0 |          0 |        10 |   0.00 |
| PCIE40E4        |    0 |     0 |          0 |         2 |   0.00 |
| PS8             |    1 |     0 |          0 |         1 | 100.00 |
| SYSMONE4        |    0 |     0 |          0 |         1 |   0.00 |
| VCU             |    0 |     0 |          0 |         1 |   0.00 |
+-----------------+------+-------+------------+-----------+--------+


8. CONFIGURATION
----------------

+-------------+------+-------+------------+-----------+-------+
|  Site Type  | Used | Fixed | Prohibited | Available | Util% |
+-------------+------+-------+------------+-----------+-------+
| BSCANE2     |    0 |     0 |          0 |         4 |  0.00 |
| DNA_PORTE2  |    0 |     0 |          0 |         1 |  0.00 |
| EFUSE_USR   |    0 |     0 |          0 |         1 |  0.00 |
| FRAME_ECCE4 |    0 |     0 |          0 |         1 |  0.00 |
| ICAPE3      |    0 |     0 |          0 |         2 |  0.00 |
| MASTER_JTAG |    0 |     0 |          0 |         1 |  0.00 |
| STARTUPE3   |    0 |     0 |          0 |         1 |  0.00 |
+-------------+------+-------+------------+-----------+-------+


9. Primitives
-------------

+------------+--------+---------------------+
|  Ref Name  |  Used  | Functional Category |
+------------+--------+---------------------+
| FDRE       | 114113 |            Register |
| LUT6       |  23435 |                 CLB |
| LUT3       |  23405 |                 CLB |
| LUT4       |  10550 |                 CLB |
| SRL16E     |   8753 |                 CLB |
| LUT5       |   7457 |                 CLB |
| LUT2       |   7060 |                 CLB |
| RAMD32     |   4174 |                 CLB |
| MUXF7      |   2625 |                 CLB |
| RAMD64E    |   1944 |                 CLB |
| CARRY8     |   1709 |                 CLB |
| LUT1       |   1215 |                 CLB |
| FDSE       |   1004 |            Register |
| DSP48E2    |    724 |          Arithmetic |
| SRLC32E    |    611 |                 CLB |
| RAMS32     |    608 |                 CLB |
| FDCE       |    270 |            Register |
| RAMB36E2   |     77 |            BLOCKRAM |
| FDPE       |     66 |            Register |
| URAM288    |     46 |            BLOCKRAM |
| MUXF8      |     15 |                 CLB |
| RAMB18E2   |     14 |            BLOCKRAM |
| BUFGCE_DIV |      2 |               Clock |
| PS8        |      1 |            Advanced |
| MMCME4_ADV |      1 |               Clock |
| BUFG_PS    |      1 |               Clock |
| BUFGCE     |      1 |               Clock |
+------------+--------+---------------------+


10. Black Boxes
---------------

+----------+------+
| Ref Name | Used |
+----------+------+


11. Instantiated Netlists
-------------------------

+---------------------------------------------+------+
|                   Ref Name                  | Used |
+---------------------------------------------+------+
| LowlightISP_DPU_design1_zynq_ultra_ps_e_0_0 |    1 |
| LowlightISP_DPU_design1_xbar_0              |    1 |
| LowlightISP_DPU_design1_smc_dpu_instr_0     |    1 |
| LowlightISP_DPU_design1_smc_dpu_data1_0     |    1 |
| LowlightISP_DPU_design1_smc_dpu_data0_0     |    1 |
| LowlightISP_DPU_design1_rst_ps8_0_100M_0    |    1 |
| LowlightISP_DPU_design1_rst_dpu_300M_0      |    1 |
| LowlightISP_DPU_design1_dpuczdx8g_0_0       |    1 |
| LowlightISP_DPU_design1_clk_wiz_0_0         |    1 |
| LowlightISP_DPU_design1_axi_smc_0           |    1 |
| LowlightISP_DPU_design1_auto_pc_0           |    1 |
| LowlightISP_DPU_design1_auto_ds_1           |    1 |
| LowlightISP_DPU_design1_auto_ds_0           |    1 |
| LowlightISP_DPU_design1_LowlightISP_0_0     |    1 |
+---------------------------------------------+------+


