

================================================================
== Synthesis Summary Report of 'checker_scan'
================================================================
+ General Information: 
    * Date:           Fri Aug  7 00:36:18 2026
    * Version:        2024.1 (Build 5069499 on May 21 2024)
    * Project:        checker_cosim
    * Solution:       solution1 (Vivado IP Flow Target)
    * Product family: zynquplus
    * Target device:  xczu7ev-ffvc1156-2-e
    

+ Performance & Resource Estimates: 
    
    PS: '+' for module; 'o' for loop; '*' for dataflow
    +------------------------------------------+------+------+---------+-----------+----------+---------+---------+----------+---------+----------+------------+------------+-----+
    |                  Modules                 | Issue|      | Latency |  Latency  | Iteration|         |   Trip  |          |         |          |            |            |     |
    |                  & Loops                 | Type | Slack| (cycles)|    (ns)   |  Latency | Interval|  Count  | Pipelined|  BRAM   |    DSP   |     FF     |     LUT    | URAM|
    +------------------------------------------+------+------+---------+-----------+----------+---------+---------+----------+---------+----------+------------+------------+-----+
    |+ checker_scan                            |     -|  0.00|  2073616|  1.037e+07|         -|  2073617|        -|        no|  1 (~0%)|  12 (~0%)|  1725 (~0%)|  2275 (~0%)|    -|
    | + checker_scan_Pipeline_VITIS_LOOP_38_1  |     -|  0.00|  2073603|  1.037e+07|         -|  2073603|        -|        no|        -|         -|    85 (~0%)|   229 (~0%)|    -|
    |  o VITIS_LOOP_38_1                       |     -|  3.65|  2073601|  1.037e+07|         3|        1|  2073600|       yes|        -|         -|           -|           -|    -|
    +------------------------------------------+------+------+---------+-----------+----------+---------+---------+----------+---------+----------+------------+------------+-----+


================================================================
== HW Interfaces
================================================================
* M_AXI
+-------------+------------+------------+---------------+---------+--------+----------+-----------+--------------+--------------+-------------+-------------+-------------------+
| Interface   | Read/Write | Data Width | Address Width | Latency | Offset | Register | Max Widen | Max Read     | Max Write    | Num Read    | Num Write   | Resource Estimate |
|             |            | (SW->HW)   |               |         |        |          | Bitwidth  | Burst Length | Burst Length | Outstanding | Outstanding |                   |
+-------------+------------+------------+---------------+---------+--------+----------+-----------+--------------+--------------+-------------+-------------+-------------------+
| m_axi_gmem0 | READ_ONLY  | 16 -> 16   | 64            | 0       | slave  | 0        | 128       | 16           | 16           | 16          | 16          | BRAM=1            |
+-------------+------------+------------+---------------+---------+--------+----------+-----------+--------------+--------------+-------------+-------------+-------------------+

* S_AXILITE Interfaces
+---------------+------------+---------------+--------+----------+
| Interface     | Data Width | Address Width | Offset | Register |
+---------------+------------+---------------+--------+----------+
| s_axi_control | 32         | 7             | 16     | 0        |
+---------------+------------+---------------+--------+----------+

* S_AXILITE Registers
+---------------+----------------------+--------+-------+--------+-------------------------------------+----------------------------------------------------------------------+
| Interface     | Register             | Offset | Width | Access | Description                         | Bit Fields                                                           |
+---------------+----------------------+--------+-------+--------+-------------------------------------+----------------------------------------------------------------------+
| s_axi_control | CTRL                 | 0x00   | 32    | RW     | Control signals                     | 0=AP_START 1=AP_DONE 2=AP_IDLE 3=AP_READY 7=AUTO_RESTART 9=INTERRUPT |
| s_axi_control | GIER                 | 0x04   | 32    | RW     | Global Interrupt Enable Register    | 0=Enable                                                             |
| s_axi_control | IP_IER               | 0x08   | 32    | RW     | IP Interrupt Enable Register        | 0=CHAN0_INT_EN 1=CHAN1_INT_EN                                        |
| s_axi_control | IP_ISR               | 0x0c   | 32    | RW     | IP Interrupt Status Register        | 0=CHAN0_INT_ST 1=CHAN1_INT_ST                                        |
| s_axi_control | raw_bayer_1          | 0x10   | 32    | W      | Data signal of raw_bayer            |                                                                      |
| s_axi_control | raw_bayer_2          | 0x14   | 32    | W      | Data signal of raw_bayer            |                                                                      |
| s_axi_control | width                | 0x1c   | 32    | W      | Data signal of width                |                                                                      |
| s_axi_control | height               | 0x24   | 32    | W      | Data signal of height               |                                                                      |
| s_axi_control | mode                 | 0x2c   | 32    | W      | Data signal of mode                 |                                                                      |
| s_axi_control | dark_pixel_threshold | 0x34   | 32    | W      | Data signal of dark_pixel_threshold |                                                                      |
| s_axi_control | verdict_pct          | 0x3c   | 32    | W      | Data signal of verdict_pct          |                                                                      |
| s_axi_control | enter_pct            | 0x44   | 32    | W      | Data signal of enter_pct            |                                                                      |
| s_axi_control | exit_pct             | 0x4c   | 32    | W      | Data signal of exit_pct             |                                                                      |
| s_axi_control | selected_mode        | 0x54   | 32    | R      | Data signal of selected_mode        |                                                                      |
| s_axi_control | selected_mode_ctrl   | 0x58   | 32    | R      | Control signal of selected_mode     | 0=selected_mode_ap_vld                                               |
| s_axi_control | dark_count           | 0x64   | 32    | R      | Data signal of dark_count           |                                                                      |
| s_axi_control | dark_count_ctrl      | 0x68   | 32    | R      | Control signal of dark_count        | 0=dark_count_ap_vld                                                  |
+---------------+----------------------+--------+-------+--------+-------------------------------------+----------------------------------------------------------------------+

* Other Ports
+------------+--------+-----------+----------+
| Port       | Mode   | Direction | Bitwidth |
+------------+--------+-----------+----------+
| hyst_flags | ap_vld | out       | 32       |
+------------+--------+-----------+----------+

* TOP LEVEL CONTROL
+-----------+------------+-----------+
| Interface | Type       | Ports     |
+-----------+------------+-----------+
| ap_clk    | clock      | ap_clk    |
| ap_rst_n  | reset      | ap_rst_n  |
| interrupt | interrupt  | interrupt |
| ap_ctrl   | ap_ctrl_hs |           |
+-----------+------------+-----------+


================================================================
== SW I/O Information
================================================================
* Top Function Arguments
+----------------------+-----------+------------------------+
| Argument             | Direction | Datatype               |
+----------------------+-----------+------------------------+
| raw_bayer            | in        | unsigned short const * |
| width                | in        | int                    |
| height               | in        | int                    |
| mode                 | in        | int                    |
| dark_pixel_threshold | in        | unsigned short         |
| verdict_pct          | in        | int                    |
| enter_pct            | in        | int                    |
| exit_pct             | in        | int                    |
| selected_mode        | out       | int*                   |
| hyst_flags           | out       | int*                   |
| dark_count           | out       | int*                   |
+----------------------+-----------+------------------------+

* SW-to-HW Mapping
+----------------------+-------------------+-----------+----------+------------------------------------------------+
| Argument             | HW Interface      | HW Type   | HW Usage | HW Info                                        |
+----------------------+-------------------+-----------+----------+------------------------------------------------+
| raw_bayer            | m_axi_gmem0       | interface |          | channel=0                                      |
| raw_bayer            | s_axi_control     | register  | offset   | name=raw_bayer_1 offset=0x10 range=32          |
| raw_bayer            | s_axi_control     | register  | offset   | name=raw_bayer_2 offset=0x14 range=32          |
| width                | s_axi_control     | register  |          | name=width offset=0x1c range=32                |
| height               | s_axi_control     | register  |          | name=height offset=0x24 range=32               |
| mode                 | s_axi_control     | register  |          | name=mode offset=0x2c range=32                 |
| dark_pixel_threshold | s_axi_control     | register  |          | name=dark_pixel_threshold offset=0x34 range=32 |
| verdict_pct          | s_axi_control     | register  |          | name=verdict_pct offset=0x3c range=32          |
| enter_pct            | s_axi_control     | register  |          | name=enter_pct offset=0x44 range=32            |
| exit_pct             | s_axi_control     | register  |          | name=exit_pct offset=0x4c range=32             |
| selected_mode        | s_axi_control     | register  |          | name=selected_mode offset=0x54 range=32        |
| selected_mode        | s_axi_control     | register  |          | name=selected_mode_ctrl offset=0x58 range=32   |
| hyst_flags           | hyst_flags        | port      |          |                                                |
| hyst_flags           | hyst_flags_ap_vld | port      |          |                                                |
| dark_count           | s_axi_control     | register  |          | name=dark_count offset=0x64 range=32           |
| dark_count           | s_axi_control     | register  |          | name=dark_count_ctrl offset=0x68 range=32      |
+----------------------+-------------------+-----------+----------+------------------------------------------------+


================================================================
== M_AXI Burst Information
================================================================
 Note: All burst requests might be further partitioned into multiple requests during RTL generation based on max_read_burst_length or max_write_burst_length settings.

* Inferred Burst Summary
+--------------+-----------+----------+-------+-----------------+----------------------------------------------------------+
| HW Interface | Direction | Length   | Width | Loop            | Loop Location                                            |
+--------------+-----------+----------+-------+-----------------+----------------------------------------------------------+
| m_axi_gmem0  | read      | variable | 16    | VITIS_LOOP_38_1 | /home/mini/workspace/dfxisp_v2/include/checker.hpp:38:22 |
+--------------+-----------+----------+-------+-----------------+----------------------------------------------------------+

* All M_AXI Variable Accesses
+--------------+-----------+---------------------------------------------------------+-----------+--------------+----------+-----------------+----------------------------------------------------------+------------+------------------------------------------------+
| HW Interface | Variable  | Access Location                                         | Direction | Burst Status | Length   | Loop            | Loop Location                                            | Resolution | Problem                                        |
+--------------+-----------+---------------------------------------------------------+-----------+--------------+----------+-----------------+----------------------------------------------------------+------------+------------------------------------------------+
| m_axi_gmem0  | raw_bayer | /home/mini/workspace/dfxisp_v2/include/checker.hpp:40:6 | read      | Widen Fail   |          | VITIS_LOOP_38_1 | /home/mini/workspace/dfxisp_v2/include/checker.hpp:38:22 | 214-234    | Sequential access length is not divisible by 2 |
| m_axi_gmem0  | raw_bayer | /home/mini/workspace/dfxisp_v2/include/checker.hpp:40:6 | read      | Inferred     | variable | VITIS_LOOP_38_1 | /home/mini/workspace/dfxisp_v2/include/checker.hpp:38:22 |            |                                                |
+--------------+-----------+---------------------------------------------------------+-----------+--------------+----------+-----------------+----------------------------------------------------------+------------+------------------------------------------------+

    * Resolution URL: docs.xilinx.com/access/sources/dita/topic?Doc_Version=2024.1%20English&url=ug1448-hls-guidance&resourceid=XXX-YYY.html (replace XXX-YYY with column value)

================================================================
== Bind Op Report
================================================================
+------------------------------------------+-----+--------+-------------+--------+----------+---------+
| Name                                     | DSP | Pragma | Variable    | Op     | Impl     | Latency |
+------------------------------------------+-----+--------+-------------+--------+----------+---------+
| + checker_scan                           | 12  |        |             |        |          |         |
|   icmp_ln29_fu_276_p2                    |     |        | icmp_ln29   | setlt  | auto     | 0       |
|   icmp_ln29_1_fu_282_p2                  |     |        | icmp_ln29_1 | setlt  | auto     | 0       |
|   or_ln29_fu_288_p2                      |     |        | or_ln29     | or     | auto     | 0       |
|   mul_32s_32s_32_1_1_U9                  | 3   |        | n           | mul    | auto     | 0       |
|   icmp_ln38_fu_308_p2                    |     |        | icmp_ln38   | setgt  | auto     | 0       |
|   empty_fu_313_p3                        |     |        | empty       | select | auto_sel | 0       |
|   mul_32s_32s_32_1_1_U6                  | 3   |        | mul_ln44    | mul    | auto     | 0       |
|   above_enter_fu_368_p2                  |     |        | above_enter | setgt  | auto     | 0       |
|   mul_32s_32s_32_1_1_U7                  | 3   |        | mul_ln45    | mul    | auto     | 0       |
|   below_exit_fu_373_p2                   |     |        | below_exit  | setlt  | auto     | 0       |
|   mul_32s_32s_32_1_1_U8                  | 3   |        | mul_ln51    | mul    | auto     | 0       |
|   icmp_ln51_fu_387_p2                    |     |        | icmp_ln51   | setgt  | auto     | 0       |
|  + checker_scan_Pipeline_VITIS_LOOP_38_1 | 0   |        |             |        |          |         |
|    icmp_ln38_fu_119_p2                   |     |        | icmp_ln38   | setlt  | auto     | 0       |
|    add_ln38_fu_125_p2                    |     |        | add_ln38    | add    | fabric   | 0       |
|    icmp_ln40_fu_145_p2                   |     |        | icmp_ln40   | setlt  | auto     | 0       |
|    add_ln40_fu_149_p2                    |     |        | add_ln40    | add    | fabric   | 0       |
|    dark_1_fu_155_p3                      |     |        | dark_1      | select | auto_sel | 0       |
+------------------------------------------+-----+--------+-------------+--------+----------+---------+


================================================================
== Storage Report
================================================================
+-------------------+-----------+-----------+------+------+--------+----------+------+---------+------------------+
| Name              | Usage     | Type      | BRAM | URAM | Pragma | Variable | Impl | Latency | Bitwidth, Depth, |
|                   |           |           |      |      |        |          |      |         | Banks            |
+-------------------+-----------+-----------+------+------+--------+----------+------+---------+------------------+
| + checker_scan    |           |           | 1    | 0    |        |          |      |         |                  |
|   control_s_axi_U | interface | s_axilite |      |      |        |          |      |         |                  |
|   gmem0_m_axi_U   | interface | m_axi     | 1    |      |        |          |      |         |                  |
+-------------------+-----------+-----------+------+------+--------+----------+------+---------+------------------+


================================================================
== Pragma Report
================================================================
* Valid Pragma Syntax
+----------------+----------------------------------------------------------------------------------+------------------------------------------------------------+
| Type           | Options                                                                          | Location                                                   |
+----------------+----------------------------------------------------------------------------------+------------------------------------------------------------+
| loop_tripcount | min=16 max=2073600                                                               | ../../include/checker.hpp:39 in checker_select_mode        |
| interface      | m_axi port=raw_bayer offset=slave bundle=gmem0 depth=2048 max_widen_bitwidth=128 | local/checker.cpp:16 in checker_scan, raw_bayer            |
| interface      | s_axilite port=raw_bayer bundle=control                                          | local/checker.cpp:17 in checker_scan, raw_bayer            |
| interface      | s_axilite port=width bundle=control                                              | local/checker.cpp:18 in checker_scan, width                |
| interface      | s_axilite port=height bundle=control                                             | local/checker.cpp:19 in checker_scan, height               |
| interface      | s_axilite port=mode bundle=control                                               | local/checker.cpp:20 in checker_scan, mode                 |
| interface      | s_axilite port=dark_pixel_threshold bundle=control                               | local/checker.cpp:21 in checker_scan, dark_pixel_threshold |
| interface      | s_axilite port=verdict_pct bundle=control                                        | local/checker.cpp:22 in checker_scan, verdict_pct          |
| interface      | s_axilite port=enter_pct bundle=control                                          | local/checker.cpp:23 in checker_scan, enter_pct            |
| interface      | s_axilite port=exit_pct bundle=control                                           | local/checker.cpp:24 in checker_scan, exit_pct             |
| interface      | s_axilite port=selected_mode bundle=control                                      | local/checker.cpp:25 in checker_scan, selected_mode        |
| interface      | ap_vld port=hyst_flags                                                           | local/checker.cpp:26 in checker_scan, hyst_flags           |
| interface      | s_axilite port=dark_count bundle=control                                         | local/checker.cpp:27 in checker_scan, dark_count           |
| interface      | s_axilite port=return bundle=control                                             | local/checker.cpp:28 in checker_scan, return               |
+----------------+----------------------------------------------------------------------------------+------------------------------------------------------------+


