Vivado Simulator v2024.1
Copyright 1986-2022 Xilinx, Inc. All Rights Reserved.
Copyright 2022-2024 Advanced Micro Devices, Inc. All Rights Reserved.
Running: /tools/Xilinx/Vivado/2024.1/bin/unwrapped/lnx64.o/xelab checker_ip_tb -s checker_ip_real 
Multi-threading is on. Using 14 slave threads.
Starting static elaboration
Pass Through NonSizing Optimizer
Completed static elaboration
Starting simulation data flow analysis
Completed simulation data flow analysis
Time Resolution for simulation is 1ps
Compiling module work.checker_scan_flow_control_loop_p...
Compiling module work.checker_scan_checker_scan_Pipeli...
Compiling module work.checker_scan_control_s_axi
Compiling module work.checker_scan_gmem0_m_axi_srl(DAT...
Compiling module work.checker_scan_gmem0_m_axi_fifo(DA...
Compiling module work.checker_scan_gmem0_m_axi_mem(MEM...
Compiling module work.checker_scan_gmem0_m_axi_fifo(ME...
Compiling module work.checker_scan_gmem0_m_axi_srl(ADD...
Compiling module work.checker_scan_gmem0_m_axi_fifo(AD...
Compiling module work.checker_scan_gmem0_m_axi_srl(DAT...
Compiling module work.checker_scan_gmem0_m_axi_fifo(DA...
Compiling module work.checker_scan_gmem0_m_axi_srl(DAT...
Compiling module work.checker_scan_gmem0_m_axi_fifo(DA...
Compiling module work.checker_scan_gmem0_m_axi_store(N...
Compiling module work.checker_scan_gmem0_m_axi_mem(MEM...
Compiling module work.checker_scan_gmem0_m_axi_fifo(ME...
Compiling module work.checker_scan_gmem0_m_axi_srl(DAT...
Compiling module work.checker_scan_gmem0_m_axi_fifo(DA...
Compiling module work.checker_scan_gmem0_m_axi_reg_sli...
Compiling module work.checker_scan_gmem0_m_axi_load(NU...
Compiling module work.checker_scan_gmem0_m_axi_reg_sli...
Compiling module work.checker_scan_gmem0_m_axi_burst_c...
Compiling module work.checker_scan_gmem0_m_axi_srl(DAT...
Compiling module work.checker_scan_gmem0_m_axi_fifo(DA...
Compiling module work.checker_scan_gmem0_m_axi_reg_sli...
Compiling module work.checker_scan_gmem0_m_axi_srl(DAT...
Compiling module work.checker_scan_gmem0_m_axi_fifo(DA...
Compiling module work.checker_scan_gmem0_m_axi_srl(DAT...
Compiling module work.checker_scan_gmem0_m_axi_fifo(DA...
Compiling module work.checker_scan_gmem0_m_axi_throttl...
Compiling module work.checker_scan_gmem0_m_axi_reg_sli...
Compiling module work.checker_scan_gmem0_m_axi_write(C...
Compiling module work.checker_scan_gmem0_m_axi_srl(DAT...
Compiling module work.checker_scan_gmem0_m_axi_fifo(DA...
Compiling module work.checker_scan_gmem0_m_axi_read(C_...
Compiling module work.checker_scan_gmem0_m_axi(CONSERV...
Compiling module work.checker_scan_mul_32s_32s_32_1_1(...
Compiling module work.checker_scan
Compiling module work.checker_hysteresis(DWELL_FRAMES=...
Compiling module work.dfxc_trigger_adapter
Compiling module work.pr_latency_probe
Compiling module work.checker_ip(DWELL_FRAMES=0)
Compiling module work.checker_ip_tb
Built simulation snapshot checker_ip_real
