INFO: [VRFC 10-2263] Analyzing Verilog file "/home/mini/workspace/dfxisp_v2/checker/checker_ip.v" into library work
INFO: [VRFC 10-311] analyzing module checker_ip
INFO: [VRFC 10-2263] Analyzing Verilog file "/home/mini/workspace/dfxisp_v2/checker/checker_hysteresis.v" into library work
INFO: [VRFC 10-311] analyzing module checker_hysteresis
INFO: [VRFC 10-2263] Analyzing Verilog file "/home/mini/workspace/dfxisp_v2/checker/dfxc_trigger_adapter.v" into library work
INFO: [VRFC 10-311] analyzing module dfxc_trigger_adapter
INFO: [VRFC 10-2263] Analyzing Verilog file "/home/mini/workspace/dfxisp_v2/checker/ip_repo/src/checker_scan.v" into library work
INFO: [VRFC 10-311] analyzing module checker_scan
INFO: [VRFC 10-2263] Analyzing Verilog file "/home/mini/workspace/dfxisp_v2/checker/ip_repo/src/checker_scan_checker_scan_Pipeline_VITIS_LOOP_38_1.v" into library work
INFO: [VRFC 10-311] analyzing module checker_scan_checker_scan_Pipeline_VITIS_LOOP_38_1
INFO: [VRFC 10-2263] Analyzing Verilog file "/home/mini/workspace/dfxisp_v2/checker/ip_repo/src/checker_scan_mul_32s_32s_32_1_1.v" into library work
INFO: [VRFC 10-311] analyzing module checker_scan_mul_32s_32s_32_1_1
INFO: [VRFC 10-2263] Analyzing Verilog file "/home/mini/workspace/dfxisp_v2/checker/ip_repo/src/checker_scan_flow_control_loop_pipe_sequential_init.v" into library work
INFO: [VRFC 10-311] analyzing module checker_scan_flow_control_loop_pipe_sequential_init
INFO: [VRFC 10-2263] Analyzing Verilog file "/home/mini/workspace/dfxisp_v2/checker/ip_repo/src/checker_scan_gmem0_m_axi.v" into library work
INFO: [VRFC 10-311] analyzing module checker_scan_gmem0_m_axi
INFO: [VRFC 10-311] analyzing module checker_scan_gmem0_m_axi_load
INFO: [VRFC 10-311] analyzing module checker_scan_gmem0_m_axi_store
INFO: [VRFC 10-311] analyzing module checker_scan_gmem0_m_axi_read
INFO: [VRFC 10-311] analyzing module checker_scan_gmem0_m_axi_write
INFO: [VRFC 10-311] analyzing module checker_scan_gmem0_m_axi_burst_converter
INFO: [VRFC 10-311] analyzing module checker_scan_gmem0_m_axi_throttle
INFO: [VRFC 10-311] analyzing module checker_scan_gmem0_m_axi_reg_slice
INFO: [VRFC 10-311] analyzing module checker_scan_gmem0_m_axi_fifo
INFO: [VRFC 10-311] analyzing module checker_scan_gmem0_m_axi_srl
INFO: [VRFC 10-311] analyzing module checker_scan_gmem0_m_axi_mem
INFO: [VRFC 10-2263] Analyzing Verilog file "/home/mini/workspace/dfxisp_v2/checker/ip_repo/src/checker_scan_control_s_axi.v" into library work
INFO: [VRFC 10-311] analyzing module checker_scan_control_s_axi
INFO: [VRFC 10-2263] Analyzing Verilog file "/home/mini/workspace/dfxisp_v2/checker/pr_latency_probe.v" into library work
INFO: [VRFC 10-311] analyzing module pr_latency_probe
