In file included from local/checker.cpp:1:
/home/mini/workspace/dfxisp_v2/include/checker.hpp:39:9: warning: HLS pragma dump _XLX_SEP_ PragmaIsValid=1_XLX_SEP_ PragmaType=loop_tripcount_XLX_SEP_ PragmaContext=_XLX_SEP_ PragmaFunction=checker_select_mode_XLX_SEP_ PragmaOptions=min=16 max=2073600_XLX_SEP_ [-Wdump-hls-pragmas]
#pragma HLS LOOP_TRIPCOUNT min=16 max=2073600
        ^
/home/mini/workspace/dfxisp_v2/results/tools/run_checker_cosim.tcl:15:9: warning: HLS pragma dump _XLX_SEP_ PragmaIsValid=1_XLX_SEP_ PragmaType=top_XLX_SEP_ PragmaContext=directive_XLX_SEP_ PragmaFunction=checker_scan_XLX_SEP_ PragmaOptions=name=checker_scan_XLX_SEP_ [-Wdump-hls-pragmas]
#pragma HLSDIRECTIVE TOP name=checker_scan
        ^
local/checker.cpp:16:9: warning: HLS pragma dump _XLX_SEP_ PragmaIsValid=1_XLX_SEP_ PragmaType=interface_XLX_SEP_ PragmaContext=_XLX_SEP_ PragmaFunction=checker_scan_XLX_SEP_ PragmaOptions=m_axi port=raw_bayer offset=slave bundle=gmem0 depth=2048 max_widen_bitwidth=128_XLX_SEP_ [-Wdump-hls-pragmas]
#pragma HLS INTERFACE m_axi port=raw_bayer offset=slave bundle=gmem0 depth=2048 max_widen_bitwidth=128
        ^
local/checker.cpp:17:9: warning: HLS pragma dump _XLX_SEP_ PragmaIsValid=1_XLX_SEP_ PragmaType=interface_XLX_SEP_ PragmaContext=_XLX_SEP_ PragmaFunction=checker_scan_XLX_SEP_ PragmaOptions=s_axilite port=raw_bayer bundle=control_XLX_SEP_ [-Wdump-hls-pragmas]
#pragma HLS INTERFACE s_axilite port=raw_bayer bundle=control
        ^
local/checker.cpp:18:9: warning: HLS pragma dump _XLX_SEP_ PragmaIsValid=1_XLX_SEP_ PragmaType=interface_XLX_SEP_ PragmaContext=_XLX_SEP_ PragmaFunction=checker_scan_XLX_SEP_ PragmaOptions=s_axilite port=width bundle=control_XLX_SEP_ [-Wdump-hls-pragmas]
#pragma HLS INTERFACE s_axilite port=width bundle=control
        ^
local/checker.cpp:19:9: warning: HLS pragma dump _XLX_SEP_ PragmaIsValid=1_XLX_SEP_ PragmaType=interface_XLX_SEP_ PragmaContext=_XLX_SEP_ PragmaFunction=checker_scan_XLX_SEP_ PragmaOptions=s_axilite port=height bundle=control_XLX_SEP_ [-Wdump-hls-pragmas]
#pragma HLS INTERFACE s_axilite port=height bundle=control
        ^
local/checker.cpp:20:9: warning: HLS pragma dump _XLX_SEP_ PragmaIsValid=1_XLX_SEP_ PragmaType=interface_XLX_SEP_ PragmaContext=_XLX_SEP_ PragmaFunction=checker_scan_XLX_SEP_ PragmaOptions=s_axilite port=mode bundle=control_XLX_SEP_ [-Wdump-hls-pragmas]
#pragma HLS INTERFACE s_axilite port=mode bundle=control
        ^
local/checker.cpp:21:9: warning: HLS pragma dump _XLX_SEP_ PragmaIsValid=1_XLX_SEP_ PragmaType=interface_XLX_SEP_ PragmaContext=_XLX_SEP_ PragmaFunction=checker_scan_XLX_SEP_ PragmaOptions=s_axilite port=dark_pixel_threshold bundle=control_XLX_SEP_ [-Wdump-hls-pragmas]
#pragma HLS INTERFACE s_axilite port=dark_pixel_threshold bundle=control
        ^
local/checker.cpp:22:9: warning: HLS pragma dump _XLX_SEP_ PragmaIsValid=1_XLX_SEP_ PragmaType=interface_XLX_SEP_ PragmaContext=_XLX_SEP_ PragmaFunction=checker_scan_XLX_SEP_ PragmaOptions=s_axilite port=verdict_pct bundle=control_XLX_SEP_ [-Wdump-hls-pragmas]
#pragma HLS INTERFACE s_axilite port=verdict_pct bundle=control
        ^
local/checker.cpp:23:9: warning: HLS pragma dump _XLX_SEP_ PragmaIsValid=1_XLX_SEP_ PragmaType=interface_XLX_SEP_ PragmaContext=_XLX_SEP_ PragmaFunction=checker_scan_XLX_SEP_ PragmaOptions=s_axilite port=enter_pct bundle=control_XLX_SEP_ [-Wdump-hls-pragmas]
#pragma HLS INTERFACE s_axilite port=enter_pct bundle=control
        ^
local/checker.cpp:24:9: warning: HLS pragma dump _XLX_SEP_ PragmaIsValid=1_XLX_SEP_ PragmaType=interface_XLX_SEP_ PragmaContext=_XLX_SEP_ PragmaFunction=checker_scan_XLX_SEP_ PragmaOptions=s_axilite port=exit_pct bundle=control_XLX_SEP_ [-Wdump-hls-pragmas]
#pragma HLS INTERFACE s_axilite port=exit_pct bundle=control
        ^
local/checker.cpp:25:9: warning: HLS pragma dump _XLX_SEP_ PragmaIsValid=1_XLX_SEP_ PragmaType=interface_XLX_SEP_ PragmaContext=_XLX_SEP_ PragmaFunction=checker_scan_XLX_SEP_ PragmaOptions=s_axilite port=selected_mode bundle=control_XLX_SEP_ [-Wdump-hls-pragmas]
#pragma HLS INTERFACE s_axilite port=selected_mode bundle=control
        ^
local/checker.cpp:26:9: warning: HLS pragma dump _XLX_SEP_ PragmaIsValid=1_XLX_SEP_ PragmaType=interface_XLX_SEP_ PragmaContext=_XLX_SEP_ PragmaFunction=checker_scan_XLX_SEP_ PragmaOptions=ap_vld port=hyst_flags_XLX_SEP_ [-Wdump-hls-pragmas]
#pragma HLS INTERFACE ap_vld port=hyst_flags
        ^
local/checker.cpp:27:9: warning: HLS pragma dump _XLX_SEP_ PragmaIsValid=1_XLX_SEP_ PragmaType=interface_XLX_SEP_ PragmaContext=_XLX_SEP_ PragmaFunction=checker_scan_XLX_SEP_ PragmaOptions=s_axilite port=dark_count bundle=control_XLX_SEP_ [-Wdump-hls-pragmas]
#pragma HLS INTERFACE s_axilite port=dark_count bundle=control
        ^
local/checker.cpp:28:9: warning: HLS pragma dump _XLX_SEP_ PragmaIsValid=1_XLX_SEP_ PragmaType=interface_XLX_SEP_ PragmaContext=_XLX_SEP_ PragmaFunction=checker_scan_XLX_SEP_ PragmaOptions=s_axilite port=return bundle=control_XLX_SEP_ [-Wdump-hls-pragmas]
#pragma HLS INTERFACE s_axilite port=return bundle=control
        ^
15 warnings generated.
