

================================================================
== Vitis HLS Report for 'checker_scan_Pipeline_VITIS_LOOP_38_1'
================================================================
* Date:           Fri Aug  7 00:36:18 2026

* Version:        2024.1 (Build 5069499 on May 21 2024)
* Project:        checker_cosim
* Solution:       solution1 (Vivado IP Flow Target)
* Product family: zynquplus
* Target device:  xczu7ev-ffvc1156-2-e


================================================================
== Performance Estimates
================================================================
+ Timing: 
    * Summary: 
    +--------+---------+----------+------------+
    |  Clock |  Target | Estimated| Uncertainty|
    +--------+---------+----------+------------+
    |ap_clk  |  5.00 ns|  3.650 ns|     1.35 ns|
    +--------+---------+----------+------------+

+ Latency: 
    * Summary: 
    +---------+---------+-----------+-----------+-----+---------+-----------------------------------------------+
    |  Latency (cycles) |   Latency (absolute)  |    Interval   |                    Pipeline                   |
    |   min   |   max   |    min    |    max    | min |   max   |                      Type                     |
    +---------+---------+-----------+-----------+-----+---------+-----------------------------------------------+
    |       19|  2073603|  95.000 ns|  10.368 ms|   17|  2073601|  loop auto-rewind stp(delay=0 clock cycles(s))|
    +---------+---------+-----------+-----------+-----+---------+-----------------------------------------------+

    + Detail: 
        * Instance: 
        N/A

        * Loop: 
        +-------------------+---------+---------+----------+-----------+-----------+--------------+----------+
        |                   |  Latency (cycles) | Iteration|  Initiation Interval  |     Trip     |          |
        |     Loop Name     |   min   |   max   |  Latency |  achieved |   target  |     Count    | Pipelined|
        +-------------------+---------+---------+----------+-----------+-----------+--------------+----------+
        |- VITIS_LOOP_38_1  |       17|  2073601|         3|          1|          1|  16 ~ 2073600|       yes|
        +-------------------+---------+---------+----------+-----------+-----------+--------------+----------+

============================================================
+ Verbose Summary: Synthesis Manager
============================================================
InlineROM: 1
ExposeGlobal: 0
============================================================
+ Verbose Summary: CDFG Model
============================================================
IsTopModel: 0
ResetActiveHigh: 1
IsCombinational: 0
IsDatapathOnly: 0
HasWiredReturn: 1
HasMFsm: 2
HasVarLatency: 1
IsPipeline: 0
IsRtlPipelined: 0
IsInstanceOverlapped: 0
IsDontTouch: 0
HasImplIP: 0
IsGatedGlobalClock: 0

+ Individual pipeline summary: 
  * Pipeline-0: initiation interval (II) = 1, depth = 3


============================================================
+ Verbose Summary: Schedule
============================================================
* Number of FSM states : 3
* Pipeline : 1
  Pipeline-0 : II = 1, D = 3, States = { 1 2 3 }
* Dataflow Pipeline: 0

* FSM state transitions: 
1 --> 2 
2 --> 3 
3 --> 

* FSM state operations: 

State 1 <SV = 0> <Delay = 1.87>
ST_1 : Operation 6 [1/1] (0.00ns)   --->   "%dark = alloca i32 1" [/home/mini/workspace/dfxisp_v2/include/checker.hpp:37->local/checker.cpp:36]   --->   Operation 6 'alloca' 'dark' <Predicate = true> <Delay = 0.00>
ST_1 : Operation 7 [1/1] (0.00ns)   --->   "%i = alloca i32 1"   --->   Operation 7 'alloca' 'i' <Predicate = true> <Delay = 0.00>
ST_1 : Operation 8 [1/1] (0.00ns)   --->   "%dark_pixel_threshold_read = read i16 @_ssdm_op_Read.ap_auto.i16, i16 %dark_pixel_threshold"   --->   Operation 8 'read' 'dark_pixel_threshold_read' <Predicate = true> <Delay = 0.00>
ST_1 : Operation 9 [1/1] (0.00ns)   --->   "%sext_ln38_read = read i63 @_ssdm_op_Read.ap_auto.i63, i63 %sext_ln38"   --->   Operation 9 'read' 'sext_ln38_read' <Predicate = true> <Delay = 0.00>
ST_1 : Operation 10 [1/1] (0.00ns)   --->   "%n_read = read i32 @_ssdm_op_Read.ap_auto.i32, i32 %n"   --->   Operation 10 'read' 'n_read' <Predicate = true> <Delay = 0.00>
ST_1 : Operation 11 [1/1] (0.00ns)   --->   "%sext_ln38_cast = sext i63 %sext_ln38_read"   --->   Operation 11 'sext' 'sext_ln38_cast' <Predicate = true> <Delay = 0.00>
ST_1 : Operation 12 [1/1] (0.00ns)   --->   "%specinterface_ln0 = specinterface void @_ssdm_op_SpecInterface, i16 %gmem0, void @empty_8, i32 0, i32 0, void @empty_9, i32 0, i32 2048, void @empty, void @empty_0, void @empty_9, i32 16, i32 16, i32 16, i32 16, void @empty_9, void @empty_9, i32 4294967295, i32 0, i32 0"   --->   Operation 12 'specinterface' 'specinterface_ln0' <Predicate = true> <Delay = 0.00>
ST_1 : Operation 13 [1/1] (0.42ns)   --->   "%store_ln0 = store i31 0, i31 %i"   --->   Operation 13 'store' 'store_ln0' <Predicate = true> <Delay = 0.42>
ST_1 : Operation 14 [1/1] (0.42ns)   --->   "%store_ln37 = store i32 0, i32 %dark" [/home/mini/workspace/dfxisp_v2/include/checker.hpp:37->local/checker.cpp:36]   --->   Operation 14 'store' 'store_ln37' <Predicate = true> <Delay = 0.42>
ST_1 : Operation 15 [1/1] (0.00ns)   --->   "%br_ln0 = br void %for.body.i"   --->   Operation 15 'br' 'br_ln0' <Predicate = true> <Delay = 0.00>
ST_1 : Operation 16 [1/1] (0.00ns)   --->   "%i_load = load i31 %i" [/home/mini/workspace/dfxisp_v2/include/checker.hpp:38->local/checker.cpp:36]   --->   Operation 16 'load' 'i_load' <Predicate = true> <Delay = 0.00>
ST_1 : Operation 17 [1/1] (0.00ns)   --->   "%i_cast = zext i31 %i_load" [/home/mini/workspace/dfxisp_v2/include/checker.hpp:38->local/checker.cpp:36]   --->   Operation 17 'zext' 'i_cast' <Predicate = true> <Delay = 0.00>
ST_1 : Operation 18 [1/1] (0.00ns)   --->   "%specbitsmap_ln0 = specbitsmap void @_ssdm_op_SpecBitsMap, i16 %gmem0"   --->   Operation 18 'specbitsmap' 'specbitsmap_ln0' <Predicate = true> <Delay = 0.00>
ST_1 : Operation 19 [1/1] (1.01ns)   --->   "%icmp_ln38 = icmp_slt  i32 %i_cast, i32 %n_read" [/home/mini/workspace/dfxisp_v2/include/checker.hpp:38->local/checker.cpp:36]   --->   Operation 19 'icmp' 'icmp_ln38' <Predicate = true> <Delay = 1.01> <CoreInst = "Cmp">   --->   Core 9 'Cmp' <Latency = 0> <II = 1> <Delay = 1.01> <FuncUnit> <Opcode : 'seteq' 'setne' 'setle' 'setge' 'setlt' 'setgt'> <InPorts = 2> <OutPorts = 1>
ST_1 : Operation 20 [1/1] (1.00ns)   --->   "%add_ln38 = add i31 %i_load, i31 1" [/home/mini/workspace/dfxisp_v2/include/checker.hpp:38->local/checker.cpp:36]   --->   Operation 20 'add' 'add_ln38' <Predicate = true> <Delay = 1.00> <CoreInst = "Adder">   --->   Core 1 'Adder' <Latency = 0> <II = 1> <Delay = 1.00> <FuncUnit> <Opcode : 'add' 'sub'> <InPorts = 2> <OutPorts = 1>
ST_1 : Operation 21 [1/1] (0.00ns)   --->   "%br_ln38 = br i1 %icmp_ln38, void %for.end.i.loopexit.exitStub, void %for.body.i.split" [/home/mini/workspace/dfxisp_v2/include/checker.hpp:38->local/checker.cpp:36]   --->   Operation 21 'br' 'br_ln38' <Predicate = true> <Delay = 0.00>
ST_1 : Operation 22 [1/1] (0.42ns)   --->   "%store_ln38 = store i31 %add_ln38, i31 %i" [/home/mini/workspace/dfxisp_v2/include/checker.hpp:38->local/checker.cpp:36]   --->   Operation 22 'store' 'store_ln38' <Predicate = (icmp_ln38)> <Delay = 0.42>

State 2 <SV = 1> <Delay = 3.65>
ST_2 : Operation 23 [1/1] (0.00ns)   --->   "%gmem0_addr = getelementptr i16 %gmem0, i64 %sext_ln38_cast" [/home/mini/workspace/dfxisp_v2/include/checker.hpp:38->local/checker.cpp:36]   --->   Operation 23 'getelementptr' 'gmem0_addr' <Predicate = true> <Delay = 0.00>
ST_2 : Operation 24 [1/1] (3.65ns)   --->   "%gmem0_addr_read = read i16 @_ssdm_op_Read.m_axi.p1i16, i16 %gmem0_addr" [/home/mini/workspace/dfxisp_v2/include/checker.hpp:40->local/checker.cpp:36]   --->   Operation 24 'read' 'gmem0_addr_read' <Predicate = true> <Delay = 3.65> <CoreInst = "m_axi">   --->   Core 119 'm_axi' <Latency = 0> <II = 1> <Delay = 1.00> <Adapter> <Opcode : 'read' 'write' 'readreq' 'writereq' 'writeresp'>
ST_2 : Operation 34 [1/1] (0.00ns)   --->   "%dark_load_1 = load i32 %dark"   --->   Operation 34 'load' 'dark_load_1' <Predicate = (!icmp_ln38)> <Delay = 0.00>
ST_2 : Operation 35 [1/1] (0.00ns)   --->   "%write_ln0 = write void @_ssdm_op_Write.ap_auto.i32P0A, i32 %dark_out, i32 %dark_load_1"   --->   Operation 35 'write' 'write_ln0' <Predicate = (!icmp_ln38)> <Delay = 0.00>
ST_2 : Operation 36 [1/1] (0.42ns)   --->   "%ret_ln0 = ret"   --->   Operation 36 'ret' 'ret_ln0' <Predicate = (!icmp_ln38)> <Delay = 0.42>

State 3 <SV = 2> <Delay = 1.89>
ST_3 : Operation 25 [1/1] (0.00ns)   --->   "%dark_load = load i32 %dark" [/home/mini/workspace/dfxisp_v2/include/checker.hpp:40->local/checker.cpp:36]   --->   Operation 25 'load' 'dark_load' <Predicate = true> <Delay = 0.00>
ST_3 : Operation 26 [1/1] (0.00ns)   --->   "%specpipeline_ln37 = specpipeline void @_ssdm_op_SpecPipeline, i32 4294967295, i32 0, i32 0, i32 0, void @empty_9" [/home/mini/workspace/dfxisp_v2/include/checker.hpp:37->local/checker.cpp:36]   --->   Operation 26 'specpipeline' 'specpipeline_ln37' <Predicate = true> <Delay = 0.00>
ST_3 : Operation 27 [1/1] (0.00ns)   --->   "%speclooptripcount_ln39 = speclooptripcount void @_ssdm_op_SpecLoopTripCount, i64 16, i64 2073600, i64 1036808" [/home/mini/workspace/dfxisp_v2/include/checker.hpp:39->local/checker.cpp:36]   --->   Operation 27 'speclooptripcount' 'speclooptripcount_ln39' <Predicate = true> <Delay = 0.00>
ST_3 : Operation 28 [1/1] (0.00ns)   --->   "%specloopname_ln38 = specloopname void @_ssdm_op_SpecLoopName, void @empty_17" [/home/mini/workspace/dfxisp_v2/include/checker.hpp:38->local/checker.cpp:36]   --->   Operation 28 'specloopname' 'specloopname_ln38' <Predicate = true> <Delay = 0.00>
ST_3 : Operation 29 [1/1] (0.85ns)   --->   "%icmp_ln40 = icmp_ult  i16 %gmem0_addr_read, i16 %dark_pixel_threshold_read" [/home/mini/workspace/dfxisp_v2/include/checker.hpp:40->local/checker.cpp:36]   --->   Operation 29 'icmp' 'icmp_ln40' <Predicate = true> <Delay = 0.85> <CoreInst = "Cmp">   --->   Core 9 'Cmp' <Latency = 0> <II = 1> <Delay = 0.85> <FuncUnit> <Opcode : 'seteq' 'setne' 'setle' 'setge' 'setlt' 'setgt'> <InPorts = 2> <OutPorts = 1>
ST_3 : Operation 30 [1/1] (1.01ns)   --->   "%add_ln40 = add i32 %dark_load, i32 1" [/home/mini/workspace/dfxisp_v2/include/checker.hpp:40->local/checker.cpp:36]   --->   Operation 30 'add' 'add_ln40' <Predicate = true> <Delay = 1.01> <CoreInst = "Adder">   --->   Core 1 'Adder' <Latency = 0> <II = 1> <Delay = 1.01> <FuncUnit> <Opcode : 'add' 'sub'> <InPorts = 2> <OutPorts = 1>
ST_3 : Operation 31 [1/1] (0.44ns)   --->   "%dark_1 = select i1 %icmp_ln40, i32 %add_ln40, i32 %dark_load" [/home/mini/workspace/dfxisp_v2/include/checker.hpp:40->local/checker.cpp:36]   --->   Operation 31 'select' 'dark_1' <Predicate = true> <Delay = 0.44> <CoreInst = "Sel">   --->   Core 73 'Sel' <Latency = 0> <II = 1> <Delay = 0.44> <FuncUnit> <Opcode : 'select'> <InPorts = 3> <OutPorts = 1>
ST_3 : Operation 32 [1/1] (0.42ns)   --->   "%store_ln37 = store i32 %dark_1, i32 %dark" [/home/mini/workspace/dfxisp_v2/include/checker.hpp:37->local/checker.cpp:36]   --->   Operation 32 'store' 'store_ln37' <Predicate = true> <Delay = 0.42>
ST_3 : Operation 33 [1/1] (0.00ns)   --->   "%br_ln38 = br void %for.body.i" [/home/mini/workspace/dfxisp_v2/include/checker.hpp:38->local/checker.cpp:36]   --->   Operation 33 'br' 'br_ln38' <Predicate = true> <Delay = 0.00>


============================================================
+ Verbose Summary: Timing violations
============================================================
Target clock period: 5.000ns, clock uncertainty: 1.350ns.

 <State 1>: 1.870ns
The critical path consists of the following:
	'store' operation 0 bit ('store_ln0') of constant 0 on local variable 'i' [13]  (0.427 ns)
	'load' operation 31 bit ('i_load', /home/mini/workspace/dfxisp_v2/include/checker.hpp:38->local/checker.cpp:36) on local variable 'i' [17]  (0.000 ns)
	'icmp' operation 1 bit ('icmp_ln38', /home/mini/workspace/dfxisp_v2/include/checker.hpp:38->local/checker.cpp:36) [20]  (1.016 ns)
	'store' operation 0 bit ('store_ln38', /home/mini/workspace/dfxisp_v2/include/checker.hpp:38->local/checker.cpp:36) of variable 'add_ln38', /home/mini/workspace/dfxisp_v2/include/checker.hpp:38->local/checker.cpp:36 on local variable 'i' [33]  (0.427 ns)

 <State 2>: 3.650ns
The critical path consists of the following:
	'getelementptr' operation 16 bit ('gmem0_addr', /home/mini/workspace/dfxisp_v2/include/checker.hpp:38->local/checker.cpp:36) [25]  (0.000 ns)
	bus read operation ('gmem0_addr_read', /home/mini/workspace/dfxisp_v2/include/checker.hpp:40->local/checker.cpp:36) on port 'gmem0' (/home/mini/workspace/dfxisp_v2/include/checker.hpp:40->local/checker.cpp:36) [29]  (3.650 ns)

 <State 3>: 1.892ns
The critical path consists of the following:
	'load' operation 32 bit ('dark_load', /home/mini/workspace/dfxisp_v2/include/checker.hpp:40->local/checker.cpp:36) on local variable 'dark', /home/mini/workspace/dfxisp_v2/include/checker.hpp:37->local/checker.cpp:36 [24]  (0.000 ns)
	'add' operation 32 bit ('add_ln40', /home/mini/workspace/dfxisp_v2/include/checker.hpp:40->local/checker.cpp:36) [31]  (1.016 ns)
	'select' operation 32 bit ('dark', /home/mini/workspace/dfxisp_v2/include/checker.hpp:40->local/checker.cpp:36) [32]  (0.449 ns)
	'store' operation 0 bit ('store_ln37', /home/mini/workspace/dfxisp_v2/include/checker.hpp:37->local/checker.cpp:36) of variable 'dark', /home/mini/workspace/dfxisp_v2/include/checker.hpp:40->local/checker.cpp:36 on local variable 'dark', /home/mini/workspace/dfxisp_v2/include/checker.hpp:37->local/checker.cpp:36 [34]  (0.427 ns)


============================================================
+ Verbose Summary: Binding
============================================================
N/A
* FSMD analyzer results:
  - Output states:
 - Input state : 
  - Chain level:
	State 1
	State 2
	State 3


============================================================
+ Verbose Summary: Datapath Resource usage 
============================================================
N/A
