

================================================================
== Vitis HLS Report for 'checker_scan'
================================================================
* Date:           Fri Aug  7 00:36:18 2026

* Version:        2024.1 (Build 5069499 on May 21 2024)
* Project:        checker_cosim
* Solution:       solution1 (Vivado IP Flow Target)
* Product family: zynquplus
* Target device:  xczu7ev-ffvc1156-2-e


================================================================
== Performance Estimates
================================================================
+ Timing: 
    * Summary: 
    +--------+---------+----------+------------+
    |  Clock |  Target | Estimated| Uncertainty|
    +--------+---------+----------+------------+
    |ap_clk  |  5.00 ns|  3.650 ns|     1.35 ns|
    +--------+---------+----------+------------+

+ Latency: 
    * Summary: 
    +---------+---------+----------+-----------+-----+---------+---------+
    |  Latency (cycles) |  Latency (absolute)  |    Interval   | Pipeline|
    |   min   |   max   |    min   |    max    | min |   max   |   Type  |
    +---------+---------+----------+-----------+-----+---------+---------+
    |        1|  2073616|  5.000 ns|  10.368 ms|    2|  2073617|       no|
    +---------+---------+----------+-----------+-----+---------+---------+

    + Detail: 
        * Instance: 
        N/A

        * Loop: 
        N/A

============================================================
+ Verbose Summary: Synthesis Manager
============================================================
InlineROM: 1
ExposeGlobal: 0
============================================================
+ Verbose Summary: CDFG Model
============================================================
IsTopModel: 1
ResetActiveHigh: 1
IsCombinational: 0
IsDatapathOnly: 0
HasWiredReturn: 1
HasMFsm: 0
HasVarLatency: 1
IsPipeline: 0
IsRtlPipelined: 0
IsInstanceOverlapped: 0
IsDontTouch: 0
HasImplIP: 0
IsGatedGlobalClock: 0


============================================================
+ Verbose Summary: Schedule
============================================================
* Number of FSM states : 14
* Pipeline : 0
* Dataflow Pipeline: 0

* FSM state transitions: 
1 --> 14 2 
2 --> 3 
3 --> 4 
4 --> 5 
5 --> 6 
6 --> 7 
7 --> 8 
8 --> 9 
9 --> 10 
10 --> 11 
11 --> 12 
12 --> 13 
13 --> 14 
14 --> 

* FSM state operations: 

State 1 <SV = 0> <Delay = 2.77>
ST_1 : Operation 15 [1/1] (1.00ns)   --->   "%exit_pct_read = read i32 @_ssdm_op_Read.s_axilite.i32, i32 %exit_pct"   --->   Operation 15 'read' 'exit_pct_read' <Predicate = true> <Delay = 1.00> <CoreInst = "s_axilite">   --->   Core 120 's_axilite' <Latency = 0> <II = 1> <Delay = 1.00> <Adapter> <Opcode : 'read' 'write'>
ST_1 : Operation 16 [1/1] (1.00ns)   --->   "%enter_pct_read = read i32 @_ssdm_op_Read.s_axilite.i32, i32 %enter_pct"   --->   Operation 16 'read' 'enter_pct_read' <Predicate = true> <Delay = 1.00> <CoreInst = "s_axilite">   --->   Core 120 's_axilite' <Latency = 0> <II = 1> <Delay = 1.00> <Adapter> <Opcode : 'read' 'write'>
ST_1 : Operation 17 [1/1] (1.00ns)   --->   "%verdict_pct_read = read i32 @_ssdm_op_Read.s_axilite.i32, i32 %verdict_pct"   --->   Operation 17 'read' 'verdict_pct_read' <Predicate = true> <Delay = 1.00> <CoreInst = "s_axilite">   --->   Core 120 's_axilite' <Latency = 0> <II = 1> <Delay = 1.00> <Adapter> <Opcode : 'read' 'write'>
ST_1 : Operation 18 [1/1] (1.00ns)   --->   "%dark_pixel_threshold_read = read i16 @_ssdm_op_Read.s_axilite.i16, i16 %dark_pixel_threshold"   --->   Operation 18 'read' 'dark_pixel_threshold_read' <Predicate = true> <Delay = 1.00> <CoreInst = "s_axilite">   --->   Core 120 's_axilite' <Latency = 0> <II = 1> <Delay = 1.00> <Adapter> <Opcode : 'read' 'write'>
ST_1 : Operation 19 [1/1] (1.00ns)   --->   "%mode_read = read i32 @_ssdm_op_Read.s_axilite.i32, i32 %mode"   --->   Operation 19 'read' 'mode_read' <Predicate = true> <Delay = 1.00> <CoreInst = "s_axilite">   --->   Core 120 's_axilite' <Latency = 0> <II = 1> <Delay = 1.00> <Adapter> <Opcode : 'read' 'write'>
ST_1 : Operation 20 [1/1] (1.00ns)   --->   "%height_read = read i32 @_ssdm_op_Read.s_axilite.i32, i32 %height"   --->   Operation 20 'read' 'height_read' <Predicate = true> <Delay = 1.00> <CoreInst = "s_axilite">   --->   Core 120 's_axilite' <Latency = 0> <II = 1> <Delay = 1.00> <Adapter> <Opcode : 'read' 'write'>
ST_1 : Operation 21 [1/1] (1.00ns)   --->   "%width_read = read i32 @_ssdm_op_Read.s_axilite.i32, i32 %width"   --->   Operation 21 'read' 'width_read' <Predicate = true> <Delay = 1.00> <CoreInst = "s_axilite">   --->   Core 120 's_axilite' <Latency = 0> <II = 1> <Delay = 1.00> <Adapter> <Opcode : 'read' 'write'>
ST_1 : Operation 22 [1/1] (1.00ns)   --->   "%raw_bayer_read = read i64 @_ssdm_op_Read.s_axilite.i64, i64 %raw_bayer"   --->   Operation 22 'read' 'raw_bayer_read' <Predicate = true> <Delay = 1.00> <CoreInst = "s_axilite">   --->   Core 120 's_axilite' <Latency = 0> <II = 1> <Delay = 1.00> <Adapter> <Opcode : 'read' 'write'>
ST_1 : Operation 23 [1/1] (0.00ns)   --->   "%dark_loc = alloca i64 1"   --->   Operation 23 'alloca' 'dark_loc' <Predicate = true> <Delay = 0.00>
ST_1 : Operation 24 [1/1] (0.00ns)   --->   "%spectopmodule_ln8 = spectopmodule void @_ssdm_op_SpecTopModule, void @empty_16" [local/checker.cpp:8]   --->   Operation 24 'spectopmodule' 'spectopmodule_ln8' <Predicate = true> <Delay = 0.00>
ST_1 : Operation 25 [1/1] (0.00ns)   --->   "%specinterface_ln0 = specinterface void @_ssdm_op_SpecInterface, i16 %gmem0, void @empty_8, i32 0, i32 0, void @empty_9, i32 0, i32 2048, void @empty, void @empty_0, void @empty_9, i32 16, i32 16, i32 16, i32 16, void @empty_9, void @empty_9, i32 4294967295, i32 0, i32 0"   --->   Operation 25 'specinterface' 'specinterface_ln0' <Predicate = true> <Delay = 0.00>
ST_1 : Operation 26 [1/1] (0.00ns)   --->   "%specbitsmap_ln0 = specbitsmap void @_ssdm_op_SpecBitsMap, i16 %gmem0"   --->   Operation 26 'specbitsmap' 'specbitsmap_ln0' <Predicate = true> <Delay = 0.00>
ST_1 : Operation 27 [1/1] (0.00ns)   --->   "%specinterface_ln0 = specinterface void @_ssdm_op_SpecInterface, i64 %raw_bayer, void @empty_1, i32 4294967295, i32 4294967295, void @empty_2, i32 0, i32 0, void @empty_4, void @empty_13, void @empty_9, i32 0, i32 0, i32 0, i32 0, void @empty_9, void @empty_5, i32 4294967295, i32 0, i32 0"   --->   Operation 27 'specinterface' 'specinterface_ln0' <Predicate = true> <Delay = 0.00>
ST_1 : Operation 28 [1/1] (0.00ns)   --->   "%specinterface_ln0 = specinterface void @_ssdm_op_SpecInterface, i64 %raw_bayer, void @empty_6, i32 4294967295, i32 4294967295, void @empty_9, i32 0, i32 0, void @empty_9, void @empty_9, void @empty_9, i32 0, i32 0, i32 0, i32 0, void @empty_9, void @empty_5, i32 4294967295, i32 0, i32 0"   --->   Operation 28 'specinterface' 'specinterface_ln0' <Predicate = true> <Delay = 0.00>
ST_1 : Operation 29 [1/1] (0.00ns)   --->   "%specbitsmap_ln0 = specbitsmap void @_ssdm_op_SpecBitsMap, i32 %width"   --->   Operation 29 'specbitsmap' 'specbitsmap_ln0' <Predicate = true> <Delay = 0.00>
ST_1 : Operation 30 [1/1] (0.00ns)   --->   "%specinterface_ln0 = specinterface void @_ssdm_op_SpecInterface, i32 %width, void @empty_1, i32 4294967295, i32 4294967295, void @empty_2, i32 0, i32 0, void @empty_4, void @empty_7, void @empty_9, i32 0, i32 0, i32 0, i32 0, void @empty_9, void @empty_9, i32 4294967295, i32 0, i32 0"   --->   Operation 30 'specinterface' 'specinterface_ln0' <Predicate = true> <Delay = 0.00>
ST_1 : Operation 31 [1/1] (0.00ns)   --->   "%specinterface_ln0 = specinterface void @_ssdm_op_SpecInterface, i32 %width, void @empty_6, i32 4294967295, i32 4294967295, void @empty_9, i32 0, i32 0, void @empty_9, void @empty_9, void @empty_9, i32 0, i32 0, i32 0, i32 0, void @empty_9, void @empty_9, i32 4294967295, i32 0, i32 0"   --->   Operation 31 'specinterface' 'specinterface_ln0' <Predicate = true> <Delay = 0.00>
ST_1 : Operation 32 [1/1] (0.00ns)   --->   "%specbitsmap_ln0 = specbitsmap void @_ssdm_op_SpecBitsMap, i32 %height"   --->   Operation 32 'specbitsmap' 'specbitsmap_ln0' <Predicate = true> <Delay = 0.00>
ST_1 : Operation 33 [1/1] (0.00ns)   --->   "%specinterface_ln0 = specinterface void @_ssdm_op_SpecInterface, i32 %height, void @empty_1, i32 4294967295, i32 4294967295, void @empty_2, i32 0, i32 0, void @empty_4, void @empty_18, void @empty_9, i32 0, i32 0, i32 0, i32 0, void @empty_9, void @empty_9, i32 4294967295, i32 0, i32 0"   --->   Operation 33 'specinterface' 'specinterface_ln0' <Predicate = true> <Delay = 0.00>
ST_1 : Operation 34 [1/1] (0.00ns)   --->   "%specinterface_ln0 = specinterface void @_ssdm_op_SpecInterface, i32 %height, void @empty_6, i32 4294967295, i32 4294967295, void @empty_9, i32 0, i32 0, void @empty_9, void @empty_9, void @empty_9, i32 0, i32 0, i32 0, i32 0, void @empty_9, void @empty_9, i32 4294967295, i32 0, i32 0"   --->   Operation 34 'specinterface' 'specinterface_ln0' <Predicate = true> <Delay = 0.00>
ST_1 : Operation 35 [1/1] (0.00ns)   --->   "%specbitsmap_ln0 = specbitsmap void @_ssdm_op_SpecBitsMap, i32 %mode"   --->   Operation 35 'specbitsmap' 'specbitsmap_ln0' <Predicate = true> <Delay = 0.00>
ST_1 : Operation 36 [1/1] (0.00ns)   --->   "%specinterface_ln0 = specinterface void @_ssdm_op_SpecInterface, i32 %mode, void @empty_1, i32 4294967295, i32 4294967295, void @empty_2, i32 0, i32 0, void @empty_4, void @empty_19, void @empty_9, i32 0, i32 0, i32 0, i32 0, void @empty_9, void @empty_9, i32 4294967295, i32 0, i32 0"   --->   Operation 36 'specinterface' 'specinterface_ln0' <Predicate = true> <Delay = 0.00>
ST_1 : Operation 37 [1/1] (0.00ns)   --->   "%specinterface_ln0 = specinterface void @_ssdm_op_SpecInterface, i32 %mode, void @empty_6, i32 4294967295, i32 4294967295, void @empty_9, i32 0, i32 0, void @empty_9, void @empty_9, void @empty_9, i32 0, i32 0, i32 0, i32 0, void @empty_9, void @empty_9, i32 4294967295, i32 0, i32 0"   --->   Operation 37 'specinterface' 'specinterface_ln0' <Predicate = true> <Delay = 0.00>
ST_1 : Operation 38 [1/1] (0.00ns)   --->   "%specbitsmap_ln0 = specbitsmap void @_ssdm_op_SpecBitsMap, i16 %dark_pixel_threshold"   --->   Operation 38 'specbitsmap' 'specbitsmap_ln0' <Predicate = true> <Delay = 0.00>
ST_1 : Operation 39 [1/1] (0.00ns)   --->   "%specinterface_ln0 = specinterface void @_ssdm_op_SpecInterface, i16 %dark_pixel_threshold, void @empty_1, i32 4294967295, i32 4294967295, void @empty_2, i32 0, i32 0, void @empty_4, void @empty_20, void @empty_9, i32 0, i32 0, i32 0, i32 0, void @empty_9, void @empty_9, i32 4294967295, i32 0, i32 0"   --->   Operation 39 'specinterface' 'specinterface_ln0' <Predicate = true> <Delay = 0.00>
ST_1 : Operation 40 [1/1] (0.00ns)   --->   "%specinterface_ln0 = specinterface void @_ssdm_op_SpecInterface, i16 %dark_pixel_threshold, void @empty_6, i32 4294967295, i32 4294967295, void @empty_9, i32 0, i32 0, void @empty_9, void @empty_9, void @empty_9, i32 0, i32 0, i32 0, i32 0, void @empty_9, void @empty_9, i32 4294967295, i32 0, i32 0"   --->   Operation 40 'specinterface' 'specinterface_ln0' <Predicate = true> <Delay = 0.00>
ST_1 : Operation 41 [1/1] (0.00ns)   --->   "%specbitsmap_ln0 = specbitsmap void @_ssdm_op_SpecBitsMap, i32 %verdict_pct"   --->   Operation 41 'specbitsmap' 'specbitsmap_ln0' <Predicate = true> <Delay = 0.00>
ST_1 : Operation 42 [1/1] (0.00ns)   --->   "%specinterface_ln0 = specinterface void @_ssdm_op_SpecInterface, i32 %verdict_pct, void @empty_1, i32 4294967295, i32 4294967295, void @empty_2, i32 0, i32 0, void @empty_4, void @empty_10, void @empty_9, i32 0, i32 0, i32 0, i32 0, void @empty_9, void @empty_9, i32 4294967295, i32 0, i32 0"   --->   Operation 42 'specinterface' 'specinterface_ln0' <Predicate = true> <Delay = 0.00>
ST_1 : Operation 43 [1/1] (0.00ns)   --->   "%specinterface_ln0 = specinterface void @_ssdm_op_SpecInterface, i32 %verdict_pct, void @empty_6, i32 4294967295, i32 4294967295, void @empty_9, i32 0, i32 0, void @empty_9, void @empty_9, void @empty_9, i32 0, i32 0, i32 0, i32 0, void @empty_9, void @empty_9, i32 4294967295, i32 0, i32 0"   --->   Operation 43 'specinterface' 'specinterface_ln0' <Predicate = true> <Delay = 0.00>
ST_1 : Operation 44 [1/1] (0.00ns)   --->   "%specbitsmap_ln0 = specbitsmap void @_ssdm_op_SpecBitsMap, i32 %enter_pct"   --->   Operation 44 'specbitsmap' 'specbitsmap_ln0' <Predicate = true> <Delay = 0.00>
ST_1 : Operation 45 [1/1] (0.00ns)   --->   "%specinterface_ln0 = specinterface void @_ssdm_op_SpecInterface, i32 %enter_pct, void @empty_1, i32 4294967295, i32 4294967295, void @empty_2, i32 0, i32 0, void @empty_4, void @empty_11, void @empty_9, i32 0, i32 0, i32 0, i32 0, void @empty_9, void @empty_9, i32 4294967295, i32 0, i32 0"   --->   Operation 45 'specinterface' 'specinterface_ln0' <Predicate = true> <Delay = 0.00>
ST_1 : Operation 46 [1/1] (0.00ns)   --->   "%specinterface_ln0 = specinterface void @_ssdm_op_SpecInterface, i32 %enter_pct, void @empty_6, i32 4294967295, i32 4294967295, void @empty_9, i32 0, i32 0, void @empty_9, void @empty_9, void @empty_9, i32 0, i32 0, i32 0, i32 0, void @empty_9, void @empty_9, i32 4294967295, i32 0, i32 0"   --->   Operation 46 'specinterface' 'specinterface_ln0' <Predicate = true> <Delay = 0.00>
ST_1 : Operation 47 [1/1] (0.00ns)   --->   "%specbitsmap_ln0 = specbitsmap void @_ssdm_op_SpecBitsMap, i32 %exit_pct"   --->   Operation 47 'specbitsmap' 'specbitsmap_ln0' <Predicate = true> <Delay = 0.00>
ST_1 : Operation 48 [1/1] (0.00ns)   --->   "%specinterface_ln0 = specinterface void @_ssdm_op_SpecInterface, i32 %exit_pct, void @empty_1, i32 4294967295, i32 4294967295, void @empty_2, i32 0, i32 0, void @empty_4, void @empty_12, void @empty_9, i32 0, i32 0, i32 0, i32 0, void @empty_9, void @empty_9, i32 4294967295, i32 0, i32 0"   --->   Operation 48 'specinterface' 'specinterface_ln0' <Predicate = true> <Delay = 0.00>
ST_1 : Operation 49 [1/1] (0.00ns)   --->   "%specinterface_ln0 = specinterface void @_ssdm_op_SpecInterface, i32 %exit_pct, void @empty_6, i32 4294967295, i32 4294967295, void @empty_9, i32 0, i32 0, void @empty_9, void @empty_9, void @empty_9, i32 0, i32 0, i32 0, i32 0, void @empty_9, void @empty_9, i32 4294967295, i32 0, i32 0"   --->   Operation 49 'specinterface' 'specinterface_ln0' <Predicate = true> <Delay = 0.00>
ST_1 : Operation 50 [1/1] (0.00ns)   --->   "%specbitsmap_ln0 = specbitsmap void @_ssdm_op_SpecBitsMap, i32 %selected_mode"   --->   Operation 50 'specbitsmap' 'specbitsmap_ln0' <Predicate = true> <Delay = 0.00>
ST_1 : Operation 51 [1/1] (0.00ns)   --->   "%specinterface_ln0 = specinterface void @_ssdm_op_SpecInterface, i32 %selected_mode, void @empty_1, i32 4294967295, i32 4294967295, void @empty_2, i32 0, i32 0, void @empty_4, void @empty_14, void @empty_9, i32 0, i32 0, i32 0, i32 0, void @empty_9, void @empty_9, i32 4294967295, i32 0, i32 0"   --->   Operation 51 'specinterface' 'specinterface_ln0' <Predicate = true> <Delay = 0.00>
ST_1 : Operation 52 [1/1] (0.00ns)   --->   "%specinterface_ln0 = specinterface void @_ssdm_op_SpecInterface, i32 %selected_mode, void @empty_6, i32 4294967295, i32 4294967295, void @empty_9, i32 0, i32 0, void @empty_9, void @empty_9, void @empty_9, i32 0, i32 0, i32 0, i32 0, void @empty_9, void @empty_9, i32 4294967295, i32 0, i32 0"   --->   Operation 52 'specinterface' 'specinterface_ln0' <Predicate = true> <Delay = 0.00>
ST_1 : Operation 53 [1/1] (0.00ns)   --->   "%specbitsmap_ln0 = specbitsmap void @_ssdm_op_SpecBitsMap, i32 %hyst_flags"   --->   Operation 53 'specbitsmap' 'specbitsmap_ln0' <Predicate = true> <Delay = 0.00>
ST_1 : Operation 54 [1/1] (0.00ns)   --->   "%specinterface_ln0 = specinterface void @_ssdm_op_SpecInterface, i32 %hyst_flags, void @empty_3, i32 4294967295, i32 4294967295, void @empty_9, i32 0, i32 0, void @empty_9, void @empty_9, void @empty_9, i32 0, i32 0, i32 0, i32 0, void @empty_9, void @empty_9, i32 4294967295, i32 0, i32 0"   --->   Operation 54 'specinterface' 'specinterface_ln0' <Predicate = true> <Delay = 0.00>
ST_1 : Operation 55 [1/1] (0.00ns)   --->   "%specbitsmap_ln0 = specbitsmap void @_ssdm_op_SpecBitsMap, i32 %dark_count"   --->   Operation 55 'specbitsmap' 'specbitsmap_ln0' <Predicate = true> <Delay = 0.00>
ST_1 : Operation 56 [1/1] (0.00ns)   --->   "%specinterface_ln0 = specinterface void @_ssdm_op_SpecInterface, i32 %dark_count, void @empty_1, i32 4294967295, i32 4294967295, void @empty_2, i32 0, i32 0, void @empty_4, void @empty_15, void @empty_9, i32 0, i32 0, i32 0, i32 0, void @empty_9, void @empty_9, i32 4294967295, i32 0, i32 0"   --->   Operation 56 'specinterface' 'specinterface_ln0' <Predicate = true> <Delay = 0.00>
ST_1 : Operation 57 [1/1] (0.00ns)   --->   "%specinterface_ln0 = specinterface void @_ssdm_op_SpecInterface, i32 %dark_count, void @empty_6, i32 4294967295, i32 4294967295, void @empty_9, i32 0, i32 0, void @empty_9, void @empty_9, void @empty_9, i32 0, i32 0, i32 0, i32 0, void @empty_9, void @empty_9, i32 4294967295, i32 0, i32 0"   --->   Operation 57 'specinterface' 'specinterface_ln0' <Predicate = true> <Delay = 0.00>
ST_1 : Operation 58 [1/1] (0.00ns)   --->   "%specinterface_ln0 = specinterface void @_ssdm_op_SpecInterface, i32 0, void @empty_1, i32 0, i32 0, void @empty_9, i32 0, i32 0, void @empty_4, void @empty_9, void @empty_9, i32 0, i32 0, i32 0, i32 0, void @empty_9, void @empty_9, i32 4294967295, i32 0, i32 0"   --->   Operation 58 'specinterface' 'specinterface_ln0' <Predicate = true> <Delay = 0.00>
ST_1 : Operation 59 [1/1] (1.01ns)   --->   "%icmp_ln29 = icmp_slt  i32 %width_read, i32 1" [local/checker.cpp:29]   --->   Operation 59 'icmp' 'icmp_ln29' <Predicate = true> <Delay = 1.01> <CoreInst = "Cmp">   --->   Core 9 'Cmp' <Latency = 0> <II = 1> <Delay = 1.01> <FuncUnit> <Opcode : 'seteq' 'setne' 'setle' 'setge' 'setlt' 'setgt'> <InPorts = 2> <OutPorts = 1>
ST_1 : Operation 60 [1/1] (1.01ns)   --->   "%icmp_ln29_1 = icmp_slt  i32 %height_read, i32 1" [local/checker.cpp:29]   --->   Operation 60 'icmp' 'icmp_ln29_1' <Predicate = true> <Delay = 1.01> <CoreInst = "Cmp">   --->   Core 9 'Cmp' <Latency = 0> <II = 1> <Delay = 1.01> <FuncUnit> <Opcode : 'seteq' 'setne' 'setle' 'setge' 'setlt' 'setgt'> <InPorts = 2> <OutPorts = 1>
ST_1 : Operation 61 [1/1] (0.28ns)   --->   "%or_ln29 = or i1 %icmp_ln29, i1 %icmp_ln29_1" [local/checker.cpp:29]   --->   Operation 61 'or' 'or_ln29' <Predicate = true> <Delay = 0.28> <CoreInst = "LogicGate">   --->   Core 74 'LogicGate' <Latency = 0> <II = 1> <Delay = 0.28> <FuncUnit> <Opcode : 'and' 'or' 'xor'> <InPorts = 2> <OutPorts = 1>
ST_1 : Operation 62 [1/1] (0.47ns)   --->   "%br_ln29 = br i1 %or_ln29, void %if.end11, void %return" [local/checker.cpp:29]   --->   Operation 62 'br' 'br_ln29' <Predicate = true> <Delay = 0.47>
ST_1 : Operation 63 [1/1] (0.82ns)   --->   "%switch_ln26 = switch i32 %mode_read, void %if.end3.i, i32 0, void %if.then.i, i32 1, void %return" [/home/mini/workspace/dfxisp_v2/include/checker.hpp:26->local/checker.cpp:36]   --->   Operation 63 'switch' 'switch_ln26' <Predicate = (!or_ln29)> <Delay = 0.82>
ST_1 : Operation 64 [1/1] (0.47ns)   --->   "%br_ln29 = br void %return" [/home/mini/workspace/dfxisp_v2/include/checker.hpp:29->local/checker.cpp:36]   --->   Operation 64 'br' 'br_ln29' <Predicate = (!or_ln29 & mode_read == 0)> <Delay = 0.47>
ST_1 : Operation 65 [1/1] (0.00ns)   --->   "%trunc_ln = partselect i63 @_ssdm_op_PartSelect.i63.i64.i32.i32, i64 %raw_bayer_read, i32 1, i32 63" [/home/mini/workspace/dfxisp_v2/include/checker.hpp:38->local/checker.cpp:36]   --->   Operation 65 'partselect' 'trunc_ln' <Predicate = (!or_ln29 & mode_read != 0 & mode_read != 1)> <Delay = 0.00>

State 2 <SV = 1> <Delay = 3.42>
ST_2 : Operation 66 [1/1] (3.42ns)   --->   "%n = mul i32 %height_read, i32 %width_read" [/home/mini/workspace/dfxisp_v2/include/checker.hpp:36->local/checker.cpp:36]   --->   Operation 66 'mul' 'n' <Predicate = true> <Delay = 3.42> <CoreInst = "Multiplier">   --->   Core 3 'Multiplier' <Latency = 0> <II = 1> <Delay = 3.42> <FuncUnit> <Opcode : 'mul'> <InPorts = 2> <OutPorts = 1>
ST_2 : Operation 67 [1/1] (0.00ns)   --->   "%trunc_ln38 = trunc i32 %n" [/home/mini/workspace/dfxisp_v2/include/checker.hpp:38->local/checker.cpp:36]   --->   Operation 67 'trunc' 'trunc_ln38' <Predicate = true> <Delay = 0.00>

State 3 <SV = 2> <Delay = 1.43>
ST_3 : Operation 68 [1/1] (1.01ns)   --->   "%icmp_ln38 = icmp_sgt  i32 %n, i32 0" [/home/mini/workspace/dfxisp_v2/include/checker.hpp:38->local/checker.cpp:36]   --->   Operation 68 'icmp' 'icmp_ln38' <Predicate = true> <Delay = 1.01> <CoreInst = "Cmp">   --->   Core 9 'Cmp' <Latency = 0> <II = 1> <Delay = 1.01> <FuncUnit> <Opcode : 'seteq' 'setne' 'setle' 'setge' 'setlt' 'setgt'> <InPorts = 2> <OutPorts = 1>
ST_3 : Operation 69 [1/1] (0.41ns)   --->   "%empty = select i1 %icmp_ln38, i31 %trunc_ln38, i31 0" [/home/mini/workspace/dfxisp_v2/include/checker.hpp:38->local/checker.cpp:36]   --->   Operation 69 'select' 'empty' <Predicate = true> <Delay = 0.41> <CoreInst = "Sel">   --->   Core 73 'Sel' <Latency = 0> <II = 1> <Delay = 0.41> <FuncUnit> <Opcode : 'select'> <InPorts = 3> <OutPorts = 1>

State 4 <SV = 3> <Delay = 3.65>
ST_4 : Operation 70 [1/1] (0.00ns)   --->   "%sext_ln38 = sext i63 %trunc_ln" [/home/mini/workspace/dfxisp_v2/include/checker.hpp:38->local/checker.cpp:36]   --->   Operation 70 'sext' 'sext_ln38' <Predicate = true> <Delay = 0.00>
ST_4 : Operation 71 [1/1] (0.00ns)   --->   "%gmem0_addr = getelementptr i16 %gmem0, i64 %sext_ln38" [/home/mini/workspace/dfxisp_v2/include/checker.hpp:38->local/checker.cpp:36]   --->   Operation 71 'getelementptr' 'gmem0_addr' <Predicate = true> <Delay = 0.00>
ST_4 : Operation 72 [1/1] (0.00ns)   --->   "%zext_ln38 = zext i31 %empty" [/home/mini/workspace/dfxisp_v2/include/checker.hpp:38->local/checker.cpp:36]   --->   Operation 72 'zext' 'zext_ln38' <Predicate = true> <Delay = 0.00>
ST_4 : Operation 73 [8/8] (3.65ns)   --->   "%empty_26 = readreq i1 @_ssdm_op_ReadReq.m_axi.p1i16, i16 %gmem0_addr, i64 %zext_ln38" [/home/mini/workspace/dfxisp_v2/include/checker.hpp:38->local/checker.cpp:36]   --->   Operation 73 'readreq' 'empty_26' <Predicate = true> <Delay = 3.65> <CoreInst = "m_axi">   --->   Core 119 'm_axi' <Latency = 0> <II = 1> <Delay = 1.00> <Adapter> <Opcode : 'read' 'write' 'readreq' 'writereq' 'writeresp'>

State 5 <SV = 4> <Delay = 3.65>
ST_5 : Operation 74 [7/8] (3.65ns)   --->   "%empty_26 = readreq i1 @_ssdm_op_ReadReq.m_axi.p1i16, i16 %gmem0_addr, i64 %zext_ln38" [/home/mini/workspace/dfxisp_v2/include/checker.hpp:38->local/checker.cpp:36]   --->   Operation 74 'readreq' 'empty_26' <Predicate = true> <Delay = 3.65> <CoreInst = "m_axi">   --->   Core 119 'm_axi' <Latency = 0> <II = 1> <Delay = 1.00> <Adapter> <Opcode : 'read' 'write' 'readreq' 'writereq' 'writeresp'>

State 6 <SV = 5> <Delay = 3.65>
ST_6 : Operation 75 [6/8] (3.65ns)   --->   "%empty_26 = readreq i1 @_ssdm_op_ReadReq.m_axi.p1i16, i16 %gmem0_addr, i64 %zext_ln38" [/home/mini/workspace/dfxisp_v2/include/checker.hpp:38->local/checker.cpp:36]   --->   Operation 75 'readreq' 'empty_26' <Predicate = true> <Delay = 3.65> <CoreInst = "m_axi">   --->   Core 119 'm_axi' <Latency = 0> <II = 1> <Delay = 1.00> <Adapter> <Opcode : 'read' 'write' 'readreq' 'writereq' 'writeresp'>

State 7 <SV = 6> <Delay = 3.65>
ST_7 : Operation 76 [5/8] (3.65ns)   --->   "%empty_26 = readreq i1 @_ssdm_op_ReadReq.m_axi.p1i16, i16 %gmem0_addr, i64 %zext_ln38" [/home/mini/workspace/dfxisp_v2/include/checker.hpp:38->local/checker.cpp:36]   --->   Operation 76 'readreq' 'empty_26' <Predicate = true> <Delay = 3.65> <CoreInst = "m_axi">   --->   Core 119 'm_axi' <Latency = 0> <II = 1> <Delay = 1.00> <Adapter> <Opcode : 'read' 'write' 'readreq' 'writereq' 'writeresp'>

State 8 <SV = 7> <Delay = 3.65>
ST_8 : Operation 77 [4/8] (3.65ns)   --->   "%empty_26 = readreq i1 @_ssdm_op_ReadReq.m_axi.p1i16, i16 %gmem0_addr, i64 %zext_ln38" [/home/mini/workspace/dfxisp_v2/include/checker.hpp:38->local/checker.cpp:36]   --->   Operation 77 'readreq' 'empty_26' <Predicate = true> <Delay = 3.65> <CoreInst = "m_axi">   --->   Core 119 'm_axi' <Latency = 0> <II = 1> <Delay = 1.00> <Adapter> <Opcode : 'read' 'write' 'readreq' 'writereq' 'writeresp'>

State 9 <SV = 8> <Delay = 3.65>
ST_9 : Operation 78 [3/8] (3.65ns)   --->   "%empty_26 = readreq i1 @_ssdm_op_ReadReq.m_axi.p1i16, i16 %gmem0_addr, i64 %zext_ln38" [/home/mini/workspace/dfxisp_v2/include/checker.hpp:38->local/checker.cpp:36]   --->   Operation 78 'readreq' 'empty_26' <Predicate = true> <Delay = 3.65> <CoreInst = "m_axi">   --->   Core 119 'm_axi' <Latency = 0> <II = 1> <Delay = 1.00> <Adapter> <Opcode : 'read' 'write' 'readreq' 'writereq' 'writeresp'>

State 10 <SV = 9> <Delay = 3.65>
ST_10 : Operation 79 [2/8] (3.65ns)   --->   "%empty_26 = readreq i1 @_ssdm_op_ReadReq.m_axi.p1i16, i16 %gmem0_addr, i64 %zext_ln38" [/home/mini/workspace/dfxisp_v2/include/checker.hpp:38->local/checker.cpp:36]   --->   Operation 79 'readreq' 'empty_26' <Predicate = true> <Delay = 3.65> <CoreInst = "m_axi">   --->   Core 119 'm_axi' <Latency = 0> <II = 1> <Delay = 1.00> <Adapter> <Opcode : 'read' 'write' 'readreq' 'writereq' 'writeresp'>

State 11 <SV = 10> <Delay = 3.65>
ST_11 : Operation 80 [1/8] (3.65ns)   --->   "%empty_26 = readreq i1 @_ssdm_op_ReadReq.m_axi.p1i16, i16 %gmem0_addr, i64 %zext_ln38" [/home/mini/workspace/dfxisp_v2/include/checker.hpp:38->local/checker.cpp:36]   --->   Operation 80 'readreq' 'empty_26' <Predicate = true> <Delay = 3.65> <CoreInst = "m_axi">   --->   Core 119 'm_axi' <Latency = 0> <II = 1> <Delay = 1.00> <Adapter> <Opcode : 'read' 'write' 'readreq' 'writereq' 'writeresp'>

State 12 <SV = 11> <Delay = 3.42>
ST_12 : Operation 81 [2/2] (1.44ns)   --->   "%call_ln36 = call void @checker_scan_Pipeline_VITIS_LOOP_38_1, i16 %gmem0, i32 %n, i63 %trunc_ln, i16 %dark_pixel_threshold_read, i32 %dark_loc" [/home/mini/workspace/dfxisp_v2/include/checker.hpp:36->local/checker.cpp:36]   --->   Operation 81 'call' 'call_ln36' <Predicate = true> <Delay = 1.44> <CoreType = "Generic">   --->   Core 0 '' <Latency = 0> <II = 1> <Delay = 1.00> <Generic> <Opcode : >
ST_12 : Operation 82 [1/1] (3.42ns)   --->   "%mul_ln44 = mul i32 %n, i32 %enter_pct_read" [/home/mini/workspace/dfxisp_v2/include/checker.hpp:44->local/checker.cpp:36]   --->   Operation 82 'mul' 'mul_ln44' <Predicate = true> <Delay = 3.42> <CoreInst = "Multiplier">   --->   Core 3 'Multiplier' <Latency = 0> <II = 1> <Delay = 3.42> <FuncUnit> <Opcode : 'mul'> <InPorts = 2> <OutPorts = 1>
ST_12 : Operation 83 [1/1] (3.42ns)   --->   "%mul_ln45 = mul i32 %n, i32 %exit_pct_read" [/home/mini/workspace/dfxisp_v2/include/checker.hpp:45->local/checker.cpp:36]   --->   Operation 83 'mul' 'mul_ln45' <Predicate = true> <Delay = 3.42> <CoreInst = "Multiplier">   --->   Core 3 'Multiplier' <Latency = 0> <II = 1> <Delay = 3.42> <FuncUnit> <Opcode : 'mul'> <InPorts = 2> <OutPorts = 1>
ST_12 : Operation 84 [1/1] (3.42ns)   --->   "%mul_ln51 = mul i32 %n, i32 %verdict_pct_read" [/home/mini/workspace/dfxisp_v2/include/checker.hpp:51->local/checker.cpp:36]   --->   Operation 84 'mul' 'mul_ln51' <Predicate = true> <Delay = 3.42> <CoreInst = "Multiplier">   --->   Core 3 'Multiplier' <Latency = 0> <II = 1> <Delay = 3.42> <FuncUnit> <Opcode : 'mul'> <InPorts = 2> <OutPorts = 1>

State 13 <SV = 12> <Delay = 0.00>
ST_13 : Operation 85 [1/2] (0.00ns)   --->   "%call_ln36 = call void @checker_scan_Pipeline_VITIS_LOOP_38_1, i16 %gmem0, i32 %n, i63 %trunc_ln, i16 %dark_pixel_threshold_read, i32 %dark_loc" [/home/mini/workspace/dfxisp_v2/include/checker.hpp:36->local/checker.cpp:36]   --->   Operation 85 'call' 'call_ln36' <Predicate = true> <Delay = 0.00> <CoreType = "Generic">   --->   Core 0 '' <Latency = 0> <II = 1> <Delay = 1.00> <Generic> <Opcode : >

State 14 <SV = 13> <Delay = 3.22>
ST_14 : Operation 86 [1/1] (0.00ns)   --->   "%dark_loc_load = load i32 %dark_loc"   --->   Operation 86 'load' 'dark_loc_load' <Predicate = (!or_ln29 & mode_read != 0 & mode_read != 1)> <Delay = 0.00>
ST_14 : Operation 87 [1/1] (0.00ns)   --->   "%shl_ln42 = shl i32 %dark_loc_load, i32 7" [/home/mini/workspace/dfxisp_v2/include/checker.hpp:42->local/checker.cpp:36]   --->   Operation 87 'shl' 'shl_ln42' <Predicate = (!or_ln29 & mode_read != 0 & mode_read != 1)> <Delay = 0.00>
ST_14 : Operation 88 [1/1] (0.00ns)   --->   "%shl_ln42_1 = shl i32 %dark_loc_load, i32 5" [/home/mini/workspace/dfxisp_v2/include/checker.hpp:42->local/checker.cpp:36]   --->   Operation 88 'shl' 'shl_ln42_1' <Predicate = (!or_ln29 & mode_read != 0 & mode_read != 1)> <Delay = 0.00>
ST_14 : Operation 89 [1/1] (0.00ns) (grouped into TernaryAdder)   --->   "%sub_ln42 = sub i32 %shl_ln42, i32 %shl_ln42_1" [/home/mini/workspace/dfxisp_v2/include/checker.hpp:42->local/checker.cpp:36]   --->   Operation 89 'sub' 'sub_ln42' <Predicate = (!or_ln29 & mode_read != 0 & mode_read != 1)> <Delay = 0.00> <CoreInst = "TAddSub">   --->   Core 10 'TAddSub' <Latency = 0> <II = 1> <Delay = 0.36> <IPBlock> <Opcode : '' 'add' 'sub'> <InPorts = 3> <OutPorts = 1> <Sync> <CReg>
ST_14 : Operation 90 [1/1] (0.00ns)   --->   "%shl_ln42_2 = shl i32 %dark_loc_load, i32 2" [/home/mini/workspace/dfxisp_v2/include/checker.hpp:42->local/checker.cpp:36]   --->   Operation 90 'shl' 'shl_ln42_2' <Predicate = (!or_ln29 & mode_read != 0 & mode_read != 1)> <Delay = 0.00>
ST_14 : Operation 91 [1/1] (0.73ns) (root node of TernaryAdder)   --->   "%dark_pct100 = add i32 %sub_ln42, i32 %shl_ln42_2" [/home/mini/workspace/dfxisp_v2/include/checker.hpp:42->local/checker.cpp:36]   --->   Operation 91 'add' 'dark_pct100' <Predicate = (!or_ln29 & mode_read != 0 & mode_read != 1)> <Delay = 0.73> <CoreInst = "TAddSub">   --->   Core 10 'TAddSub' <Latency = 0> <II = 1> <Delay = 0.36> <IPBlock> <Opcode : '' 'add' 'sub'> <InPorts = 3> <OutPorts = 1> <Sync> <CReg>
ST_14 : Operation 92 [1/1] (1.01ns)   --->   "%above_enter = icmp_sgt  i32 %dark_pct100, i32 %mul_ln44" [/home/mini/workspace/dfxisp_v2/include/checker.hpp:44->local/checker.cpp:36]   --->   Operation 92 'icmp' 'above_enter' <Predicate = (!or_ln29 & mode_read != 0 & mode_read != 1)> <Delay = 1.01> <CoreInst = "Cmp">   --->   Core 9 'Cmp' <Latency = 0> <II = 1> <Delay = 1.01> <FuncUnit> <Opcode : 'seteq' 'setne' 'setle' 'setge' 'setlt' 'setgt'> <InPorts = 2> <OutPorts = 1>
ST_14 : Operation 93 [1/1] (1.01ns)   --->   "%below_exit = icmp_slt  i32 %dark_pct100, i32 %mul_ln45" [/home/mini/workspace/dfxisp_v2/include/checker.hpp:45->local/checker.cpp:36]   --->   Operation 93 'icmp' 'below_exit' <Predicate = (!or_ln29 & mode_read != 0 & mode_read != 1)> <Delay = 1.01> <CoreInst = "Cmp">   --->   Core 9 'Cmp' <Latency = 0> <II = 1> <Delay = 1.01> <FuncUnit> <Opcode : 'seteq' 'setne' 'setle' 'setge' 'setlt' 'setgt'> <InPorts = 2> <OutPorts = 1>
ST_14 : Operation 94 [1/1] (0.00ns)   --->   "%flags = bitconcatenate i2 @_ssdm_op_BitConcatenate.i2.i1.i1, i1 %below_exit, i1 %above_enter" [/home/mini/workspace/dfxisp_v2/include/checker.hpp:46->local/checker.cpp:36]   --->   Operation 94 'bitconcatenate' 'flags' <Predicate = (!or_ln29 & mode_read != 0 & mode_read != 1)> <Delay = 0.00>
ST_14 : Operation 95 [1/1] (1.01ns)   --->   "%icmp_ln51 = icmp_sgt  i32 %dark_pct100, i32 %mul_ln51" [/home/mini/workspace/dfxisp_v2/include/checker.hpp:51->local/checker.cpp:36]   --->   Operation 95 'icmp' 'icmp_ln51' <Predicate = (!or_ln29 & mode_read != 0 & mode_read != 1)> <Delay = 1.01> <CoreInst = "Cmp">   --->   Core 9 'Cmp' <Latency = 0> <II = 1> <Delay = 1.01> <FuncUnit> <Opcode : 'seteq' 'setne' 'setle' 'setge' 'setlt' 'setgt'> <InPorts = 2> <OutPorts = 1>
ST_14 : Operation 96 [1/1] (0.00ns)   --->   "%zext_ln51 = zext i1 %icmp_ln51" [/home/mini/workspace/dfxisp_v2/include/checker.hpp:51->local/checker.cpp:36]   --->   Operation 96 'zext' 'zext_ln51' <Predicate = (!or_ln29 & mode_read != 0 & mode_read != 1)> <Delay = 0.00>
ST_14 : Operation 97 [1/1] (0.47ns)   --->   "%br_ln0 = br void %return"   --->   Operation 97 'br' 'br_ln0' <Predicate = (!or_ln29 & mode_read != 0 & mode_read != 1)> <Delay = 0.47>
ST_14 : Operation 98 [1/1] (0.00ns)   --->   "%storemerge2 = phi i32 %zext_ln51, void %if.end3.i, i32 0, void %if.then.i, i32 0, void %entry, i32 1, void %if.end11" [/home/mini/workspace/dfxisp_v2/include/checker.hpp:51->local/checker.cpp:36]   --->   Operation 98 'phi' 'storemerge2' <Predicate = true> <Delay = 0.00>
ST_14 : Operation 99 [1/1] (0.00ns)   --->   "%storemerge1 = phi i2 %flags, void %if.end3.i, i2 2, void %if.then.i, i2 2, void %entry, i2 1, void %if.end11"   --->   Operation 99 'phi' 'storemerge1' <Predicate = true> <Delay = 0.00>
ST_14 : Operation 100 [1/1] (0.00ns)   --->   "%storemerge = phi i32 %dark_loc_load, void %if.end3.i, i32 0, void %if.then.i, i32 0, void %entry, i32 0, void %if.end11"   --->   Operation 100 'phi' 'storemerge' <Predicate = true> <Delay = 0.00>
ST_14 : Operation 101 [1/1] (0.00ns)   --->   "%zext_ln30 = zext i2 %storemerge1" [local/checker.cpp:30]   --->   Operation 101 'zext' 'zext_ln30' <Predicate = true> <Delay = 0.00>
ST_14 : Operation 102 [1/1] (1.00ns)   --->   "%write_ln30 = write void @_ssdm_op_Write.s_axilite.i32P0A, i32 %selected_mode, i32 %storemerge2" [local/checker.cpp:30]   --->   Operation 102 'write' 'write_ln30' <Predicate = true> <Delay = 1.00> <CoreInst = "s_axilite">   --->   Core 120 's_axilite' <Latency = 0> <II = 1> <Delay = 1.00> <Adapter> <Opcode : 'read' 'write'>
ST_14 : Operation 103 [1/1] (0.00ns)   --->   "%write_ln40 = write void @_ssdm_op_Write.ap_vld.i32P0A, i32 %hyst_flags, i32 %zext_ln30" [local/checker.cpp:40]   --->   Operation 103 'write' 'write_ln40' <Predicate = true> <Delay = 0.00>
ST_14 : Operation 104 [1/1] (1.00ns)   --->   "%write_ln32 = write void @_ssdm_op_Write.s_axilite.i32P0A, i32 %dark_count, i32 %storemerge" [local/checker.cpp:32]   --->   Operation 104 'write' 'write_ln32' <Predicate = true> <Delay = 1.00> <CoreInst = "s_axilite">   --->   Core 120 's_axilite' <Latency = 0> <II = 1> <Delay = 1.00> <Adapter> <Opcode : 'read' 'write'>
ST_14 : Operation 105 [1/1] (0.00ns)   --->   "%ret_ln42 = ret" [local/checker.cpp:42]   --->   Operation 105 'ret' 'ret_ln42' <Predicate = true> <Delay = 0.00>


============================================================
+ Verbose Summary: Timing violations
============================================================
Target clock period: 5.000ns, clock uncertainty: 1.350ns.

 <State 1>: 2.779ns
The critical path consists of the following:
	s_axi read operation ('height_read') on port 'height' [18]  (1.000 ns)
	'icmp' operation 1 bit ('icmp_ln29_1', local/checker.cpp:29) [58]  (1.016 ns)
	'or' operation 1 bit ('or_ln29', local/checker.cpp:29) [59]  (0.287 ns)
	multiplexor before 'phi' operation 32 bit ('storemerge2', /home/mini/workspace/dfxisp_v2/include/checker.hpp:51->local/checker.cpp:36) with incoming values : ('zext_ln51', /home/mini/workspace/dfxisp_v2/include/checker.hpp:51->local/checker.cpp:36) [92]  (0.476 ns)

 <State 2>: 3.420ns
The critical path consists of the following:
	'mul' operation 32 bit ('n', /home/mini/workspace/dfxisp_v2/include/checker.hpp:36->local/checker.cpp:36) [66]  (3.420 ns)

 <State 3>: 1.434ns
The critical path consists of the following:
	'icmp' operation 1 bit ('icmp_ln38', /home/mini/workspace/dfxisp_v2/include/checker.hpp:38->local/checker.cpp:36) [67]  (1.016 ns)
	'select' operation 31 bit ('empty', /home/mini/workspace/dfxisp_v2/include/checker.hpp:38->local/checker.cpp:36) [72]  (0.418 ns)

 <State 4>: 3.650ns
The critical path consists of the following:
	'getelementptr' operation 16 bit ('gmem0_addr', /home/mini/workspace/dfxisp_v2/include/checker.hpp:38->local/checker.cpp:36) [71]  (0.000 ns)
	bus request operation ('empty_26', /home/mini/workspace/dfxisp_v2/include/checker.hpp:38->local/checker.cpp:36) on port 'gmem0' (/home/mini/workspace/dfxisp_v2/include/checker.hpp:38->local/checker.cpp:36) [74]  (3.650 ns)

 <State 5>: 3.650ns
The critical path consists of the following:
	bus request operation ('empty_26', /home/mini/workspace/dfxisp_v2/include/checker.hpp:38->local/checker.cpp:36) on port 'gmem0' (/home/mini/workspace/dfxisp_v2/include/checker.hpp:38->local/checker.cpp:36) [74]  (3.650 ns)

 <State 6>: 3.650ns
The critical path consists of the following:
	bus request operation ('empty_26', /home/mini/workspace/dfxisp_v2/include/checker.hpp:38->local/checker.cpp:36) on port 'gmem0' (/home/mini/workspace/dfxisp_v2/include/checker.hpp:38->local/checker.cpp:36) [74]  (3.650 ns)

 <State 7>: 3.650ns
The critical path consists of the following:
	bus request operation ('empty_26', /home/mini/workspace/dfxisp_v2/include/checker.hpp:38->local/checker.cpp:36) on port 'gmem0' (/home/mini/workspace/dfxisp_v2/include/checker.hpp:38->local/checker.cpp:36) [74]  (3.650 ns)

 <State 8>: 3.650ns
The critical path consists of the following:
	bus request operation ('empty_26', /home/mini/workspace/dfxisp_v2/include/checker.hpp:38->local/checker.cpp:36) on port 'gmem0' (/home/mini/workspace/dfxisp_v2/include/checker.hpp:38->local/checker.cpp:36) [74]  (3.650 ns)

 <State 9>: 3.650ns
The critical path consists of the following:
	bus request operation ('empty_26', /home/mini/workspace/dfxisp_v2/include/checker.hpp:38->local/checker.cpp:36) on port 'gmem0' (/home/mini/workspace/dfxisp_v2/include/checker.hpp:38->local/checker.cpp:36) [74]  (3.650 ns)

 <State 10>: 3.650ns
The critical path consists of the following:
	bus request operation ('empty_26', /home/mini/workspace/dfxisp_v2/include/checker.hpp:38->local/checker.cpp:36) on port 'gmem0' (/home/mini/workspace/dfxisp_v2/include/checker.hpp:38->local/checker.cpp:36) [74]  (3.650 ns)

 <State 11>: 3.650ns
The critical path consists of the following:
	bus request operation ('empty_26', /home/mini/workspace/dfxisp_v2/include/checker.hpp:38->local/checker.cpp:36) on port 'gmem0' (/home/mini/workspace/dfxisp_v2/include/checker.hpp:38->local/checker.cpp:36) [74]  (3.650 ns)

 <State 12>: 3.420ns
The critical path consists of the following:
	'mul' operation 32 bit ('mul_ln44', /home/mini/workspace/dfxisp_v2/include/checker.hpp:44->local/checker.cpp:36) [82]  (3.420 ns)

 <State 13>: 0.000ns
The critical path consists of the following:

 <State 14>: 3.223ns
The critical path consists of the following:
	'load' operation 32 bit ('dark_loc_load') on local variable 'dark_loc' [76]  (0.000 ns)
	'shl' operation 32 bit ('shl_ln42_2', /home/mini/workspace/dfxisp_v2/include/checker.hpp:42->local/checker.cpp:36) [80]  (0.000 ns)
	'add' operation 32 bit ('dark_pct100', /home/mini/workspace/dfxisp_v2/include/checker.hpp:42->local/checker.cpp:36) [81]  (0.731 ns)
	'icmp' operation 1 bit ('icmp_ln51', /home/mini/workspace/dfxisp_v2/include/checker.hpp:51->local/checker.cpp:36) [88]  (1.016 ns)
	multiplexor before 'phi' operation 32 bit ('storemerge2', /home/mini/workspace/dfxisp_v2/include/checker.hpp:51->local/checker.cpp:36) with incoming values : ('zext_ln51', /home/mini/workspace/dfxisp_v2/include/checker.hpp:51->local/checker.cpp:36) [92]  (0.476 ns)
	'phi' operation 32 bit ('storemerge2', /home/mini/workspace/dfxisp_v2/include/checker.hpp:51->local/checker.cpp:36) with incoming values : ('zext_ln51', /home/mini/workspace/dfxisp_v2/include/checker.hpp:51->local/checker.cpp:36) [92]  (0.000 ns)
	s_axi write operation ('write_ln30', local/checker.cpp:30) on port 'selected_mode' (local/checker.cpp:30) [96]  (1.000 ns)


============================================================
+ Verbose Summary: Binding
============================================================
N/A
* FSMD analyzer results:
  - Output states:
 - Input state : 
  - Chain level:
	State 1
	State 2
	State 3
	State 4
	State 5
	State 6
	State 7
	State 8
	State 9
	State 10
	State 11
	State 12
	State 13
	State 14


============================================================
+ Verbose Summary: Datapath Resource usage 
============================================================
N/A
