
****** Vitis HLS - High-Level Synthesis from C, C++ and OpenCL v2024.1 (64-bit)
  **** SW Build 5069499 on May 21 2024
  **** IP Build 5075265 on Wed May 22 21:45:21 MDT 2024
  **** SharedData Build 5076995 on Wed May 22 18:29:18 MDT 2024
  **** Start of session at: Mon Jul 20 20:48:57 2026
    ** Copyright 1986-2022 Xilinx, Inc. All Rights Reserved.
    ** Copyright 2022-2024 Advanced Micro Devices, Inc. All Rights Reserved.

source /tools/Xilinx/Vitis_HLS/2024.1/scripts/vitis_hls/hls.tcl -notrace
INFO: [HLS 200-10] For user 'mini' on host 'DESKTOP-9MHPU7S.localdomain' (Linux_x86_64 version 6.18.33.2-microsoft-standard-WSL2) on Mon Jul 20 20:49:00 KST 2026
INFO: [HLS 200-10] On os Ubuntu 22.04.5 LTS
INFO: [HLS 200-10] In directory '/home/mini/workspace/dfxisp/isppipeline/hls'
WARNING: [HLS 200-2053] The vitis_hls executable is deprecated. Consider using vitis-run --mode hls --tcl
Sourcing Tcl script 'scripts/vitis_hls.tcl'
DFXISP Vitis HLS scaffold
  top     : dfxisp_accel
  src     : src/dfxisp_accel.cpp
  project : /home/mini/workspace/dfxisp/isppipeline/hls/build/vitis_hls/dfxisp_accel
  part    : xczu7ev-ffvc1156-2-e / clock 5.0 ns / flow cosim
INFO: [HLS 200-1510] Running: open_project -reset /home/mini/workspace/dfxisp/isppipeline/hls/build/vitis_hls/dfxisp_accel 
INFO: [HLS 200-10] Creating and opening project '/home/mini/workspace/dfxisp/isppipeline/hls/build/vitis_hls/dfxisp_accel'.
INFO: [HLS 200-1510] Running: set_top dfxisp_accel 
INFO: [HLS 200-1510] Running: add_files src/dfxisp_accel.cpp -cflags -std=c++17 -Iinclude 
INFO: [HLS 200-10] Adding design file 'src/dfxisp_accel.cpp' to the project
INFO: [HLS 200-1510] Running: add_files -tb tests/test_dfxisp_csim.cpp -cflags -std=c++17 -Iinclude 
INFO: [HLS 200-10] Adding test bench file 'tests/test_dfxisp_csim.cpp' to the project
INFO: [HLS 200-1510] Running: open_solution -reset solution1 
INFO: [HLS 200-10] Creating and opening solution '/home/mini/workspace/dfxisp/isppipeline/hls/build/vitis_hls/dfxisp_accel/solution1'.
INFO: [HLS 200-10] Cleaning up the solution database.
INFO: [HLS 200-1505] Using default flow_target 'vivado'
Resolution: For help on HLS 200-1505 see docs.xilinx.com/access/sources/dita/topic?Doc_Version=2024.1%20English&url=ug1448-hls-guidance&resourceid=200-1505.html
INFO: [HLS 200-1510] Running: set_part xczu7ev-ffvc1156-2-e 
INFO: [HLS 200-1611] Setting target device to 'xczu7ev-ffvc1156-2-e'
INFO: [HLS 200-1510] Running: create_clock -period 5.0 -name default 
INFO: [SYN 201-201] Setting up clock 'default' with a period of 5ns.
INFO: [HLS 200-1510] Running: csim_design 
INFO: [SIM 211-2] *************** CSIM start ***************
INFO: [SIM 211-4] CSIM will launch CLANG as the compiler.
INFO: [HLS 200-2036] Building debug C Simulation binaries
make[1]: Entering directory '/home/mini/workspace/dfxisp/isppipeline/hls/build/vitis_hls/dfxisp_accel/solution1/csim/build'
   Compiling ../../../../../../tests/test_dfxisp_csim.cpp in debug mode
   Generating csim.exe
make[1]: Leaving directory '/home/mini/workspace/dfxisp/isppipeline/hls/build/vitis_hls/dfxisp_accel/solution1/csim/build'
ld.lld: error: undefined symbol: dfxisp_accel
>>> referenced by test_dfxisp_csim.cpp:114 (../../../../../../tests/test_dfxisp_csim.cpp:114)
>>>               obj/test_dfxisp_csim.o:(main)
>>> referenced by test_dfxisp_csim.cpp:123 (../../../../../../tests/test_dfxisp_csim.cpp:123)
>>>               obj/test_dfxisp_csim.o:(main)
>>> referenced by test_dfxisp_csim.cpp:138 (../../../../../../tests/test_dfxisp_csim.cpp:138)
>>>               obj/test_dfxisp_csim.o:(main)
>>> referenced 8 more times
clang-14: error: linker command failed with exit code 1 (use -v to see invocation)
make[1]: *** [Makefile.rules:350: csim.exe] Error 1
ERROR: [SIM 211-100] 'csim_design' failed: compilation error(s).
INFO: [SIM 211-3] *************** CSIM finish ***************
INFO: [HLS 200-2161] Finished Command csim_design Elapsed time: 00:00:04; Allocated memory: 0.148 MB.
4
    while executing
"source scripts/vitis_hls.tcl"
    ("uplevel" body line 1)
    invoked from within
"uplevel \#0 [list source $tclfile] "

INFO: [HLS 200-112] Total CPU user time: 3.16 seconds. Total CPU system time: 0.96 seconds. Total elapsed time: 11.38 seconds; peak allocated memory: 279.363 MB.
