

================================================================
== Synthesis Summary Report of 'LowlightISP'
================================================================
+ General Information: 
    * Date:           Thu Sep  3 23:41:27 2026
    * Version:        2024.1 (Build 5069499 on May 21 2024)
    * Project:        LowlightISP
    * Solution:       hls (Vivado IP Flow Target)
    * Product family: zynquplus
    * Target device:  xczu7ev-ffvc1156-2-e
    

+ Performance & Resource Estimates: 
    
    PS: '+' for module; 'o' for loop; '*' for dataflow
    +---------------------------------------------------------------------------------------+------+------+---------+-----------+----------+---------+--------+----------+---------+----------+------------+-----------+-----+
    |                                        Modules                                        | Issue|      | Latency |  Latency  | Iteration|         |  Trip  |          |         |          |            |           |     |
    |                                        & Loops                                        | Type | Slack| (cycles)|    (ns)   |  Latency | Interval|  Count | Pipelined|  BRAM   |    DSP   |     FF     |    LUT    | URAM|
    +---------------------------------------------------------------------------------------+------+------+---------+-----------+----------+---------+--------+----------+---------+----------+------------+-----------+-----+
    |+ LowlightISP                                                                          |     -|  0.00|  8294434|  3.318e+07|         -|  8294435|       -|        no|  4 (~0%)|  14 (~0%)|   4919 (1%)|  7041 (3%)|    -|
    | + p_anonymous_namespace_run_lowlight_isp                                              |     -|  0.00|  8294432|  3.318e+07|         -|  8294432|       -|        no|  1 (~0%)|  14 (~0%)|  2971 (~0%)|  4947 (2%)|    -|
    |  + p_anonymous_namespace_run_lowlight_isp_Pipeline_VITIS_LOOP_129_1_VITIS_LOOP_131_2  |     -|  0.00|  8294422|  3.318e+07|         -|  8294422|       -|        no|  1 (~0%)|  10 (~0%)|  2405 (~0%)|  4210 (1%)|    -|
    |   o VITIS_LOOP_129_1_VITIS_LOOP_131_2                                                 |    II|  2.92|  8294420|  3.318e+07|        37|       16|  518400|       yes|        -|         -|           -|          -|    -|
    +---------------------------------------------------------------------------------------+------+------+---------+-----------+----------+---------+--------+----------+---------+----------+------------+-----------+-----+


================================================================
== HW Interfaces
================================================================
* M_AXI
+-------------+------------+------------+---------------+---------+--------+----------+-----------+--------------+--------------+-------------+-------------+-------------------+
| Interface   | Read/Write | Data Width | Address Width | Latency | Offset | Register | Max Widen | Max Read     | Max Write    | Num Read    | Num Write   | Resource Estimate |
|             |            | (SW->HW)   |               |         |        |          | Bitwidth  | Burst Length | Burst Length | Outstanding | Outstanding |                   |
+-------------+------------+------------+---------------+---------+--------+----------+-----------+--------------+--------------+-------------+-------------+-------------------+
| m_axi_gmem0 | READ_ONLY  | 16 -> 16   | 64            | 0       | slave  | 0        | 0         | 16           | 16           | 16          | 16          | BRAM=1            |
| m_axi_gmem1 | WRITE_ONLY | 32 -> 32   | 64            | 0       | slave  | 0        | 0         | 16           | 16           | 16          | 16          | BRAM=2            |
+-------------+------------+------------+---------------+---------+--------+----------+-----------+--------------+--------------+-------------+-------------+-------------------+

* S_AXILITE Interfaces
+---------------+------------+---------------+--------+----------+
| Interface     | Data Width | Address Width | Offset | Register |
+---------------+------------+---------------+--------+----------+
| s_axi_control | 32         | 7             | 16     | 0        |
+---------------+------------+---------------+--------+----------+

* S_AXILITE Registers
+---------------+-----------------+--------+-------+--------+----------------------------------+----------------------------------------------------------------------+
| Interface     | Register        | Offset | Width | Access | Description                      | Bit Fields                                                           |
+---------------+-----------------+--------+-------+--------+----------------------------------+----------------------------------------------------------------------+
| s_axi_control | CTRL            | 0x00   | 32    | RW     | Control signals                  | 0=AP_START 1=AP_DONE 2=AP_IDLE 3=AP_READY 7=AUTO_RESTART 9=INTERRUPT |
| s_axi_control | GIER            | 0x04   | 32    | RW     | Global Interrupt Enable Register | 0=Enable                                                             |
| s_axi_control | IP_IER          | 0x08   | 32    | RW     | IP Interrupt Enable Register     | 0=CHAN0_INT_EN 1=CHAN1_INT_EN                                        |
| s_axi_control | IP_ISR          | 0x0c   | 32    | RW     | IP Interrupt Status Register     | 0=CHAN0_INT_ST 1=CHAN1_INT_ST                                        |
| s_axi_control | raw_bayer_1     | 0x10   | 32    | W      | Data signal of raw_bayer         |                                                                      |
| s_axi_control | raw_bayer_2     | 0x14   | 32    | W      | Data signal of raw_bayer         |                                                                      |
| s_axi_control | rgb_out_1       | 0x1c   | 32    | W      | Data signal of rgb_out           |                                                                      |
| s_axi_control | rgb_out_2       | 0x20   | 32    | W      | Data signal of rgb_out           |                                                                      |
| s_axi_control | width           | 0x28   | 32    | W      | Data signal of width             |                                                                      |
| s_axi_control | height          | 0x30   | 32    | W      | Data signal of height            |                                                                      |
| s_axi_control | out_width       | 0x38   | 32    | R      | Data signal of out_width         |                                                                      |
| s_axi_control | out_width_ctrl  | 0x3c   | 32    | R      | Control signal of out_width      | 0=out_width_ap_vld                                                   |
| s_axi_control | out_height      | 0x48   | 32    | R      | Data signal of out_height        |                                                                      |
| s_axi_control | out_height_ctrl | 0x4c   | 32    | R      | Control signal of out_height     | 0=out_height_ap_vld                                                  |
+---------------+-----------------+--------+-------+--------+----------------------------------+----------------------------------------------------------------------+

* TOP LEVEL CONTROL
+-----------+------------+-----------+
| Interface | Type       | Ports     |
+-----------+------------+-----------+
| ap_clk    | clock      | ap_clk    |
| ap_rst_n  | reset      | ap_rst_n  |
| interrupt | interrupt  | interrupt |
| ap_ctrl   | ap_ctrl_hs |           |
+-----------+------------+-----------+


================================================================
== SW I/O Information
================================================================
* Top Function Arguments
+------------+-----------+------------------------+
| Argument   | Direction | Datatype               |
+------------+-----------+------------------------+
| raw_bayer  | in        | unsigned short const * |
| rgb_out    | out       | unsigned int*          |
| width      | in        | int                    |
| height     | in        | int                    |
| out_width  | out       | int*                   |
| out_height | out       | int*                   |
+------------+-----------+------------------------+

* SW-to-HW Mapping
+------------+---------------+-----------+----------+-------------------------------------------+
| Argument   | HW Interface  | HW Type   | HW Usage | HW Info                                   |
+------------+---------------+-----------+----------+-------------------------------------------+
| raw_bayer  | m_axi_gmem0   | interface |          | channel=0                                 |
| raw_bayer  | s_axi_control | register  | offset   | name=raw_bayer_1 offset=0x10 range=32     |
| raw_bayer  | s_axi_control | register  | offset   | name=raw_bayer_2 offset=0x14 range=32     |
| rgb_out    | m_axi_gmem1   | interface |          | channel=0                                 |
| rgb_out    | s_axi_control | register  | offset   | name=rgb_out_1 offset=0x1c range=32       |
| rgb_out    | s_axi_control | register  | offset   | name=rgb_out_2 offset=0x20 range=32       |
| width      | s_axi_control | register  |          | name=width offset=0x28 range=32           |
| height     | s_axi_control | register  |          | name=height offset=0x30 range=32          |
| out_width  | s_axi_control | register  |          | name=out_width offset=0x38 range=32       |
| out_width  | s_axi_control | register  |          | name=out_width_ctrl offset=0x3c range=32  |
| out_height | s_axi_control | register  |          | name=out_height offset=0x48 range=32      |
| out_height | s_axi_control | register  |          | name=out_height_ctrl offset=0x4c range=32 |
+------------+---------------+-----------+----------+-------------------------------------------+


================================================================
== M_AXI Burst Information
================================================================
 Note: All burst requests might be further partitioned into multiple requests during RTL generation based on max_read_burst_length or max_write_burst_length settings.

* Inferred Burst Summary
+--------------+-----------+----------+-------+------------------+---------------------------+
| HW Interface | Direction | Length   | Width | Loop             | Loop Location             |
+--------------+-----------+----------+-------+------------------+---------------------------+
| m_axi_gmem1  | write     | variable | 32    | VITIS_LOOP_131_2 | ../LowlightISP.cpp:131:20 |
+--------------+-----------+----------+-------+------------------+---------------------------+

* All M_AXI Variable Accesses
+--------------+----------+---------------------------+-----------+--------------+----------+------------------+---------------------------+------------+-------------------------------------------------------------------------------------------------------+
| HW Interface | Variable | Access Location           | Direction | Burst Status | Length   | Loop             | Loop Location             | Resolution | Problem                                                                                               |
+--------------+----------+---------------------------+-----------+--------------+----------+------------------+---------------------------+------------+-------------------------------------------------------------------------------------------------------+
| m_axi_gmem0  | raw      | ../LowlightISP.cpp:57:9   | read      | Fail         |          | VITIS_LOOP_131_2 | ../LowlightISP.cpp:131:20 | 214-229    | Could not analyze pattern                                                                             |
| m_axi_gmem0  | raw      | ../LowlightISP.cpp:58:10  | read      | Fail         |          | VITIS_LOOP_131_2 | ../LowlightISP.cpp:131:20 | 214-229    | Could not analyze pattern                                                                             |
| m_axi_gmem0  | raw      | ../LowlightISP.cpp:59:10  | read      | Fail         |          | VITIS_LOOP_131_2 | ../LowlightISP.cpp:131:20 | 214-229    | Could not analyze pattern                                                                             |
| m_axi_gmem0  | raw      | ../LowlightISP.cpp:60:9   | read      | Fail         |          | VITIS_LOOP_131_2 | ../LowlightISP.cpp:131:20 | 214-229    | Could not analyze pattern                                                                             |
| m_axi_gmem1  | rgb_out  | ../LowlightISP.cpp:136:35 | write     | Widen Fail   |          | VITIS_LOOP_131_2 | ../LowlightISP.cpp:131:20 | 214-353    | Could not widen since type i32 size is greater than or equal to the max_widen_bitwidth threshold of 0 |
| m_axi_gmem1  | rgb_out  | ../LowlightISP.cpp:136:35 | write     | Inferred     | variable | VITIS_LOOP_129_1 | ../LowlightISP.cpp:129:23 |            |                                                                                                       |
+--------------+----------+---------------------------+-----------+--------------+----------+------------------+---------------------------+------------+-------------------------------------------------------------------------------------------------------+

    * Resolution URL: docs.xilinx.com/access/sources/dita/topic?Doc_Version=2024.1%20English&url=ug1448-hls-guidance&resourceid=XXX-YYY.html (replace XXX-YYY with column value)

================================================================
== Bind Op Report
================================================================
+---------------------------------------------------------------------------------------+-----+--------+------------------+--------+-----------+---------+
| Name                                                                                  | DSP | Pragma | Variable         | Op     | Impl      | Latency |
+---------------------------------------------------------------------------------------+-----+--------+------------------+--------+-----------+---------+
| + LowlightISP                                                                         | 14  |        |                  |        |           |         |
|   icmp_ln181_fu_160_p2                                                                |     |        | icmp_ln181       | setlt  | auto      | 0       |
|   icmp_ln181_1_fu_166_p2                                                              |     |        | icmp_ln181_1     | setlt  | auto      | 0       |
|   or_ln181_fu_172_p2                                                                  |     |        | or_ln181         | or     | auto      | 0       |
|  + p_anonymous_namespace_run_lowlight_isp                                             | 14  |        |                  |        |           |         |
|    icmp_ln48_fu_142_p2                                                                |     |        | icmp_ln48        | seteq  | auto      | 0       |
|    bw_fu_196_p3                                                                       |     |        | bw               | select | auto_sel  | 0       |
|    icmp_ln48_1_fu_158_p2                                                              |     |        | icmp_ln48_1      | seteq  | auto      | 0       |
|    bh_fu_202_p3                                                                       |     |        | bh               | select | auto_sel  | 0       |
|    hi_assign_fu_264_p2                                                                |     |        | hi_assign        | add    | fabric    | 0       |
|    hi_assign_1_fu_270_p2                                                              |     |        | hi_assign_1      | add    | fabric    | 0       |
|    sub_i8_i_i_fu_276_p2                                                               |     |        | sub_i8_i_i       | add    | fabric    | 0       |
|    sub12_i19_i_i_fu_282_p2                                                            |     |        | sub12_i19_i_i    | add    | fabric    | 0       |
|    mul_30ns_30ns_60_2_1_U26                                                           | 4   |        | mul_ln129        | mul    | auto      | 1       |
|    icmp_fu_174_p2                                                                     |     |        | icmp             | setne  | auto      | 0       |
|    smax_fu_218_p3                                                                     |     |        | smax             | select | auto_sel  | 0       |
|    icmp82_fu_190_p2                                                                   |     |        | icmp82           | setne  | auto      | 0       |
|    smax8_fu_224_p3                                                                    |     |        | smax8            | select | auto_sel  | 0       |
|    mul_30ns_30ns_60_2_1_U26                                                           | 4   |        | bound            | mul    | auto      | 1       |
|   + p_anonymous_namespace_run_lowlight_isp_Pipeline_VITIS_LOOP_129_1_VITIS_LOOP_131_2 | 10  |        |                  |        |           |         |
|     icmp_ln129_fu_555_p2                                                              |     |        | icmp_ln129       | seteq  | auto      | 0       |
|     add_ln129_fu_560_p2                                                               |     |        | add_ln129        | add    | fabric    | 0       |
|     icmp_ln131_fu_572_p2                                                              |     |        | icmp_ln131       | seteq  | auto      | 0       |
|     select_ln129_fu_577_p3                                                            |     |        | select_ln129     | select | auto_sel  | 0       |
|     add_ln129_1_fu_585_p2                                                             |     |        | add_ln129_1      | add    | fabric    | 0       |
|     add_ln129_2_fu_591_p2                                                             |     |        | add_ln129_2      | add    | fabric    | 0       |
|     select_ln129_1_fu_597_p3                                                          |     |        | select_ln129_1   | select | auto_sel  | 0       |
|     select_ln129_2_fu_605_p3                                                          |     |        | select_ln129_2   | select | auto_sel  | 0       |
|     icmp_ln42_fu_613_p2                                                               |     |        | icmp_ln42        | setgt  | auto      | 0       |
|     cy_fu_628_p3                                                                      |     |        | cy               | select | auto_sel  | 0       |
|     cmp7_i14_i_i_fu_646_p2                                                            |     |        | cmp7_i14_i_i     | setlt  | auto      | 0       |
|     mul_30ns_31s_31_2_1_U1                                                            | 3   |        | mul15_i22_i_i3   | mul    | auto      | 1       |
|     y1_fu_651_p3                                                                      |     |        | y1               | select | auto_sel  | 0       |
|     mul_31ns_31ns_32_2_1_U2                                                           | 3   |        | mul22_i32_i_i    | mul    | auto      | 1       |
|     icmp_ln42_1_fu_658_p2                                                             |     |        | icmp_ln42_1      | setgt  | auto      | 0       |
|     cy_1_fu_662_p3                                                                    |     |        | cy_1             | select | auto_sel  | 0       |
|     cmp7_i14_i_i_1_fu_695_p2                                                          |     |        | cmp7_i14_i_i_1   | setlt  | auto      | 0       |
|     mul_30ns_31s_31_2_1_U1                                                            | 3   |        | mul15_i22_i_i_12 | mul    | auto      | 1       |
|     y1_1_fu_700_p3                                                                    |     |        | y1_1             | select | auto_sel  | 0       |
|     mul_31ns_31ns_32_2_1_U2                                                           | 3   |        | mul22_i32_i_i_1  | mul    | auto      | 1       |
|     icmp_ln42_2_fu_672_p2                                                             |     |        | icmp_ln42_2      | setgt  | auto      | 0       |
|     select_ln42_fu_707_p3                                                             |     |        | select_ln42      | select | auto_sel  | 0       |
|     icmp_ln54_fu_732_p2                                                               |     |        | icmp_ln54        | setlt  | auto      | 0       |
|     x1_fu_737_p3                                                                      |     |        | x1               | select | auto_sel  | 0       |
|     add_ln57_fu_744_p2                                                                |     |        | add_ln57         | add    | fabric    | 0       |
|     add_ln57_1_fu_762_p2                                                              |     |        | add_ln57_1       | add    | fabric    | 0       |
|     add_ln58_fu_816_p2                                                                |     |        | add_ln58         | add    | fabric    | 0       |
|     add_ln58_1_fu_833_p2                                                              |     |        | add_ln58_1       | add    | fabric    | 0       |
|     add_ln59_fu_858_p2                                                                |     |        | add_ln59         | add    | fabric    | 0       |
|     add_ln59_1_fu_874_p2                                                              |     |        | add_ln59_1       | add    | fabric    | 0       |
|     add_ln60_fu_926_p2                                                                |     |        | add_ln60         | add    | fabric    | 0       |
|     add_ln60_1_fu_942_p2                                                              |     |        | add_ln60_1       | add    | fabric    | 0       |
|     add_ln79_fu_787_p2                                                                |     |        | add_ln79         | add    | fabric    | 0       |
|     icmp_ln42_3_fu_792_p2                                                             |     |        | icmp_ln42_3      | setgt  | auto      | 0       |
|     select_ln42_1_fu_797_p3                                                           |     |        | select_ln42_1    | select | auto_sel  | 0       |
|     icmp_ln54_1_fu_906_p2                                                             |     |        | icmp_ln54_1      | setlt  | auto      | 0       |
|     x1_1_fu_911_p3                                                                    |     |        | x1_1             | select | auto_sel  | 0       |
|     add_ln57_2_fu_981_p2                                                              |     |        | add_ln57_2       | add    | fabric    | 0       |
|     add_ln57_3_fu_998_p2                                                              |     |        | add_ln57_3       | add    | fabric    | 0       |
|     add_ln58_2_fu_1023_p2                                                             |     |        | add_ln58_2       | add    | fabric    | 0       |
|     add_ln58_3_fu_1040_p2                                                             |     |        | add_ln58_3       | add    | fabric    | 0       |
|     add_ln59_2_fu_1065_p2                                                             |     |        | add_ln59_2       | add    | fabric    | 0       |
|     add_ln59_3_fu_1082_p2                                                             |     |        | add_ln59_3       | add    | fabric    | 0       |
|     add_ln60_2_fu_1107_p2                                                             |     |        | add_ln60_2       | add    | fabric    | 0       |
|     add_ln60_3_fu_1124_p2                                                             |     |        | add_ln60_3       | add    | fabric    | 0       |
|     add_ln57_4_fu_1149_p2                                                             |     |        | add_ln57_4       | add    | fabric    | 0       |
|     add_ln57_5_fu_1166_p2                                                             |     |        | add_ln57_5       | add    | fabric    | 0       |
|     add_ln58_4_fu_1191_p2                                                             |     |        | add_ln58_4       | add    | fabric    | 0       |
|     add_ln58_5_fu_1208_p2                                                             |     |        | add_ln58_5       | add    | fabric    | 0       |
|     add_ln59_4_fu_1233_p2                                                             |     |        | add_ln59_4       | add    | fabric    | 0       |
|     add_ln59_5_fu_1249_p2                                                             |     |        | add_ln59_5       | add    | fabric    | 0       |
|     add_ln60_4_fu_1274_p2                                                             |     |        | add_ln60_4       | add    | fabric    | 0       |
|     add_ln60_5_fu_1290_p2                                                             |     |        | add_ln60_5       | add    | fabric    | 0       |
|     add_ln57_6_fu_1315_p2                                                             |     |        | add_ln57_6       | add    | fabric    | 0       |
|     add_ln57_7_fu_1333_p2                                                             |     |        | add_ln57_7       | add    | fabric    | 0       |
|     add_ln58_6_fu_1358_p2                                                             |     |        | add_ln58_6       | add    | fabric    | 0       |
|     add_ln58_7_fu_1376_p2                                                             |     |        | add_ln58_7       | add    | fabric    | 0       |
|     add_ln59_6_fu_1401_p2                                                             |     |        | add_ln59_6       | add    | fabric    | 0       |
|     add_ln59_7_fu_1418_p2                                                             |     |        | add_ln59_7       | add    | fabric    | 0       |
|     add_ln60_6_fu_1443_p2                                                             |     |        | add_ln60_6       | add    | fabric    | 0       |
|     add_ln60_7_fu_1460_p2                                                             |     |        | add_ln60_7       | add    | fabric    | 0       |
|     add_ln81_fu_1503_p2                                                               |     |        | add_ln81         | add    | fabric    | 0       |
|     add_ln81_1_fu_1542_p2                                                             |     |        | add_ln81_1       | add    | fabric    | 0       |
|     sum_r_1_fu_1552_p2                                                                |     |        | sum_r_1          | add    | fabric    | 0       |
|     add_ln82_fu_1626_p2                                                               |     |        | add_ln82         | add    | fabric    | 0       |
|     add_ln82_1_fu_1515_p2                                                             |     |        | add_ln82_1       | add    | fabric    | 0       |
|     add_ln82_2_fu_1639_p2                                                             |     |        | add_ln82_2       | add    | fabric    | 0       |
|     add_ln82_3_fu_1491_p2                                                             |     |        | add_ln82_3       | add    | fabric    | 0       |
|     add_ln82_4_fu_1699_p2                                                             |     |        | add_ln82_4       | add    | fabric    | 0       |
|     add_ln82_5_fu_1709_p2                                                             |     |        | add_ln82_5       | add    | fabric    | 0       |
|     sum_g_fu_1719_p2                                                                  |     |        | sum_g            | add    | fabric    | 0       |
|     add_ln83_fu_1527_p2                                                               |     |        | add_ln83         | add    | fabric    | 0       |
|     add_ln83_1_fu_1778_p2                                                             |     |        | add_ln83_1       | add    | fabric    | 0       |
|     sum_b_1_fu_1788_p2                                                                |     |        | sum_b_1          | add    | fabric    | 0       |
|     icmp_ln93_fu_1558_p2                                                              |     |        | icmp_ln93        | setgt  | auto      | 0       |
|     select_ln94_fu_1645_p3                                                            |     |        | select_ln94      | select | auto_sel  | 0       |
|     icmp_ln42_4_fu_1665_p2                                                            |     |        | icmp_ln42_4      | setne  | auto      | 0       |
|     mul_17ns_11ns_22_1_1_U3                                                           | 1   |        | mul_ln96         | mul    | auto      | 0       |
|     select_ln42_5_fu_1725_p3                                                          |     |        | select_ln42_5    | select | auto_sel  | 0       |
|     icmp_ln42_5_fu_1745_p2                                                            |     |        | icmp_ln42_5      | setne  | auto      | 0       |
|     r12_fu_1751_p3                                                                    |     |        | r12              | select | auto_sel  | 0       |
|     icmp_ln93_1_fu_1794_p2                                                            |     |        | icmp_ln93_1      | setgt  | auto      | 0       |
|     select_ln42_10_fu_1843_p3                                                         |     |        | select_ln42_10   | select | auto_sel  | 0       |
|     icmp_ln42_6_fu_1865_p2                                                            |     |        | icmp_ln42_6      | setne  | auto      | 0       |
|     select_ln42_3_fu_1871_p3                                                          |     |        | select_ln42_3    | select | auto_sel  | 0       |
|     g12_fu_1893_p3                                                                    |     |        | g12              | select | auto_sel  | 0       |
|     icmp_ln93_2_fu_1901_p2                                                            |     |        | icmp_ln93_2      | setgt  | auto      | 0       |
|     select_ln94_1_fu_1966_p3                                                          |     |        | select_ln94_1    | select | auto_sel  | 0       |
|     icmp_ln42_7_fu_1986_p2                                                            |     |        | icmp_ln42_7      | setne  | auto      | 0       |
|     mul_17ns_11ns_22_1_1_U4                                                           | 1   |        | mul_ln96_1       | mul    | auto      | 0       |
|     select_ln42_12_fu_2008_p3                                                         |     |        | select_ln42_12   | select | auto_sel  | 0       |
|     icmp_ln42_8_fu_2028_p2                                                            |     |        | icmp_ln42_8      | setne  | auto      | 0       |
|     b12_fu_2034_p3                                                                    |     |        | b12              | select | auto_sel  | 0       |
|     add_ln111_1_fu_2068_p2                                                            |     |        | add_ln111_1      | add    | fabric    | 0       |
|     sub_ln111_fu_2100_p2                                                              |     |        | sub_ln111        | sub    | fabric    | 0       |
|     sub_ln111_1_fu_2122_p2                                                            |     |        | sub_ln111_1      | sub    | fabric    | 0       |
|     acc_1_fu_2209_p3                                                                  |     |        | acc_1            | select | auto_sel  | 0       |
|     select_ln42_6_fu_2233_p3                                                          |     |        | select_ln42_6    | select | auto_sel  | 0       |
|     sub_ln111_2_fu_2171_p2                                                            |     |        | sub_ln111_2      | sub    | fabric    | 0       |
|     mac_muladd_12ns_9ns_19s_22_4_1_U5                                                 | 1   |        | mul_ln111        | mul    | dsp_slice | 3       |
|     mac_muladd_12ns_9ns_19s_22_4_1_U5                                                 | 1   |        | zext_ln111_1     | zext   | dsp_slice | 3       |
|     sub_ln111_3_fu_2193_p2                                                            |     |        | sub_ln111_3      | sub    | fabric    | 0       |
|     add_ln111_2_fu_2203_p2                                                            |     |        | add_ln111_2      | add    | fabric    | 0       |
|     mac_muladd_12ns_9ns_19s_22_4_1_U5                                                 | 1   |        | acc_2            | add    | dsp_slice | 3       |
|     acc_3_fu_2259_p3                                                                  |     |        | acc_3            | select | auto_sel  | 0       |
|     select_ln42_7_fu_2285_p3                                                          |     |        | select_ln42_7    | select | auto_sel  | 0       |
|     sub_ln111_4_fu_2309_p2                                                            |     |        | sub_ln111_4      | sub    | fabric    | 0       |
|     sub_ln111_5_fu_2319_p2                                                            |     |        | sub_ln111_5      | sub    | fabric    | 0       |
|     mac_muladd_12ns_9ns_17s_22_4_1_U6                                                 | 1   |        | mul_ln111_1      | mul    | dsp_slice | 3       |
|     mac_muladd_12ns_9ns_17s_22_4_1_U6                                                 | 1   |        | zext_ln111_2     | zext   | dsp_slice | 3       |
|     mac_muladd_12ns_9ns_17s_22_4_1_U6                                                 | 1   |        | add_ln111_4      | add    | dsp_slice | 3       |
|     acc_4_fu_2328_p2                                                                  |     |        | acc_4            | add    | fabric    | 0       |
|     acc_5_fu_2345_p3                                                                  |     |        | acc_5            | select | auto_sel  | 0       |
|     select_ln42_8_fu_2371_p3                                                          |     |        | select_ln42_8    | select | auto_sel  | 0       |
+---------------------------------------------------------------------------------------+-----+--------+------------------+--------+-----------+---------+


================================================================
== Storage Report
================================================================
+---------------------------------------------------------------------------------------+-----------+-----------+------+------+--------+----------------------------------+------+---------+------------------+
| Name                                                                                  | Usage     | Type      | BRAM | URAM | Pragma | Variable                         | Impl | Latency | Bitwidth, Depth, |
|                                                                                       |           |           |      |      |        |                                  |      |         | Banks            |
+---------------------------------------------------------------------------------------+-----------+-----------+------+------+--------+----------------------------------+------+---------+------------------+
| + LowlightISP                                                                         |           |           | 4    | 0    |        |                                  |      |         |                  |
|   control_s_axi_U                                                                     | interface | s_axilite |      |      |        |                                  |      |         |                  |
|   gmem0_m_axi_U                                                                       | interface | m_axi     | 1    |      |        |                                  |      |         |                  |
|   gmem1_m_axi_U                                                                       | interface | m_axi     | 2    |      |        |                                  |      |         |                  |
|  + p_anonymous_namespace_run_lowlight_isp                                             |           |           | 1    | 0    |        |                                  |      |         |                  |
|   + p_anonymous_namespace_run_lowlight_isp_Pipeline_VITIS_LOOP_129_1_VITIS_LOOP_131_2 |           |           | 1    | 0    |        |                                  |      |         |                  |
|     p_anonymous_namespace_GAMMA2_LUT_U                                                | rom_1p    |           | 1    |      |        | p_anonymous_namespace_GAMMA2_LUT | auto | 1       | 8, 256, 1        |
+---------------------------------------------------------------------------------------+-----------+-----------+------+------+--------+----------------------------------+------+---------+------------------+


================================================================
== Pragma Report
================================================================
* Valid Pragma Syntax
+----------------+-----------------------------------------------------------+-------------------------------------------------------+
| Type           | Options                                                   | Location                                              |
+----------------+-----------------------------------------------------------+-------------------------------------------------------+
| inline         |                                                           | ../LowlightISP.cpp:52 in cell_sites                   |
| inline         |                                                           | ../LowlightISP.cpp:66 in binned_raw                   |
| inline         |                                                           | ../LowlightISP.cpp:92 in correct_channel              |
| inline         |                                                           | ../LowlightISP.cpp:102 in binned_rgb                  |
| inline         |                                                           | ../LowlightISP.cpp:110 in ccm_channel                 |
| inline         |                                                           | ../LowlightISP.cpp:117 in apply_gamma                 |
| loop_tripcount | min=1 max=540                                             | ../LowlightISP.cpp:130 in run_lowlight_isp            |
| pipeline       | II=1                                                      | ../LowlightISP.cpp:132 in run_lowlight_isp            |
| loop_tripcount | min=2 max=960                                             | ../LowlightISP.cpp:133 in run_lowlight_isp            |
| interface      | m_axi port=raw_bayer offset=slave bundle=gmem0 depth=2048 | ../LowlightISP.cpp:148 in lowlightisp_dev, raw_bayer  |
| interface      | m_axi port=rgb_out offset=slave bundle=gmem1 depth=2048   | ../LowlightISP.cpp:149 in lowlightisp_dev, rgb_out    |
| interface      | s_axilite port=raw_bayer bundle=control                   | ../LowlightISP.cpp:150 in lowlightisp_dev, raw_bayer  |
| interface      | s_axilite port=rgb_out bundle=control                     | ../LowlightISP.cpp:151 in lowlightisp_dev, rgb_out    |
| interface      | s_axilite port=width bundle=control                       | ../LowlightISP.cpp:152 in lowlightisp_dev, width      |
| interface      | s_axilite port=height bundle=control                      | ../LowlightISP.cpp:153 in lowlightisp_dev, height     |
| interface      | s_axilite port=bin_mode bundle=control                    | ../LowlightISP.cpp:154 in lowlightisp_dev, bin_mode   |
| interface      | s_axilite port=out_width bundle=control                   | ../LowlightISP.cpp:155 in lowlightisp_dev, out_width  |
| interface      | s_axilite port=out_height bundle=control                  | ../LowlightISP.cpp:156 in lowlightisp_dev, out_height |
| interface      | s_axilite port=return bundle=control                      | ../LowlightISP.cpp:157 in lowlightisp_dev, return     |
| interface      | m_axi port=raw_bayer offset=slave bundle=gmem0 depth=2048 | ../LowlightISP.cpp:172 in lowlightisp, raw_bayer      |
| interface      | m_axi port=rgb_out offset=slave bundle=gmem1 depth=2048   | ../LowlightISP.cpp:173 in lowlightisp, rgb_out        |
| interface      | s_axilite port=raw_bayer bundle=control                   | ../LowlightISP.cpp:174 in lowlightisp, raw_bayer      |
| interface      | s_axilite port=rgb_out bundle=control                     | ../LowlightISP.cpp:175 in lowlightisp, rgb_out        |
| interface      | s_axilite port=width bundle=control                       | ../LowlightISP.cpp:176 in lowlightisp, width          |
| interface      | s_axilite port=height bundle=control                      | ../LowlightISP.cpp:177 in lowlightisp, height         |
| interface      | s_axilite port=out_width bundle=control                   | ../LowlightISP.cpp:178 in lowlightisp, out_width      |
| interface      | s_axilite port=out_height bundle=control                  | ../LowlightISP.cpp:179 in lowlightisp, out_height     |
| interface      | s_axilite port=return bundle=control                      | ../LowlightISP.cpp:180 in lowlightisp, return         |
+----------------+-----------------------------------------------------------+-------------------------------------------------------+


