Copyright 1986-2022 Xilinx, Inc. All Rights Reserved. Copyright 2022-2024 Advanced Micro Devices, Inc. All Rights Reserved.
--------------------------------------------------------------------------------------------------------------------------------------------------
| Tool Version      : Vivado v.2024.1 (lin64) Build 5076996 Wed May 22 18:36:09 MDT 2024
| Date              : Tue Aug  4 10:52:17 2026
| Host              : DESKTOP-9MHPU7S running 64-bit Ubuntu 22.04.5 LTS
| Command           : report_timing_summary -file /tmp/hls_dfxisp/ooc_rm_normal_tone_top/rm_normal_tone_top_ooc.timing.rpt
| Design            : dfx_static_top
| Device            : xczu7ev-ffvc1156
| Speed File        : -2  PRODUCTION 1.30 05-15-2022
| Design State      : Routed
| Temperature Grade : E
--------------------------------------------------------------------------------------------------------------------------------------------------

Timing Summary Report

------------------------------------------------------------------------------------------------
| Timer Settings
| --------------
------------------------------------------------------------------------------------------------

  Enable Multi Corner Analysis               :  Yes
  Enable Pessimism Removal                   :  Yes
  Pessimism Removal Resolution               :  Nearest Common Node
  Enable Input Delay Default Clock           :  No
  Enable Preset / Clear Arcs                 :  No
  Disable Flight Delays                      :  No
  Ignore I/O Paths                           :  No
  Timing Early Launch at Borrowing Latches   :  No
  Borrow Time for Max Delay Exceptions       :  Yes
  Merge Timing Exceptions                    :  Yes
  Inter-SLR Compensation                     :  Conservative

  Corner  Analyze    Analyze    
  Name    Max Paths  Min Paths  
  ------  ---------  ---------  
  Slow    Yes        Yes        
  Fast    Yes        Yes        


------------------------------------------------------------------------------------------------
| Report Methodology
| ------------------
------------------------------------------------------------------------------------------------

No report available as report_methodology has not been run prior. Run report_methodology on the current design for the summary of methodology violations.



check_timing report

Table of Contents
-----------------
1. checking no_clock (0)
2. checking constant_clock (0)
3. checking pulse_width_clock (0)
4. checking unconstrained_internal_endpoints (0)
5. checking no_input_delay (1)
6. checking no_output_delay (0)
7. checking multiple_clock (0)
8. checking generated_clocks (0)
9. checking loops (0)
10. checking partial_input_delay (0)
11. checking partial_output_delay (0)
12. checking latch_loops (0)

1. checking no_clock (0)
------------------------
 There are 0 register/latch pins with no clock.


2. checking constant_clock (0)
------------------------------
 There are 0 register/latch pins with constant_clock.


3. checking pulse_width_clock (0)
---------------------------------
 There are 0 register/latch pins which need pulse_width check


4. checking unconstrained_internal_endpoints (0)
------------------------------------------------
 There are 0 pins that are not constrained for maximum delay.

 There are 0 pins that are not constrained for maximum delay due to constant clock.


5. checking no_input_delay (1)
------------------------------
 There is 1 input port with no input delay specified. (HIGH)

 There are 0 input ports with no input delay but user has a false path constraint.


6. checking no_output_delay (0)
-------------------------------
 There are 0 ports with no output delay specified.

 There are 0 ports with no output delay but user has a false path constraint

 There are 0 ports with no output delay but with a timing clock defined on it or propagating through it


7. checking multiple_clock (0)
------------------------------
 There are 0 register/latch pins with multiple clocks.


8. checking generated_clocks (0)
--------------------------------
 There are 0 generated clocks that are not connected to a clock source.


9. checking loops (0)
---------------------
 There are 0 combinational loops in the design.


10. checking partial_input_delay (0)
------------------------------------
 There are 0 input ports with partial input delay specified.


11. checking partial_output_delay (0)
-------------------------------------
 There are 0 ports with partial output delay specified.


12. checking latch_loops (0)
----------------------------
 There are 0 combinational latch loops in the design through latch input



------------------------------------------------------------------------------------------------
| Design Timing Summary
| ---------------------
------------------------------------------------------------------------------------------------

    WNS(ns)      TNS(ns)  TNS Failing Endpoints  TNS Total Endpoints      WHS(ns)      THS(ns)  THS Failing Endpoints  THS Total Endpoints     WPWS(ns)     TPWS(ns)  TPWS Failing Endpoints  TPWS Total Endpoints  
    -------      -------  ---------------------  -------------------      -------      -------  ---------------------  -------------------     --------     --------  ----------------------  --------------------  
      0.682        0.000                      0                 9081        0.010        0.000                      0                 9081        1.958        0.000                       0                  4345  


All user specified timing constraints are met.


------------------------------------------------------------------------------------------------
| Clock Summary
| -------------
------------------------------------------------------------------------------------------------

Clock   Waveform(ns)         Period(ns)      Frequency(MHz)
-----   ------------         ----------      --------------
ap_clk  {0.000 2.500}        5.000           200.000         


------------------------------------------------------------------------------------------------
| Intra Clock Table
| -----------------
------------------------------------------------------------------------------------------------

Clock             WNS(ns)      TNS(ns)  TNS Failing Endpoints  TNS Total Endpoints      WHS(ns)      THS(ns)  THS Failing Endpoints  THS Total Endpoints     WPWS(ns)     TPWS(ns)  TPWS Failing Endpoints  TPWS Total Endpoints  
-----             -------      -------  ---------------------  -------------------      -------      -------  ---------------------  -------------------     --------     --------  ----------------------  --------------------  
ap_clk              0.682        0.000                      0                 9081        0.010        0.000                      0                 9081        1.958        0.000                       0                  4345  


------------------------------------------------------------------------------------------------
| Inter Clock Table
| -----------------
------------------------------------------------------------------------------------------------

From Clock    To Clock          WNS(ns)      TNS(ns)  TNS Failing Endpoints  TNS Total Endpoints      WHS(ns)      THS(ns)  THS Failing Endpoints  THS Total Endpoints  
----------    --------          -------      -------  ---------------------  -------------------      -------      -------  ---------------------  -------------------  


------------------------------------------------------------------------------------------------
| Other Path Groups Table
| -----------------------
------------------------------------------------------------------------------------------------

Path Group    From Clock    To Clock          WNS(ns)      TNS(ns)  TNS Failing Endpoints  TNS Total Endpoints      WHS(ns)      THS(ns)  THS Failing Endpoints  THS Total Endpoints  
----------    ----------    --------          -------      -------  ---------------------  -------------------      -------      -------  ---------------------  -------------------  


------------------------------------------------------------------------------------------------
| Timing Details
| --------------
------------------------------------------------------------------------------------------------


---------------------------------------------------------------------------------------------------
From Clock:  ap_clk
  To Clock:  ap_clk

Setup :            0  Failing Endpoints,  Worst Slack        0.682ns,  Total Violation        0.000ns
Hold  :            0  Failing Endpoints,  Worst Slack        0.010ns,  Total Violation        0.000ns
PW    :            0  Failing Endpoints,  Worst Slack        1.958ns,  Total Violation        0.000ns
---------------------------------------------------------------------------------------------------


Max Delay Paths
--------------------------------------------------------------------------------------
Slack (MET) :             0.682ns  (required time - arrival time)
  Source:                 u_rp/grp_p_anonymous_namespace_run_normal_fu_138/grp_p_anonymous_namespace_run_normal_Pipeline_VITIS_LOOP_251_1_VITIS_LOOP_253_2_fu_83/ap_CS_fsm_reg[4]/C
                            (rising edge-triggered cell FDRE clocked by ap_clk  {rise@0.000ns fall@2.500ns period=5.000ns})
  Destination:            u_rp/grp_p_anonymous_namespace_run_normal_fu_138/grp_p_anonymous_namespace_run_normal_Pipeline_VITIS_LOOP_251_1_VITIS_LOOP_253_2_fu_83/mul_ln149_1_reg_1841_reg[31]/D
                            (rising edge-triggered cell FDRE clocked by ap_clk  {rise@0.000ns fall@2.500ns period=5.000ns})
  Path Group:             ap_clk
  Path Type:              Setup (Max at Slow Process Corner)
  Requirement:            5.000ns  (ap_clk rise@5.000ns - ap_clk rise@0.000ns)
  Data Path Delay:        4.233ns  (logic 2.721ns (64.277%)  route 1.512ns (35.723%))
  Logic Levels:           12  (CARRY8=2 DSP_A_B_DATA=1 DSP_ALU=2 DSP_M_DATA=1 DSP_MULTIPLIER=1 DSP_OUTPUT=2 DSP_PREADD_DATA=1 LUT2=1 LUT3=1)
  Clock Path Skew:        -0.074ns (DCD - SCD + CPR)
    Destination Clock Delay (DCD):    3.204ns = ( 8.204 - 5.000 ) 
    Source Clock Delay      (SCD):    4.037ns
    Clock Pessimism Removal (CPR):    0.759ns
  Clock Uncertainty:      0.035ns  ((TSJ^2 + TIJ^2)^1/2 + DJ) / 2 + PE
    Total System Jitter     (TSJ):    0.071ns
    Total Input Jitter      (TIJ):    0.000ns
    Discrete Jitter          (DJ):    0.000ns
    Phase Error              (PE):    0.000ns
  Clock Net Delay (Source):      2.765ns (routing 1.761ns, distribution 1.004ns)
  Clock Net Delay (Destination): 2.478ns (routing 1.599ns, distribution 0.879ns)

    Location             Delay type                Incr(ns)  Path(ns)    Netlist Resource(s)
  -------------------------------------------------------------------    -------------------
                         (clock ap_clk rise edge)     0.000     0.000 r  
    E4                                                0.000     0.000 r  ap_clk (IN)
                         net (fo=0)                   0.000     0.000    ap_clk_IBUF_inst/I
    E4                   INBUF (Prop_INBUF_HDIOB_M_PAD_O)
                                                      1.040     1.040 r  ap_clk_IBUF_inst/INBUF_INST/O
                         net (fo=1, routed)           0.000     1.040    ap_clk_IBUF_inst/OUT
    E4                   IBUFCTRL (Prop_IBUFCTRL_HDIOB_M_I_O)
                                                      0.000     1.040 r  ap_clk_IBUF_inst/IBUFCTRL_INST/O
                         net (fo=1, routed)           0.204     1.244    ap_clk_IBUF
    BUFGCE_HDIO_X3Y2     BUFGCE (Prop_BUFCE_BUFGCE_HDIO_I_O)
                                                      0.028     1.272 r  ap_clk_IBUF_BUFG_inst/O
    X1Y1 (CLOCK_ROOT)    net (fo=4404, routed)        2.765     4.037    u_rp/grp_p_anonymous_namespace_run_normal_fu_138/grp_p_anonymous_namespace_run_normal_Pipeline_VITIS_LOOP_251_1_VITIS_LOOP_253_2_fu_83/ap_clk
    SLICE_X59Y76         FDRE                                         r  u_rp/grp_p_anonymous_namespace_run_normal_fu_138/grp_p_anonymous_namespace_run_normal_Pipeline_VITIS_LOOP_251_1_VITIS_LOOP_253_2_fu_83/ap_CS_fsm_reg[4]/C
  -------------------------------------------------------------------    -------------------
    SLICE_X59Y76         FDRE (Prop_DFF_SLICEL_C_Q)
                                                      0.079     4.116 r  u_rp/grp_p_anonymous_namespace_run_normal_fu_138/grp_p_anonymous_namespace_run_normal_Pipeline_VITIS_LOOP_251_1_VITIS_LOOP_253_2_fu_83/ap_CS_fsm_reg[4]/Q
                         net (fo=33, routed)          0.617     4.733    u_rp/grp_p_anonymous_namespace_run_normal_fu_138/grp_p_anonymous_namespace_run_normal_Pipeline_VITIS_LOOP_251_1_VITIS_LOOP_253_2_fu_83/mul_31ns_31ns_32_1_1_U1/DSP_A_B_DATA_INST[1]
    SLICE_X63Y92         LUT3 (Prop_G5LUT_SLICEM_I1_O)
                                                      0.137     4.870 f  u_rp/grp_p_anonymous_namespace_run_normal_fu_138/grp_p_anonymous_namespace_run_normal_Pipeline_VITIS_LOOP_251_1_VITIS_LOOP_253_2_fu_83/mul_31ns_31ns_32_1_1_U1/tmp_product__0_i_9/O
                         net (fo=1, routed)           0.507     5.377    u_rp/grp_p_anonymous_namespace_run_normal_fu_138/grp_p_anonymous_namespace_run_normal_Pipeline_VITIS_LOOP_251_1_VITIS_LOOP_253_2_fu_83/mul_31ns_31ns_32_1_1_U1/tmp_product__0/A[8]
    DSP48E2_X5Y37        DSP_A_B_DATA (Prop_DSP_A_B_DATA_DSP48E2_A[8]_A2_DATA[8])
                                                      0.192     5.569 r  u_rp/grp_p_anonymous_namespace_run_normal_fu_138/grp_p_anonymous_namespace_run_normal_Pipeline_VITIS_LOOP_251_1_VITIS_LOOP_253_2_fu_83/mul_31ns_31ns_32_1_1_U1/tmp_product__0/DSP_A_B_DATA_INST/A2_DATA[8]
                         net (fo=1, routed)           0.000     5.569    u_rp/grp_p_anonymous_namespace_run_normal_fu_138/grp_p_anonymous_namespace_run_normal_Pipeline_VITIS_LOOP_251_1_VITIS_LOOP_253_2_fu_83/mul_31ns_31ns_32_1_1_U1/tmp_product__0/DSP_A_B_DATA.A2_DATA<8>
    DSP48E2_X5Y37        DSP_PREADD_DATA (Prop_DSP_PREADD_DATA_DSP48E2_A2_DATA[8]_A2A1[8])
                                                      0.076     5.645 r  u_rp/grp_p_anonymous_namespace_run_normal_fu_138/grp_p_anonymous_namespace_run_normal_Pipeline_VITIS_LOOP_251_1_VITIS_LOOP_253_2_fu_83/mul_31ns_31ns_32_1_1_U1/tmp_product__0/DSP_PREADD_DATA_INST/A2A1[8]
                         net (fo=1, routed)           0.000     5.645    u_rp/grp_p_anonymous_namespace_run_normal_fu_138/grp_p_anonymous_namespace_run_normal_Pipeline_VITIS_LOOP_251_1_VITIS_LOOP_253_2_fu_83/mul_31ns_31ns_32_1_1_U1/tmp_product__0/DSP_PREADD_DATA.A2A1<8>
    DSP48E2_X5Y37        DSP_MULTIPLIER (Prop_DSP_MULTIPLIER_DSP48E2_A2A1[8]_U[29])
                                                      0.505     6.150 f  u_rp/grp_p_anonymous_namespace_run_normal_fu_138/grp_p_anonymous_namespace_run_normal_Pipeline_VITIS_LOOP_251_1_VITIS_LOOP_253_2_fu_83/mul_31ns_31ns_32_1_1_U1/tmp_product__0/DSP_MULTIPLIER_INST/U[29]
                         net (fo=1, routed)           0.000     6.150    u_rp/grp_p_anonymous_namespace_run_normal_fu_138/grp_p_anonymous_namespace_run_normal_Pipeline_VITIS_LOOP_251_1_VITIS_LOOP_253_2_fu_83/mul_31ns_31ns_32_1_1_U1/tmp_product__0/DSP_MULTIPLIER.U<29>
    DSP48E2_X5Y37        DSP_M_DATA (Prop_DSP_M_DATA_DSP48E2_U[29]_U_DATA[29])
                                                      0.047     6.197 r  u_rp/grp_p_anonymous_namespace_run_normal_fu_138/grp_p_anonymous_namespace_run_normal_Pipeline_VITIS_LOOP_251_1_VITIS_LOOP_253_2_fu_83/mul_31ns_31ns_32_1_1_U1/tmp_product__0/DSP_M_DATA_INST/U_DATA[29]
                         net (fo=1, routed)           0.000     6.197    u_rp/grp_p_anonymous_namespace_run_normal_fu_138/grp_p_anonymous_namespace_run_normal_Pipeline_VITIS_LOOP_251_1_VITIS_LOOP_253_2_fu_83/mul_31ns_31ns_32_1_1_U1/tmp_product__0/DSP_M_DATA.U_DATA<29>
    DSP48E2_X5Y37        DSP_ALU (Prop_DSP_ALU_DSP48E2_U_DATA[29]_ALU_OUT[47])
                                                      0.585     6.782 f  u_rp/grp_p_anonymous_namespace_run_normal_fu_138/grp_p_anonymous_namespace_run_normal_Pipeline_VITIS_LOOP_251_1_VITIS_LOOP_253_2_fu_83/mul_31ns_31ns_32_1_1_U1/tmp_product__0/DSP_ALU_INST/ALU_OUT[47]
                         net (fo=1, routed)           0.000     6.782    u_rp/grp_p_anonymous_namespace_run_normal_fu_138/grp_p_anonymous_namespace_run_normal_Pipeline_VITIS_LOOP_251_1_VITIS_LOOP_253_2_fu_83/mul_31ns_31ns_32_1_1_U1/tmp_product__0/DSP_ALU.ALU_OUT<47>
    DSP48E2_X5Y37        DSP_OUTPUT (Prop_DSP_OUTPUT_DSP48E2_ALU_OUT[47]_PCOUT[47])
                                                      0.122     6.904 r  u_rp/grp_p_anonymous_namespace_run_normal_fu_138/grp_p_anonymous_namespace_run_normal_Pipeline_VITIS_LOOP_251_1_VITIS_LOOP_253_2_fu_83/mul_31ns_31ns_32_1_1_U1/tmp_product__0/DSP_OUTPUT_INST/PCOUT[47]
                         net (fo=1, routed)           0.038     6.942    u_rp/grp_p_anonymous_namespace_run_normal_fu_138/grp_p_anonymous_namespace_run_normal_Pipeline_VITIS_LOOP_251_1_VITIS_LOOP_253_2_fu_83/mul_31ns_31ns_32_1_1_U1/tmp_product__1/PCIN[47]
    DSP48E2_X5Y38        DSP_ALU (Prop_DSP_ALU_DSP48E2_PCIN[47]_ALU_OUT[2])
                                                      0.546     7.488 f  u_rp/grp_p_anonymous_namespace_run_normal_fu_138/grp_p_anonymous_namespace_run_normal_Pipeline_VITIS_LOOP_251_1_VITIS_LOOP_253_2_fu_83/mul_31ns_31ns_32_1_1_U1/tmp_product__1/DSP_ALU_INST/ALU_OUT[2]
                         net (fo=1, routed)           0.000     7.488    u_rp/grp_p_anonymous_namespace_run_normal_fu_138/grp_p_anonymous_namespace_run_normal_Pipeline_VITIS_LOOP_251_1_VITIS_LOOP_253_2_fu_83/mul_31ns_31ns_32_1_1_U1/tmp_product__1/DSP_ALU.ALU_OUT<2>
    DSP48E2_X5Y38        DSP_OUTPUT (Prop_DSP_OUTPUT_DSP48E2_ALU_OUT[2]_P[2])
                                                      0.109     7.597 r  u_rp/grp_p_anonymous_namespace_run_normal_fu_138/grp_p_anonymous_namespace_run_normal_Pipeline_VITIS_LOOP_251_1_VITIS_LOOP_253_2_fu_83/mul_31ns_31ns_32_1_1_U1/tmp_product__1/DSP_OUTPUT_INST/P[2]
                         net (fo=2, routed)           0.274     7.870    u_rp/grp_p_anonymous_namespace_run_normal_fu_138/grp_p_anonymous_namespace_run_normal_Pipeline_VITIS_LOOP_251_1_VITIS_LOOP_253_2_fu_83/mul_31ns_31ns_32_1_1_U1/tmp_product__1_n_103
    SLICE_X57Y95         LUT2 (Prop_D6LUT_SLICEM_I0_O)
                                                      0.037     7.907 r  u_rp/grp_p_anonymous_namespace_run_normal_fu_138/grp_p_anonymous_namespace_run_normal_Pipeline_VITIS_LOOP_251_1_VITIS_LOOP_253_2_fu_83/mul_31ns_31ns_32_1_1_U1/mul_ln149_2_reg_1892[23]_i_6/O
                         net (fo=1, routed)           0.025     7.932    u_rp/grp_p_anonymous_namespace_run_normal_fu_138/grp_p_anonymous_namespace_run_normal_Pipeline_VITIS_LOOP_251_1_VITIS_LOOP_253_2_fu_83/mul_31ns_31ns_32_1_1_U1/mul_ln149_2_reg_1892[23]_i_6_n_0
    SLICE_X57Y95         CARRY8 (Prop_CARRY8_SLICEM_S[3]_CO[7])
                                                      0.163     8.095 r  u_rp/grp_p_anonymous_namespace_run_normal_fu_138/grp_p_anonymous_namespace_run_normal_Pipeline_VITIS_LOOP_251_1_VITIS_LOOP_253_2_fu_83/mul_31ns_31ns_32_1_1_U1/mul_ln149_2_reg_1892_reg[23]_i_1/CO[7]
                         net (fo=1, routed)           0.026     8.121    u_rp/grp_p_anonymous_namespace_run_normal_fu_138/grp_p_anonymous_namespace_run_normal_Pipeline_VITIS_LOOP_251_1_VITIS_LOOP_253_2_fu_83/mul_31ns_31ns_32_1_1_U1/mul_ln149_2_reg_1892_reg[23]_i_1_n_0
    SLICE_X57Y96         CARRY8 (Prop_CARRY8_SLICEM_CI_O[7])
                                                      0.123     8.244 r  u_rp/grp_p_anonymous_namespace_run_normal_fu_138/grp_p_anonymous_namespace_run_normal_Pipeline_VITIS_LOOP_251_1_VITIS_LOOP_253_2_fu_83/mul_31ns_31ns_32_1_1_U1/mul_ln149_2_reg_1892_reg[31]_i_2/O[7]
                         net (fo=2, routed)           0.026     8.270    u_rp/grp_p_anonymous_namespace_run_normal_fu_138/grp_p_anonymous_namespace_run_normal_Pipeline_VITIS_LOOP_251_1_VITIS_LOOP_253_2_fu_83/tmp_product__3[31]
    SLICE_X57Y96         FDRE                                         r  u_rp/grp_p_anonymous_namespace_run_normal_fu_138/grp_p_anonymous_namespace_run_normal_Pipeline_VITIS_LOOP_251_1_VITIS_LOOP_253_2_fu_83/mul_ln149_1_reg_1841_reg[31]/D
  -------------------------------------------------------------------    -------------------

                         (clock ap_clk rise edge)     5.000     5.000 r  
    E4                                                0.000     5.000 r  ap_clk (IN)
                         net (fo=0)                   0.000     5.000    ap_clk_IBUF_inst/I
    E4                   INBUF (Prop_INBUF_HDIOB_M_PAD_O)
                                                      0.533     5.533 r  ap_clk_IBUF_inst/INBUF_INST/O
                         net (fo=1, routed)           0.000     5.533    ap_clk_IBUF_inst/OUT
    E4                   IBUFCTRL (Prop_IBUFCTRL_HDIOB_M_I_O)
                                                      0.000     5.533 r  ap_clk_IBUF_inst/IBUFCTRL_INST/O
                         net (fo=1, routed)           0.169     5.702    ap_clk_IBUF
    BUFGCE_HDIO_X3Y2     BUFGCE (Prop_BUFCE_BUFGCE_HDIO_I_O)
                                                      0.024     5.726 r  ap_clk_IBUF_BUFG_inst/O
    X1Y1 (CLOCK_ROOT)    net (fo=4404, routed)        2.478     8.204    u_rp/grp_p_anonymous_namespace_run_normal_fu_138/grp_p_anonymous_namespace_run_normal_Pipeline_VITIS_LOOP_251_1_VITIS_LOOP_253_2_fu_83/ap_clk
    SLICE_X57Y96         FDRE                                         r  u_rp/grp_p_anonymous_namespace_run_normal_fu_138/grp_p_anonymous_namespace_run_normal_Pipeline_VITIS_LOOP_251_1_VITIS_LOOP_253_2_fu_83/mul_ln149_1_reg_1841_reg[31]/C
                         clock pessimism              0.759     8.963    
                         clock uncertainty           -0.035     8.928    
    SLICE_X57Y96         FDRE (Setup_HFF_SLICEM_C_D)
                                                      0.025     8.953    u_rp/grp_p_anonymous_namespace_run_normal_fu_138/grp_p_anonymous_namespace_run_normal_Pipeline_VITIS_LOOP_251_1_VITIS_LOOP_253_2_fu_83/mul_ln149_1_reg_1841_reg[31]
  -------------------------------------------------------------------
                         required time                          8.953    
                         arrival time                          -8.270    
  -------------------------------------------------------------------
                         slack                                  0.682    





Min Delay Paths
--------------------------------------------------------------------------------------
Slack (MET) :             0.010ns  (arrival time - required time)
  Source:                 u_rp/gmem0_m_axi_U/load_unit_0/fifo_rreq/U_fifo_srl/dout_reg[13]/C
                            (rising edge-triggered cell FDRE clocked by ap_clk  {rise@0.000ns fall@2.500ns period=5.000ns})
  Destination:            u_rp/gmem0_m_axi_U/load_unit_0/tmp_addr_reg[14]/D
                            (rising edge-triggered cell FDRE clocked by ap_clk  {rise@0.000ns fall@2.500ns period=5.000ns})
  Path Group:             ap_clk
  Path Type:              Hold (Min at Slow Process Corner)
  Requirement:            0.000ns  (ap_clk rise@0.000ns - ap_clk rise@0.000ns)
  Data Path Delay:        0.139ns  (logic 0.060ns (43.165%)  route 0.079ns (56.835%))
  Logic Levels:           0  
  Clock Path Skew:        0.067ns (DCD - SCD - CPR)
    Destination Clock Delay (DCD):    4.095ns
    Source Clock Delay      (SCD):    3.219ns
    Clock Pessimism Removal (CPR):    0.809ns
  Clock Net Delay (Source):      2.493ns (routing 1.599ns, distribution 0.894ns)
  Clock Net Delay (Destination): 2.822ns (routing 1.761ns, distribution 1.061ns)

    Location             Delay type                Incr(ns)  Path(ns)    Netlist Resource(s)
  -------------------------------------------------------------------    -------------------
                         (clock ap_clk rise edge)     0.000     0.000 r  
    E4                                                0.000     0.000 r  ap_clk (IN)
                         net (fo=0)                   0.000     0.000    ap_clk_IBUF_inst/I
    E4                   INBUF (Prop_INBUF_HDIOB_M_PAD_O)
                                                      0.533     0.533 r  ap_clk_IBUF_inst/INBUF_INST/O
                         net (fo=1, routed)           0.000     0.533    ap_clk_IBUF_inst/OUT
    E4                   IBUFCTRL (Prop_IBUFCTRL_HDIOB_M_I_O)
                                                      0.000     0.533 r  ap_clk_IBUF_inst/IBUFCTRL_INST/O
                         net (fo=1, routed)           0.169     0.702    ap_clk_IBUF
    BUFGCE_HDIO_X3Y2     BUFGCE (Prop_BUFCE_BUFGCE_HDIO_I_O)
                                                      0.024     0.726 r  ap_clk_IBUF_BUFG_inst/O
    X1Y1 (CLOCK_ROOT)    net (fo=4404, routed)        2.493     3.219    u_rp/gmem0_m_axi_U/load_unit_0/fifo_rreq/U_fifo_srl/ap_clk
    SLICE_X54Y80         FDRE                                         r  u_rp/gmem0_m_axi_U/load_unit_0/fifo_rreq/U_fifo_srl/dout_reg[13]/C
  -------------------------------------------------------------------    -------------------
    SLICE_X54Y80         FDRE (Prop_FFF2_SLICEM_C_Q)
                                                      0.060     3.279 r  u_rp/gmem0_m_axi_U/load_unit_0/fifo_rreq/U_fifo_srl/dout_reg[13]/Q
                         net (fo=1, routed)           0.079     3.358    u_rp/gmem0_m_axi_U/load_unit_0/fifo_rreq_n_54
    SLICE_X54Y79         FDRE                                         r  u_rp/gmem0_m_axi_U/load_unit_0/tmp_addr_reg[14]/D
  -------------------------------------------------------------------    -------------------

                         (clock ap_clk rise edge)     0.000     0.000 r  
    E4                                                0.000     0.000 r  ap_clk (IN)
                         net (fo=0)                   0.000     0.000    ap_clk_IBUF_inst/I
    E4                   INBUF (Prop_INBUF_HDIOB_M_PAD_O)
                                                      1.040     1.040 r  ap_clk_IBUF_inst/INBUF_INST/O
                         net (fo=1, routed)           0.000     1.040    ap_clk_IBUF_inst/OUT
    E4                   IBUFCTRL (Prop_IBUFCTRL_HDIOB_M_I_O)
                                                      0.000     1.040 r  ap_clk_IBUF_inst/IBUFCTRL_INST/O
                         net (fo=1, routed)           0.204     1.244    ap_clk_IBUF
    BUFGCE_HDIO_X3Y2     BUFGCE (Prop_BUFCE_BUFGCE_HDIO_I_O)
                                                      0.028     1.272 r  ap_clk_IBUF_BUFG_inst/O
    X1Y1 (CLOCK_ROOT)    net (fo=4404, routed)        2.822     4.095    u_rp/gmem0_m_axi_U/load_unit_0/ap_clk
    SLICE_X54Y79         FDRE                                         r  u_rp/gmem0_m_axi_U/load_unit_0/tmp_addr_reg[14]/C
                         clock pessimism             -0.809     3.285    
    SLICE_X54Y79         FDRE (Hold_BFF2_SLICEM_C_D)
                                                      0.062     3.347    u_rp/gmem0_m_axi_U/load_unit_0/tmp_addr_reg[14]
  -------------------------------------------------------------------
                         required time                         -3.347    
                         arrival time                           3.358    
  -------------------------------------------------------------------
                         slack                                  0.010    





Pulse Width Checks
--------------------------------------------------------------------------------------
Clock Name:         ap_clk
Waveform(ns):       { 0.000 2.500 }
Period(ns):         5.000
Sources:            { ap_clk }

Check Type        Corner  Lib Pin             Reference Pin  Required(ns)  Actual(ns)  Slack(ns)  Location      Pin
Min Period        n/a     RAMB18E2/CLKARDCLK  n/a            1.569         5.000       3.431      RAMB18_X1Y26  u_rp/gmem0_m_axi_U/load_unit_0/buff_rdata/U_fifo_mem/mem_reg/CLKARDCLK
Low Pulse Width   Slow    RAMB18E2/CLKARDCLK  n/a            0.542         2.500       1.958      RAMB18_X1Y26  u_rp/gmem0_m_axi_U/load_unit_0/buff_rdata/U_fifo_mem/mem_reg/CLKARDCLK
High Pulse Width  Slow    RAMB18E2/CLKARDCLK  n/a            0.542         2.500       1.958      RAMB18_X1Y26  u_rp/gmem0_m_axi_U/load_unit_0/buff_rdata/U_fifo_mem/mem_reg/CLKARDCLK



