Copyright 1986-2022 Xilinx, Inc. All Rights Reserved. Copyright 2022-2024 Advanced Micro Devices, Inc. All Rights Reserved.
--------------------------------------------------------------------------------------------------------------------------------------------------
| Tool Version      : Vivado v.2024.1 (lin64) Build 5076996 Wed May 22 18:36:09 MDT 2024
| Date              : Tue Aug  4 10:56:37 2026
| Host              : DESKTOP-9MHPU7S running 64-bit Ubuntu 22.04.5 LTS
| Command           : report_timing_summary -file /tmp/hls_dfxisp/ooc_dfxisp_accel/dfxisp_accel_ooc.timing.rpt
| Design            : dfx_static_top
| Device            : xczu7ev-ffvc1156
| Speed File        : -2  PRODUCTION 1.30 05-15-2022
| Design State      : Routed
| Temperature Grade : E
--------------------------------------------------------------------------------------------------------------------------------------------------

Timing Summary Report

------------------------------------------------------------------------------------------------
| Timer Settings
| --------------
------------------------------------------------------------------------------------------------

  Enable Multi Corner Analysis               :  Yes
  Enable Pessimism Removal                   :  Yes
  Pessimism Removal Resolution               :  Nearest Common Node
  Enable Input Delay Default Clock           :  No
  Enable Preset / Clear Arcs                 :  No
  Disable Flight Delays                      :  No
  Ignore I/O Paths                           :  No
  Timing Early Launch at Borrowing Latches   :  No
  Borrow Time for Max Delay Exceptions       :  Yes
  Merge Timing Exceptions                    :  Yes
  Inter-SLR Compensation                     :  Conservative

  Corner  Analyze    Analyze    
  Name    Max Paths  Min Paths  
  ------  ---------  ---------  
  Slow    Yes        Yes        
  Fast    Yes        Yes        


------------------------------------------------------------------------------------------------
| Report Methodology
| ------------------
------------------------------------------------------------------------------------------------

No report available as report_methodology has not been run prior. Run report_methodology on the current design for the summary of methodology violations.



check_timing report

Table of Contents
-----------------
1. checking no_clock (0)
2. checking constant_clock (0)
3. checking pulse_width_clock (0)
4. checking unconstrained_internal_endpoints (0)
5. checking no_input_delay (1)
6. checking no_output_delay (0)
7. checking multiple_clock (0)
8. checking generated_clocks (0)
9. checking loops (0)
10. checking partial_input_delay (0)
11. checking partial_output_delay (0)
12. checking latch_loops (0)

1. checking no_clock (0)
------------------------
 There are 0 register/latch pins with no clock.


2. checking constant_clock (0)
------------------------------
 There are 0 register/latch pins with constant_clock.


3. checking pulse_width_clock (0)
---------------------------------
 There are 0 register/latch pins which need pulse_width check


4. checking unconstrained_internal_endpoints (0)
------------------------------------------------
 There are 0 pins that are not constrained for maximum delay.

 There are 0 pins that are not constrained for maximum delay due to constant clock.


5. checking no_input_delay (1)
------------------------------
 There is 1 input port with no input delay specified. (HIGH)

 There are 0 input ports with no input delay but user has a false path constraint.


6. checking no_output_delay (0)
-------------------------------
 There are 0 ports with no output delay specified.

 There are 0 ports with no output delay but user has a false path constraint

 There are 0 ports with no output delay but with a timing clock defined on it or propagating through it


7. checking multiple_clock (0)
------------------------------
 There are 0 register/latch pins with multiple clocks.


8. checking generated_clocks (0)
--------------------------------
 There are 0 generated clocks that are not connected to a clock source.


9. checking loops (0)
---------------------
 There are 0 combinational loops in the design.


10. checking partial_input_delay (0)
------------------------------------
 There are 0 input ports with partial input delay specified.


11. checking partial_output_delay (0)
-------------------------------------
 There are 0 ports with partial output delay specified.


12. checking latch_loops (0)
----------------------------
 There are 0 combinational latch loops in the design through latch input



------------------------------------------------------------------------------------------------
| Design Timing Summary
| ---------------------
------------------------------------------------------------------------------------------------

    WNS(ns)      TNS(ns)  TNS Failing Endpoints  TNS Total Endpoints      WHS(ns)      THS(ns)  THS Failing Endpoints  THS Total Endpoints     WPWS(ns)     TPWS(ns)  TPWS Failing Endpoints  TPWS Total Endpoints  
    -------      -------  ---------------------  -------------------      -------      -------  ---------------------  -------------------     --------     --------  ----------------------  --------------------  
      0.893        0.000                      0                12591        0.011        0.000                      0                12591        1.958        0.000                       0                  5701  


All user specified timing constraints are met.


------------------------------------------------------------------------------------------------
| Clock Summary
| -------------
------------------------------------------------------------------------------------------------

Clock   Waveform(ns)         Period(ns)      Frequency(MHz)
-----   ------------         ----------      --------------
ap_clk  {0.000 2.500}        5.000           200.000         


------------------------------------------------------------------------------------------------
| Intra Clock Table
| -----------------
------------------------------------------------------------------------------------------------

Clock             WNS(ns)      TNS(ns)  TNS Failing Endpoints  TNS Total Endpoints      WHS(ns)      THS(ns)  THS Failing Endpoints  THS Total Endpoints     WPWS(ns)     TPWS(ns)  TPWS Failing Endpoints  TPWS Total Endpoints  
-----             -------      -------  ---------------------  -------------------      -------      -------  ---------------------  -------------------     --------     --------  ----------------------  --------------------  
ap_clk              0.893        0.000                      0                12591        0.011        0.000                      0                12591        1.958        0.000                       0                  5701  


------------------------------------------------------------------------------------------------
| Inter Clock Table
| -----------------
------------------------------------------------------------------------------------------------

From Clock    To Clock          WNS(ns)      TNS(ns)  TNS Failing Endpoints  TNS Total Endpoints      WHS(ns)      THS(ns)  THS Failing Endpoints  THS Total Endpoints  
----------    --------          -------      -------  ---------------------  -------------------      -------      -------  ---------------------  -------------------  


------------------------------------------------------------------------------------------------
| Other Path Groups Table
| -----------------------
------------------------------------------------------------------------------------------------

Path Group    From Clock    To Clock          WNS(ns)      TNS(ns)  TNS Failing Endpoints  TNS Total Endpoints      WHS(ns)      THS(ns)  THS Failing Endpoints  THS Total Endpoints  
----------    ----------    --------          -------      -------  ---------------------  -------------------      -------      -------  ---------------------  -------------------  


------------------------------------------------------------------------------------------------
| Timing Details
| --------------
------------------------------------------------------------------------------------------------


---------------------------------------------------------------------------------------------------
From Clock:  ap_clk
  To Clock:  ap_clk

Setup :            0  Failing Endpoints,  Worst Slack        0.893ns,  Total Violation        0.000ns
Hold  :            0  Failing Endpoints,  Worst Slack        0.011ns,  Total Violation        0.000ns
PW    :            0  Failing Endpoints,  Worst Slack        1.958ns,  Total Violation        0.000ns
---------------------------------------------------------------------------------------------------


Max Delay Paths
--------------------------------------------------------------------------------------
Slack (MET) :             0.893ns  (required time - arrival time)
  Source:                 u_rp/grp_p_anonymous_namespace_run_normal_fu_253/grp_p_anonymous_namespace_run_normal_Pipeline_VITIS_LOOP_251_1_VITIS_LOOP_253_2_fu_83/y_assign_2_reg_1826_reg[5]/C
                            (rising edge-triggered cell FDRE clocked by ap_clk  {rise@0.000ns fall@2.500ns period=5.000ns})
  Destination:            u_rp/grp_p_anonymous_namespace_run_normal_fu_253/grp_p_anonymous_namespace_run_normal_Pipeline_VITIS_LOOP_251_1_VITIS_LOOP_253_2_fu_83/mul_ln149_1_reg_1841_reg[31]/D
                            (rising edge-triggered cell FDRE clocked by ap_clk  {rise@0.000ns fall@2.500ns period=5.000ns})
  Path Group:             ap_clk
  Path Type:              Setup (Max at Slow Process Corner)
  Requirement:            5.000ns  (ap_clk rise@5.000ns - ap_clk rise@0.000ns)
  Data Path Delay:        3.941ns  (logic 2.775ns (70.410%)  route 1.166ns (29.590%))
  Logic Levels:           12  (CARRY8=2 DSP_A_B_DATA=1 DSP_ALU=2 DSP_M_DATA=1 DSP_MULTIPLIER=1 DSP_OUTPUT=2 DSP_PREADD_DATA=1 LUT2=1 LUT3=1)
  Clock Path Skew:        -0.156ns (DCD - SCD + CPR)
    Destination Clock Delay (DCD):    3.024ns = ( 8.024 - 5.000 ) 
    Source Clock Delay      (SCD):    3.921ns
    Clock Pessimism Removal (CPR):    0.741ns
  Clock Uncertainty:      0.035ns  ((TSJ^2 + TIJ^2)^1/2 + DJ) / 2 + PE
    Total System Jitter     (TSJ):    0.071ns
    Total Input Jitter      (TIJ):    0.000ns
    Discrete Jitter          (DJ):    0.000ns
    Phase Error              (PE):    0.000ns
  Clock Net Delay (Source):      2.648ns (routing 1.552ns, distribution 1.096ns)
  Clock Net Delay (Destination): 2.298ns (routing 1.410ns, distribution 0.888ns)

    Location             Delay type                Incr(ns)  Path(ns)    Netlist Resource(s)
  -------------------------------------------------------------------    -------------------
                         (clock ap_clk rise edge)     0.000     0.000 r  
    E4                                                0.000     0.000 r  ap_clk (IN)
                         net (fo=0)                   0.000     0.000    ap_clk_IBUF_inst/I
    E4                   INBUF (Prop_INBUF_HDIOB_M_PAD_O)
                                                      1.040     1.040 r  ap_clk_IBUF_inst/INBUF_INST/O
                         net (fo=1, routed)           0.000     1.040    ap_clk_IBUF_inst/OUT
    E4                   IBUFCTRL (Prop_IBUFCTRL_HDIOB_M_I_O)
                                                      0.000     1.040 r  ap_clk_IBUF_inst/IBUFCTRL_INST/O
                         net (fo=1, routed)           0.204     1.244    ap_clk_IBUF
    BUFGCE_HDIO_X3Y2     BUFGCE (Prop_BUFCE_BUFGCE_HDIO_I_O)
                                                      0.028     1.272 r  ap_clk_IBUF_BUFG_inst/O
    X1Y2 (CLOCK_ROOT)    net (fo=5813, routed)        2.648     3.921    u_rp/grp_p_anonymous_namespace_run_normal_fu_253/grp_p_anonymous_namespace_run_normal_Pipeline_VITIS_LOOP_251_1_VITIS_LOOP_253_2_fu_83/ap_clk
    SLICE_X66Y133        FDRE                                         r  u_rp/grp_p_anonymous_namespace_run_normal_fu_253/grp_p_anonymous_namespace_run_normal_Pipeline_VITIS_LOOP_251_1_VITIS_LOOP_253_2_fu_83/y_assign_2_reg_1826_reg[5]/C
  -------------------------------------------------------------------    -------------------
    SLICE_X66Y133        FDRE (Prop_CFF2_SLICEL_C_Q)
                                                      0.080     4.001 f  u_rp/grp_p_anonymous_namespace_run_normal_fu_253/grp_p_anonymous_namespace_run_normal_Pipeline_VITIS_LOOP_251_1_VITIS_LOOP_253_2_fu_83/y_assign_2_reg_1826_reg[5]/Q
                         net (fo=1, routed)           0.478     4.479    u_rp/grp_p_anonymous_namespace_run_normal_fu_253/grp_p_anonymous_namespace_run_normal_Pipeline_VITIS_LOOP_251_1_VITIS_LOOP_253_2_fu_83/mul_31ns_31ns_32_1_1_U6/DSP_A_B_DATA_INST_1[5]
    SLICE_X64Y129        LUT3 (Prop_D5LUT_SLICEM_I2_O)
                                                      0.110     4.589 f  u_rp/grp_p_anonymous_namespace_run_normal_fu_253/grp_p_anonymous_namespace_run_normal_Pipeline_VITIS_LOOP_251_1_VITIS_LOOP_253_2_fu_83/mul_31ns_31ns_32_1_1_U6/tmp_product__0_i_12/O
                         net (fo=1, routed)           0.253     4.842    u_rp/grp_p_anonymous_namespace_run_normal_fu_253/grp_p_anonymous_namespace_run_normal_Pipeline_VITIS_LOOP_251_1_VITIS_LOOP_253_2_fu_83/mul_31ns_31ns_32_1_1_U6/tmp_product__0/A[5]
    DSP48E2_X6Y53        DSP_A_B_DATA (Prop_DSP_A_B_DATA_DSP48E2_A[5]_A2_DATA[5])
                                                      0.192     5.034 r  u_rp/grp_p_anonymous_namespace_run_normal_fu_253/grp_p_anonymous_namespace_run_normal_Pipeline_VITIS_LOOP_251_1_VITIS_LOOP_253_2_fu_83/mul_31ns_31ns_32_1_1_U6/tmp_product__0/DSP_A_B_DATA_INST/A2_DATA[5]
                         net (fo=1, routed)           0.000     5.034    u_rp/grp_p_anonymous_namespace_run_normal_fu_253/grp_p_anonymous_namespace_run_normal_Pipeline_VITIS_LOOP_251_1_VITIS_LOOP_253_2_fu_83/mul_31ns_31ns_32_1_1_U6/tmp_product__0/DSP_A_B_DATA.A2_DATA<5>
    DSP48E2_X6Y53        DSP_PREADD_DATA (Prop_DSP_PREADD_DATA_DSP48E2_A2_DATA[5]_A2A1[5])
                                                      0.076     5.110 r  u_rp/grp_p_anonymous_namespace_run_normal_fu_253/grp_p_anonymous_namespace_run_normal_Pipeline_VITIS_LOOP_251_1_VITIS_LOOP_253_2_fu_83/mul_31ns_31ns_32_1_1_U6/tmp_product__0/DSP_PREADD_DATA_INST/A2A1[5]
                         net (fo=1, routed)           0.000     5.110    u_rp/grp_p_anonymous_namespace_run_normal_fu_253/grp_p_anonymous_namespace_run_normal_Pipeline_VITIS_LOOP_251_1_VITIS_LOOP_253_2_fu_83/mul_31ns_31ns_32_1_1_U6/tmp_product__0/DSP_PREADD_DATA.A2A1<5>
    DSP48E2_X6Y53        DSP_MULTIPLIER (Prop_DSP_MULTIPLIER_DSP48E2_A2A1[5]_U[26])
                                                      0.505     5.615 f  u_rp/grp_p_anonymous_namespace_run_normal_fu_253/grp_p_anonymous_namespace_run_normal_Pipeline_VITIS_LOOP_251_1_VITIS_LOOP_253_2_fu_83/mul_31ns_31ns_32_1_1_U6/tmp_product__0/DSP_MULTIPLIER_INST/U[26]
                         net (fo=1, routed)           0.000     5.615    u_rp/grp_p_anonymous_namespace_run_normal_fu_253/grp_p_anonymous_namespace_run_normal_Pipeline_VITIS_LOOP_251_1_VITIS_LOOP_253_2_fu_83/mul_31ns_31ns_32_1_1_U6/tmp_product__0/DSP_MULTIPLIER.U<26>
    DSP48E2_X6Y53        DSP_M_DATA (Prop_DSP_M_DATA_DSP48E2_U[26]_U_DATA[26])
                                                      0.047     5.662 r  u_rp/grp_p_anonymous_namespace_run_normal_fu_253/grp_p_anonymous_namespace_run_normal_Pipeline_VITIS_LOOP_251_1_VITIS_LOOP_253_2_fu_83/mul_31ns_31ns_32_1_1_U6/tmp_product__0/DSP_M_DATA_INST/U_DATA[26]
                         net (fo=1, routed)           0.000     5.662    u_rp/grp_p_anonymous_namespace_run_normal_fu_253/grp_p_anonymous_namespace_run_normal_Pipeline_VITIS_LOOP_251_1_VITIS_LOOP_253_2_fu_83/mul_31ns_31ns_32_1_1_U6/tmp_product__0/DSP_M_DATA.U_DATA<26>
    DSP48E2_X6Y53        DSP_ALU (Prop_DSP_ALU_DSP48E2_U_DATA[26]_ALU_OUT[47])
                                                      0.585     6.247 f  u_rp/grp_p_anonymous_namespace_run_normal_fu_253/grp_p_anonymous_namespace_run_normal_Pipeline_VITIS_LOOP_251_1_VITIS_LOOP_253_2_fu_83/mul_31ns_31ns_32_1_1_U6/tmp_product__0/DSP_ALU_INST/ALU_OUT[47]
                         net (fo=1, routed)           0.000     6.247    u_rp/grp_p_anonymous_namespace_run_normal_fu_253/grp_p_anonymous_namespace_run_normal_Pipeline_VITIS_LOOP_251_1_VITIS_LOOP_253_2_fu_83/mul_31ns_31ns_32_1_1_U6/tmp_product__0/DSP_ALU.ALU_OUT<47>
    DSP48E2_X6Y53        DSP_OUTPUT (Prop_DSP_OUTPUT_DSP48E2_ALU_OUT[47]_PCOUT[47])
                                                      0.122     6.369 r  u_rp/grp_p_anonymous_namespace_run_normal_fu_253/grp_p_anonymous_namespace_run_normal_Pipeline_VITIS_LOOP_251_1_VITIS_LOOP_253_2_fu_83/mul_31ns_31ns_32_1_1_U6/tmp_product__0/DSP_OUTPUT_INST/PCOUT[47]
                         net (fo=1, routed)           0.038     6.407    u_rp/grp_p_anonymous_namespace_run_normal_fu_253/grp_p_anonymous_namespace_run_normal_Pipeline_VITIS_LOOP_251_1_VITIS_LOOP_253_2_fu_83/mul_31ns_31ns_32_1_1_U6/tmp_product__1/PCIN[47]
    DSP48E2_X6Y54        DSP_ALU (Prop_DSP_ALU_DSP48E2_PCIN[47]_ALU_OUT[3])
                                                      0.546     6.953 f  u_rp/grp_p_anonymous_namespace_run_normal_fu_253/grp_p_anonymous_namespace_run_normal_Pipeline_VITIS_LOOP_251_1_VITIS_LOOP_253_2_fu_83/mul_31ns_31ns_32_1_1_U6/tmp_product__1/DSP_ALU_INST/ALU_OUT[3]
                         net (fo=1, routed)           0.000     6.953    u_rp/grp_p_anonymous_namespace_run_normal_fu_253/grp_p_anonymous_namespace_run_normal_Pipeline_VITIS_LOOP_251_1_VITIS_LOOP_253_2_fu_83/mul_31ns_31ns_32_1_1_U6/tmp_product__1/DSP_ALU.ALU_OUT<3>
    DSP48E2_X6Y54        DSP_OUTPUT (Prop_DSP_OUTPUT_DSP48E2_ALU_OUT[3]_P[3])
                                                      0.109     7.062 r  u_rp/grp_p_anonymous_namespace_run_normal_fu_253/grp_p_anonymous_namespace_run_normal_Pipeline_VITIS_LOOP_251_1_VITIS_LOOP_253_2_fu_83/mul_31ns_31ns_32_1_1_U6/tmp_product__1/DSP_OUTPUT_INST/P[3]
                         net (fo=2, routed)           0.331     7.393    u_rp/grp_p_anonymous_namespace_run_normal_fu_253/grp_p_anonymous_namespace_run_normal_Pipeline_VITIS_LOOP_251_1_VITIS_LOOP_253_2_fu_83/mul_31ns_31ns_32_1_1_U6/tmp_product__1_n_102
    SLICE_X61Y135        LUT2 (Prop_E6LUT_SLICEM_I0_O)
                                                      0.124     7.517 r  u_rp/grp_p_anonymous_namespace_run_normal_fu_253/grp_p_anonymous_namespace_run_normal_Pipeline_VITIS_LOOP_251_1_VITIS_LOOP_253_2_fu_83/mul_31ns_31ns_32_1_1_U6/mul_ln149_2_reg_1892[23]_i_5/O
                         net (fo=1, routed)           0.014     7.531    u_rp/grp_p_anonymous_namespace_run_normal_fu_253/grp_p_anonymous_namespace_run_normal_Pipeline_VITIS_LOOP_251_1_VITIS_LOOP_253_2_fu_83/mul_31ns_31ns_32_1_1_U6/mul_ln149_2_reg_1892[23]_i_5_n_0
    SLICE_X61Y135        CARRY8 (Prop_CARRY8_SLICEM_S[4]_CO[7])
                                                      0.156     7.687 r  u_rp/grp_p_anonymous_namespace_run_normal_fu_253/grp_p_anonymous_namespace_run_normal_Pipeline_VITIS_LOOP_251_1_VITIS_LOOP_253_2_fu_83/mul_31ns_31ns_32_1_1_U6/mul_ln149_2_reg_1892_reg[23]_i_1/CO[7]
                         net (fo=1, routed)           0.026     7.713    u_rp/grp_p_anonymous_namespace_run_normal_fu_253/grp_p_anonymous_namespace_run_normal_Pipeline_VITIS_LOOP_251_1_VITIS_LOOP_253_2_fu_83/mul_31ns_31ns_32_1_1_U6/mul_ln149_2_reg_1892_reg[23]_i_1_n_0
    SLICE_X61Y136        CARRY8 (Prop_CARRY8_SLICEM_CI_O[7])
                                                      0.123     7.836 r  u_rp/grp_p_anonymous_namespace_run_normal_fu_253/grp_p_anonymous_namespace_run_normal_Pipeline_VITIS_LOOP_251_1_VITIS_LOOP_253_2_fu_83/mul_31ns_31ns_32_1_1_U6/mul_ln149_2_reg_1892_reg[31]_i_2/O[7]
                         net (fo=2, routed)           0.026     7.862    u_rp/grp_p_anonymous_namespace_run_normal_fu_253/grp_p_anonymous_namespace_run_normal_Pipeline_VITIS_LOOP_251_1_VITIS_LOOP_253_2_fu_83/tmp_product__3[31]
    SLICE_X61Y136        FDRE                                         r  u_rp/grp_p_anonymous_namespace_run_normal_fu_253/grp_p_anonymous_namespace_run_normal_Pipeline_VITIS_LOOP_251_1_VITIS_LOOP_253_2_fu_83/mul_ln149_1_reg_1841_reg[31]/D
  -------------------------------------------------------------------    -------------------

                         (clock ap_clk rise edge)     5.000     5.000 r  
    E4                                                0.000     5.000 r  ap_clk (IN)
                         net (fo=0)                   0.000     5.000    ap_clk_IBUF_inst/I
    E4                   INBUF (Prop_INBUF_HDIOB_M_PAD_O)
                                                      0.533     5.533 r  ap_clk_IBUF_inst/INBUF_INST/O
                         net (fo=1, routed)           0.000     5.533    ap_clk_IBUF_inst/OUT
    E4                   IBUFCTRL (Prop_IBUFCTRL_HDIOB_M_I_O)
                                                      0.000     5.533 r  ap_clk_IBUF_inst/IBUFCTRL_INST/O
                         net (fo=1, routed)           0.169     5.702    ap_clk_IBUF
    BUFGCE_HDIO_X3Y2     BUFGCE (Prop_BUFCE_BUFGCE_HDIO_I_O)
                                                      0.024     5.726 r  ap_clk_IBUF_BUFG_inst/O
    X1Y2 (CLOCK_ROOT)    net (fo=5813, routed)        2.298     8.024    u_rp/grp_p_anonymous_namespace_run_normal_fu_253/grp_p_anonymous_namespace_run_normal_Pipeline_VITIS_LOOP_251_1_VITIS_LOOP_253_2_fu_83/ap_clk
    SLICE_X61Y136        FDRE                                         r  u_rp/grp_p_anonymous_namespace_run_normal_fu_253/grp_p_anonymous_namespace_run_normal_Pipeline_VITIS_LOOP_251_1_VITIS_LOOP_253_2_fu_83/mul_ln149_1_reg_1841_reg[31]/C
                         clock pessimism              0.741     8.765    
                         clock uncertainty           -0.035     8.729    
    SLICE_X61Y136        FDRE (Setup_HFF_SLICEM_C_D)
                                                      0.025     8.754    u_rp/grp_p_anonymous_namespace_run_normal_fu_253/grp_p_anonymous_namespace_run_normal_Pipeline_VITIS_LOOP_251_1_VITIS_LOOP_253_2_fu_83/mul_ln149_1_reg_1841_reg[31]
  -------------------------------------------------------------------
                         required time                          8.754    
                         arrival time                          -7.862    
  -------------------------------------------------------------------
                         slack                                  0.893    





Min Delay Paths
--------------------------------------------------------------------------------------
Slack (MET) :             0.011ns  (arrival time - required time)
  Source:                 u_rp/gmem1_m_axi_U/store_unit/fifo_wreq/U_fifo_srl/dout_reg[9]/C
                            (rising edge-triggered cell FDRE clocked by ap_clk  {rise@0.000ns fall@2.500ns period=5.000ns})
  Destination:            u_rp/gmem1_m_axi_U/store_unit/tmp_addr_reg[11]/D
                            (rising edge-triggered cell FDRE clocked by ap_clk  {rise@0.000ns fall@2.500ns period=5.000ns})
  Path Group:             ap_clk
  Path Type:              Hold (Min at Slow Process Corner)
  Requirement:            0.000ns  (ap_clk rise@0.000ns - ap_clk rise@0.000ns)
  Data Path Delay:        0.168ns  (logic 0.060ns (35.714%)  route 0.108ns (64.286%))
  Logic Levels:           0  
  Clock Path Skew:        0.095ns (DCD - SCD - CPR)
    Destination Clock Delay (DCD):    3.852ns
    Source Clock Delay      (SCD):    3.019ns
    Clock Pessimism Removal (CPR):    0.739ns
  Clock Net Delay (Source):      2.293ns (routing 1.410ns, distribution 0.883ns)
  Clock Net Delay (Destination): 2.580ns (routing 1.552ns, distribution 1.028ns)

    Location             Delay type                Incr(ns)  Path(ns)    Netlist Resource(s)
  -------------------------------------------------------------------    -------------------
                         (clock ap_clk rise edge)     0.000     0.000 r  
    E4                                                0.000     0.000 r  ap_clk (IN)
                         net (fo=0)                   0.000     0.000    ap_clk_IBUF_inst/I
    E4                   INBUF (Prop_INBUF_HDIOB_M_PAD_O)
                                                      0.533     0.533 r  ap_clk_IBUF_inst/INBUF_INST/O
                         net (fo=1, routed)           0.000     0.533    ap_clk_IBUF_inst/OUT
    E4                   IBUFCTRL (Prop_IBUFCTRL_HDIOB_M_I_O)
                                                      0.000     0.533 r  ap_clk_IBUF_inst/IBUFCTRL_INST/O
                         net (fo=1, routed)           0.169     0.702    ap_clk_IBUF
    BUFGCE_HDIO_X3Y2     BUFGCE (Prop_BUFCE_BUFGCE_HDIO_I_O)
                                                      0.024     0.726 r  ap_clk_IBUF_BUFG_inst/O
    X1Y2 (CLOCK_ROOT)    net (fo=5813, routed)        2.293     3.019    u_rp/gmem1_m_axi_U/store_unit/fifo_wreq/U_fifo_srl/ap_clk
    SLICE_X61Y165        FDRE                                         r  u_rp/gmem1_m_axi_U/store_unit/fifo_wreq/U_fifo_srl/dout_reg[9]/C
  -------------------------------------------------------------------    -------------------
    SLICE_X61Y165        FDRE (Prop_BFF2_SLICEM_C_Q)
                                                      0.060     3.079 r  u_rp/gmem1_m_axi_U/store_unit/fifo_wreq/U_fifo_srl/dout_reg[9]/Q
                         net (fo=1, routed)           0.108     3.187    u_rp/gmem1_m_axi_U/store_unit/fifo_wreq_n_87
    SLICE_X60Y164        FDRE                                         r  u_rp/gmem1_m_axi_U/store_unit/tmp_addr_reg[11]/D
  -------------------------------------------------------------------    -------------------

                         (clock ap_clk rise edge)     0.000     0.000 r  
    E4                                                0.000     0.000 r  ap_clk (IN)
                         net (fo=0)                   0.000     0.000    ap_clk_IBUF_inst/I
    E4                   INBUF (Prop_INBUF_HDIOB_M_PAD_O)
                                                      1.040     1.040 r  ap_clk_IBUF_inst/INBUF_INST/O
                         net (fo=1, routed)           0.000     1.040    ap_clk_IBUF_inst/OUT
    E4                   IBUFCTRL (Prop_IBUFCTRL_HDIOB_M_I_O)
                                                      0.000     1.040 r  ap_clk_IBUF_inst/IBUFCTRL_INST/O
                         net (fo=1, routed)           0.204     1.244    ap_clk_IBUF
    BUFGCE_HDIO_X3Y2     BUFGCE (Prop_BUFCE_BUFGCE_HDIO_I_O)
                                                      0.028     1.272 r  ap_clk_IBUF_BUFG_inst/O
    X1Y2 (CLOCK_ROOT)    net (fo=5813, routed)        2.580     3.852    u_rp/gmem1_m_axi_U/store_unit/ap_clk
    SLICE_X60Y164        FDRE                                         r  u_rp/gmem1_m_axi_U/store_unit/tmp_addr_reg[11]/C
                         clock pessimism             -0.739     3.114    
    SLICE_X60Y164        FDRE (Hold_EFF2_SLICEL_C_D)
                                                      0.062     3.176    u_rp/gmem1_m_axi_U/store_unit/tmp_addr_reg[11]
  -------------------------------------------------------------------
                         required time                         -3.176    
                         arrival time                           3.187    
  -------------------------------------------------------------------
                         slack                                  0.011    





Pulse Width Checks
--------------------------------------------------------------------------------------
Clock Name:         ap_clk
Waveform(ns):       { 0.000 2.500 }
Period(ns):         5.000
Sources:            { ap_clk }

Check Type        Corner  Lib Pin             Reference Pin  Required(ns)  Actual(ns)  Slack(ns)  Location      Pin
Min Period        n/a     RAMB18E2/CLKARDCLK  n/a            1.569         5.000       3.431      RAMB18_X1Y47  u_rp/gmem0_m_axi_U/load_unit_0/buff_rdata/U_fifo_mem/mem_reg/CLKARDCLK
Low Pulse Width   Slow    RAMB18E2/CLKARDCLK  n/a            0.542         2.500       1.958      RAMB18_X1Y47  u_rp/gmem0_m_axi_U/load_unit_0/buff_rdata/U_fifo_mem/mem_reg/CLKARDCLK
High Pulse Width  Slow    RAMB18E2/CLKARDCLK  n/a            0.542         2.500       1.958      RAMB18_X1Y47  u_rp/gmem0_m_axi_U/load_unit_0/buff_rdata/U_fifo_mem/mem_reg/CLKARDCLK



