Vivado Simulator v2024.1
Copyright 1986-2022 Xilinx, Inc. All Rights Reserved.
Copyright 2022-2024 Advanced Micro Devices, Inc. All Rights Reserved.
Running: /tools/Xilinx/Vivado/2024.1/bin/unwrapped/lnx64.o/xelab xil_defaultlib.apatb_checker_scan_top glbl -Oenable_linking_all_libraries -prj checker_scan.prj -L smartconnect_v1_0 -L axi_protocol_checker_v1_1_12 -L axi_protocol_checker_v1_1_13 -L axis_protocol_checker_v1_1_11 -L axis_protocol_checker_v1_1_12 -L xil_defaultlib -L unisims_ver -L xpm -L floating_point_v7_0_23 -L floating_point_v7_1_18 --lib ieee_proposed=./ieee_proposed -s checker_scan 
Multi-threading is on. Using 14 slave threads.
INFO: [VRFC 10-2263] Analyzing SystemVerilog file "/home/mini/workspace/dfxisp_v2/results/hls_work/checker_cosim/solution1/sim/verilog/glbl.v" into library work
INFO: [VRFC 10-311] analyzing module glbl
INFO: [VRFC 10-2263] Analyzing SystemVerilog file "/home/mini/workspace/dfxisp_v2/results/hls_work/checker_cosim/solution1/sim/verilog/AESL_axi_slave_control.v" into library xil_defaultlib
INFO: [VRFC 10-311] analyzing module AESL_axi_slave_control
INFO: [VRFC 10-2263] Analyzing SystemVerilog file "/home/mini/workspace/dfxisp_v2/results/hls_work/checker_cosim/solution1/sim/verilog/checker_scan_flow_control_loop_pipe_sequential_init.v" into library xil_defaultlib
INFO: [VRFC 10-311] analyzing module checker_scan_flow_control_loop_pipe_sequential_init
INFO: [VRFC 10-2263] Analyzing SystemVerilog file "/home/mini/workspace/dfxisp_v2/results/hls_work/checker_cosim/solution1/sim/verilog/checker_scan_mul_32s_32s_32_1_1.v" into library xil_defaultlib
INFO: [VRFC 10-311] analyzing module checker_scan_mul_32s_32s_32_1_1
INFO: [VRFC 10-2263] Analyzing SystemVerilog file "/home/mini/workspace/dfxisp_v2/results/hls_work/checker_cosim/solution1/sim/verilog/checker_scan.autotb.v" into library xil_defaultlib
INFO: [VRFC 10-311] analyzing module apatb_checker_scan_top
INFO: [VRFC 10-2263] Analyzing SystemVerilog file "/home/mini/workspace/dfxisp_v2/results/hls_work/checker_cosim/solution1/sim/verilog/checker_scan.v" into library xil_defaultlib
INFO: [VRFC 10-311] analyzing module checker_scan
INFO: [VRFC 10-2263] Analyzing SystemVerilog file "/home/mini/workspace/dfxisp_v2/results/hls_work/checker_cosim/solution1/sim/verilog/checker_scan_checker_scan_Pipeline_VITIS_LOOP_38_1.v" into library xil_defaultlib
INFO: [VRFC 10-311] analyzing module checker_scan_checker_scan_Pipeline_VITIS_LOOP_38_1
INFO: [VRFC 10-2263] Analyzing SystemVerilog file "/home/mini/workspace/dfxisp_v2/results/hls_work/checker_cosim/solution1/sim/verilog/checker_scan_control_s_axi.v" into library xil_defaultlib
INFO: [VRFC 10-311] analyzing module checker_scan_control_s_axi
INFO: [VRFC 10-2263] Analyzing SystemVerilog file "/home/mini/workspace/dfxisp_v2/results/hls_work/checker_cosim/solution1/sim/verilog/AESL_axi_master_gmem0.v" into library xil_defaultlib
INFO: [VRFC 10-311] analyzing module AESL_axi_master_gmem0
INFO: [VRFC 10-2263] Analyzing SystemVerilog file "/home/mini/workspace/dfxisp_v2/results/hls_work/checker_cosim/solution1/sim/verilog/checker_scan_gmem0_m_axi.v" into library xil_defaultlib
INFO: [VRFC 10-311] analyzing module checker_scan_gmem0_m_axi
INFO: [VRFC 10-311] analyzing module checker_scan_gmem0_m_axi_load
INFO: [VRFC 10-311] analyzing module checker_scan_gmem0_m_axi_store
INFO: [VRFC 10-311] analyzing module checker_scan_gmem0_m_axi_read
INFO: [VRFC 10-311] analyzing module checker_scan_gmem0_m_axi_write
INFO: [VRFC 10-311] analyzing module checker_scan_gmem0_m_axi_burst_converter
INFO: [VRFC 10-311] analyzing module checker_scan_gmem0_m_axi_throttle
INFO: [VRFC 10-311] analyzing module checker_scan_gmem0_m_axi_reg_slice
INFO: [VRFC 10-311] analyzing module checker_scan_gmem0_m_axi_fifo
INFO: [VRFC 10-311] analyzing module checker_scan_gmem0_m_axi_srl
INFO: [VRFC 10-311] analyzing module checker_scan_gmem0_m_axi_mem
INFO: [VRFC 10-2263] Analyzing SystemVerilog file "/home/mini/workspace/dfxisp_v2/results/hls_work/checker_cosim/solution1/sim/verilog/dataflow_monitor.sv" into library xil_defaultlib
INFO: [VRFC 10-311] analyzing module dataflow_monitor
Starting static elaboration
Pass Through NonSizing Optimizer
Completed static elaboration
Starting simulation data flow analysis
Completed simulation data flow analysis
Time Resolution for simulation is 1ps
Compiling package xil_defaultlib.$unit_dataflow_monitor_sv
Compiling module xil_defaultlib.checker_scan_flow_control_loop_p...
Compiling module xil_defaultlib.checker_scan_checker_scan_Pipeli...
Compiling module xil_defaultlib.checker_scan_control_s_axi
Compiling module xil_defaultlib.checker_scan_gmem0_m_axi_srl(DAT...
Compiling module xil_defaultlib.checker_scan_gmem0_m_axi_fifo(DA...
Compiling module xil_defaultlib.checker_scan_gmem0_m_axi_mem(MEM...
Compiling module xil_defaultlib.checker_scan_gmem0_m_axi_fifo(ME...
Compiling module xil_defaultlib.checker_scan_gmem0_m_axi_srl(ADD...
Compiling module xil_defaultlib.checker_scan_gmem0_m_axi_fifo(AD...
Compiling module xil_defaultlib.checker_scan_gmem0_m_axi_srl(DAT...
Compiling module xil_defaultlib.checker_scan_gmem0_m_axi_fifo(DA...
Compiling module xil_defaultlib.checker_scan_gmem0_m_axi_srl(DAT...
Compiling module xil_defaultlib.checker_scan_gmem0_m_axi_fifo(DA...
Compiling module xil_defaultlib.checker_scan_gmem0_m_axi_store(N...
Compiling module xil_defaultlib.checker_scan_gmem0_m_axi_mem(MEM...
Compiling module xil_defaultlib.checker_scan_gmem0_m_axi_fifo(ME...
Compiling module xil_defaultlib.checker_scan_gmem0_m_axi_srl(DAT...
Compiling module xil_defaultlib.checker_scan_gmem0_m_axi_fifo(DA...
Compiling module xil_defaultlib.checker_scan_gmem0_m_axi_reg_sli...
Compiling module xil_defaultlib.checker_scan_gmem0_m_axi_load(NU...
Compiling module xil_defaultlib.checker_scan_gmem0_m_axi_reg_sli...
Compiling module xil_defaultlib.checker_scan_gmem0_m_axi_burst_c...
Compiling module xil_defaultlib.checker_scan_gmem0_m_axi_srl(DAT...
Compiling module xil_defaultlib.checker_scan_gmem0_m_axi_fifo(DA...
Compiling module xil_defaultlib.checker_scan_gmem0_m_axi_reg_sli...
Compiling module xil_defaultlib.checker_scan_gmem0_m_axi_srl(DAT...
Compiling module xil_defaultlib.checker_scan_gmem0_m_axi_fifo(DA...
Compiling module xil_defaultlib.checker_scan_gmem0_m_axi_srl(DAT...
Compiling module xil_defaultlib.checker_scan_gmem0_m_axi_fifo(DA...
Compiling module xil_defaultlib.checker_scan_gmem0_m_axi_throttl...
Compiling module xil_defaultlib.checker_scan_gmem0_m_axi_reg_sli...
Compiling module xil_defaultlib.checker_scan_gmem0_m_axi_write(C...
Compiling module xil_defaultlib.checker_scan_gmem0_m_axi_srl(DAT...
Compiling module xil_defaultlib.checker_scan_gmem0_m_axi_fifo(DA...
Compiling module xil_defaultlib.checker_scan_gmem0_m_axi_read(C_...
Compiling module xil_defaultlib.checker_scan_gmem0_m_axi(CONSERV...
Compiling module xil_defaultlib.checker_scan_mul_32s_32s_32_1_1(...
Compiling module xil_defaultlib.checker_scan
Compiling module xil_defaultlib.AESL_axi_master_gmem0
Compiling module xil_defaultlib.AESL_axi_slave_control
Compiling module xil_defaultlib.nodf_module_intf_default
Compiling module xil_defaultlib.upc_loop_intf(FSM_WIDTH=1)
Compiling module xil_defaultlib.dataflow_monitor_1
Compiling module xil_defaultlib.apatb_checker_scan_top
Compiling module work.glbl
Built simulation snapshot checker_scan
