Copyright 1986-2022 Xilinx, Inc. All Rights Reserved. Copyright 2022-2024 Advanced Micro Devices, Inc. All Rights Reserved.
--------------------------------------------------------------------------------------------------------------------------------------------------
| Tool Version      : Vivado v.2024.1 (lin64) Build 5076996 Wed May 22 18:36:09 MDT 2024
| Date              : Fri Aug 14 15:59:06 2026
| Host              : DESKTOP-9MHPU7S running 64-bit Ubuntu 22.04.5 LTS
| Command           : report_timing_summary -file /home/mini/workspace/dfxisp/build/zcu104_bitstreams/bitstreams/checker_timing.rpt
| Design            : system_wrapper
| Device            : xczu7ev-ffvc1156
| Speed File        : -2  PRODUCTION 1.30 05-15-2022
| Design State      : Routed
| Temperature Grade : E
--------------------------------------------------------------------------------------------------------------------------------------------------

Timing Summary Report

------------------------------------------------------------------------------------------------
| Timer Settings
| --------------
------------------------------------------------------------------------------------------------

  Enable Multi Corner Analysis               :  Yes
  Enable Pessimism Removal                   :  Yes
  Pessimism Removal Resolution               :  Nearest Common Node
  Enable Input Delay Default Clock           :  No
  Enable Preset / Clear Arcs                 :  No
  Disable Flight Delays                      :  No
  Ignore I/O Paths                           :  No
  Timing Early Launch at Borrowing Latches   :  No
  Borrow Time for Max Delay Exceptions       :  Yes
  Merge Timing Exceptions                    :  Yes
  Inter-SLR Compensation                     :  Conservative

  Corner  Analyze    Analyze    
  Name    Max Paths  Min Paths  
  ------  ---------  ---------  
  Slow    Yes        Yes        
  Fast    Yes        Yes        


------------------------------------------------------------------------------------------------
| Report Methodology
| ------------------
------------------------------------------------------------------------------------------------

No report available as report_methodology has not been run prior. Run report_methodology on the current design for the summary of methodology violations.



check_timing report

Table of Contents
-----------------
1. checking no_clock (0)
2. checking constant_clock (0)
3. checking pulse_width_clock (0)
4. checking unconstrained_internal_endpoints (0)
5. checking no_input_delay (0)
6. checking no_output_delay (0)
7. checking multiple_clock (0)
8. checking generated_clocks (0)
9. checking loops (0)
10. checking partial_input_delay (0)
11. checking partial_output_delay (0)
12. checking latch_loops (0)

1. checking no_clock (0)
------------------------
 There are 0 register/latch pins with no clock.


2. checking constant_clock (0)
------------------------------
 There are 0 register/latch pins with constant_clock.


3. checking pulse_width_clock (0)
---------------------------------
 There are 0 register/latch pins which need pulse_width check


4. checking unconstrained_internal_endpoints (0)
------------------------------------------------
 There are 0 pins that are not constrained for maximum delay.

 There are 0 pins that are not constrained for maximum delay due to constant clock.


5. checking no_input_delay (0)
------------------------------
 There are 0 input ports with no input delay specified.

 There are 0 input ports with no input delay but user has a false path constraint.


6. checking no_output_delay (0)
-------------------------------
 There are 0 ports with no output delay specified.

 There are 0 ports with no output delay but user has a false path constraint

 There are 0 ports with no output delay but with a timing clock defined on it or propagating through it


7. checking multiple_clock (0)
------------------------------
 There are 0 register/latch pins with multiple clocks.


8. checking generated_clocks (0)
--------------------------------
 There are 0 generated clocks that are not connected to a clock source.


9. checking loops (0)
---------------------
 There are 0 combinational loops in the design.


10. checking partial_input_delay (0)
------------------------------------
 There are 0 input ports with partial input delay specified.


11. checking partial_output_delay (0)
-------------------------------------
 There are 0 ports with partial output delay specified.


12. checking latch_loops (0)
----------------------------
 There are 0 combinational latch loops in the design through latch input



------------------------------------------------------------------------------------------------
| Design Timing Summary
| ---------------------
------------------------------------------------------------------------------------------------

    WNS(ns)      TNS(ns)  TNS Failing Endpoints  TNS Total Endpoints      WHS(ns)      THS(ns)  THS Failing Endpoints  THS Total Endpoints     WPWS(ns)     TPWS(ns)  TPWS Failing Endpoints  TPWS Total Endpoints  
    -------      -------  ---------------------  -------------------      -------      -------  ---------------------  -------------------     --------     --------  ----------------------  --------------------  
      5.608        0.000                      0                 9826        0.017        0.000                      0                 9826        3.656        0.000                       0                  3163  


All user specified timing constraints are met.


------------------------------------------------------------------------------------------------
| Clock Summary
| -------------
------------------------------------------------------------------------------------------------

Clock     Waveform(ns)       Period(ns)      Frequency(MHz)
-----     ------------       ----------      --------------
clk_pl_0  {0.000 5.156}      10.312          96.974          


------------------------------------------------------------------------------------------------
| Intra Clock Table
| -----------------
------------------------------------------------------------------------------------------------

Clock             WNS(ns)      TNS(ns)  TNS Failing Endpoints  TNS Total Endpoints      WHS(ns)      THS(ns)  THS Failing Endpoints  THS Total Endpoints     WPWS(ns)     TPWS(ns)  TPWS Failing Endpoints  TPWS Total Endpoints  
-----             -------      -------  ---------------------  -------------------      -------      -------  ---------------------  -------------------     --------     --------  ----------------------  --------------------  
clk_pl_0            5.608        0.000                      0                 9826        0.017        0.000                      0                 9826        3.656        0.000                       0                  3163  


------------------------------------------------------------------------------------------------
| Inter Clock Table
| -----------------
------------------------------------------------------------------------------------------------

From Clock    To Clock          WNS(ns)      TNS(ns)  TNS Failing Endpoints  TNS Total Endpoints      WHS(ns)      THS(ns)  THS Failing Endpoints  THS Total Endpoints  
----------    --------          -------      -------  ---------------------  -------------------      -------      -------  ---------------------  -------------------  


------------------------------------------------------------------------------------------------
| Other Path Groups Table
| -----------------------
------------------------------------------------------------------------------------------------

Path Group    From Clock    To Clock          WNS(ns)      TNS(ns)  TNS Failing Endpoints  TNS Total Endpoints      WHS(ns)      THS(ns)  THS Failing Endpoints  THS Total Endpoints  
----------    ----------    --------          -------      -------  ---------------------  -------------------      -------      -------  ---------------------  -------------------  


------------------------------------------------------------------------------------------------
| Timing Details
| --------------
------------------------------------------------------------------------------------------------


---------------------------------------------------------------------------------------------------
From Clock:  clk_pl_0
  To Clock:  clk_pl_0

Setup :            0  Failing Endpoints,  Worst Slack        5.608ns,  Total Violation        0.000ns
Hold  :            0  Failing Endpoints,  Worst Slack        0.017ns,  Total Violation        0.000ns
PW    :            0  Failing Endpoints,  Worst Slack        3.656ns,  Total Violation        0.000ns
---------------------------------------------------------------------------------------------------


Max Delay Paths
--------------------------------------------------------------------------------------
Slack (MET) :             5.608ns  (required time - arrival time)
  Source:                 system_i/axi_ctrl/inst/s00_entry_pipeline/s00_si_converter/inst/gen_axilite_conv.axilite_conv_inst/w_pointer_reg[3]/C
                            (rising edge-triggered cell FDRE clocked by clk_pl_0  {rise@0.000ns fall@5.156ns period=10.312ns})
  Destination:            system_i/axi_ctrl/inst/s00_entry_pipeline/s00_si_converter/inst/gen_axilite_conv.axilite_conv_inst/w_pointer_reg[0]/CE
                            (rising edge-triggered cell FDRE clocked by clk_pl_0  {rise@0.000ns fall@5.156ns period=10.312ns})
  Path Group:             clk_pl_0
  Path Type:              Setup (Max at Slow Process Corner)
  Requirement:            10.312ns  (clk_pl_0 rise@10.312ns - clk_pl_0 rise@0.000ns)
  Data Path Delay:        4.395ns  (logic 0.564ns (12.832%)  route 3.831ns (87.168%))
  Logic Levels:           4  (LUT4=1 LUT5=2 LUT6=1)
  Clock Path Skew:        -0.089ns (DCD - SCD + CPR)
    Destination Clock Delay (DCD):    1.898ns = ( 12.210 - 10.312 ) 
    Source Clock Delay      (SCD):    2.164ns
    Clock Pessimism Removal (CPR):    0.176ns
  Clock Uncertainty:      0.159ns  ((TSJ^2 + DJ^2)^1/2) / 2 + PE
    Total System Jitter     (TSJ):    0.071ns
    Discrete Jitter          (DJ):    0.310ns
    Phase Error              (PE):    0.000ns
  Clock Net Delay (Source):      1.956ns (routing 0.569ns, distribution 1.387ns)
  Clock Net Delay (Destination): 1.730ns (routing 0.512ns, distribution 1.218ns)

    Location             Delay type                Incr(ns)  Path(ns)    Netlist Resource(s)
  -------------------------------------------------------------------    -------------------
                         (clock clk_pl_0 rise edge)
                                                      0.000     0.000 r  
    PS8_X0Y0             PS8                          0.000     0.000 r  system_i/ps/inst/PS8_i/PLCLK[0]
                         net (fo=1, routed)           0.180     0.180    system_i/ps/inst/pl_clk_unbuffered[0]
    BUFG_PS_X0Y80        BUFG_PS (Prop_BUFG_PS_I_O)
                                                      0.028     0.208 r  system_i/ps/inst/buffer_pl_clk_0.PL_CLK_0_BUFG/O
    X1Y2 (CLOCK_ROOT)    net (fo=3197, routed)        1.956     2.164    system_i/axi_ctrl/inst/s00_entry_pipeline/s00_si_converter/inst/gen_axilite_conv.axilite_conv_inst/aclk
    SLICE_X25Y243        FDRE                                         r  system_i/axi_ctrl/inst/s00_entry_pipeline/s00_si_converter/inst/gen_axilite_conv.axilite_conv_inst/w_pointer_reg[3]/C
  -------------------------------------------------------------------    -------------------
    SLICE_X25Y243        FDRE (Prop_AFF_SLICEM_C_Q)
                                                      0.077     2.241 r  system_i/axi_ctrl/inst/s00_entry_pipeline/s00_si_converter/inst/gen_axilite_conv.axilite_conv_inst/w_pointer_reg[3]/Q
                         net (fo=40, routed)          1.675     3.916    system_i/axi_ctrl/inst/s00_entry_pipeline/s00_si_converter/inst/gen_axilite_conv.axilite_conv_inst/sel[1]
    SLICE_X48Y102        LUT6 (Prop_H6LUT_SLICEL_I3_O)
                                                      0.124     4.040 f  system_i/axi_ctrl/inst/s00_entry_pipeline/s00_si_converter/inst/gen_axilite_conv.axilite_conv_inst/m_axi_wstrb_i[0]_i_1/O
                         net (fo=2, routed)           0.244     4.284    system_i/axi_ctrl/inst/s00_entry_pipeline/s00_si_converter/inst/gen_axilite_conv.axilite_conv_inst/m_axi_wstrb_i[0]_i_1_n_0
    SLICE_X48Y112        LUT4 (Prop_H6LUT_SLICEL_I0_O)
                                                      0.150     4.434 f  system_i/axi_ctrl/inst/s00_entry_pipeline/s00_si_converter/inst/gen_axilite_conv.axilite_conv_inst/aw_addr[6]_i_5/O
                         net (fo=12, routed)          1.589     6.022    system_i/axi_ctrl/inst/s00_entry_pipeline/s00_si_converter/inst/gen_axilite_conv.axilite_conv_inst/aw_addr[6]_i_5_n_0
    SLICE_X26Y243        LUT5 (Prop_F6LUT_SLICEL_I0_O)
                                                      0.123     6.145 r  system_i/axi_ctrl/inst/s00_entry_pipeline/s00_si_converter/inst/gen_axilite_conv.axilite_conv_inst/aw_addr[6]_i_6/O
                         net (fo=2, routed)           0.044     6.189    system_i/axi_ctrl/inst/s00_entry_pipeline/s00_si_converter/inst/gen_axilite_conv.axilite_conv_inst/aw_addr[6]_i_6_n_0
    SLICE_X26Y243        LUT5 (Prop_E6LUT_SLICEL_I0_O)
                                                      0.090     6.279 r  system_i/axi_ctrl/inst/s00_entry_pipeline/s00_si_converter/inst/gen_axilite_conv.axilite_conv_inst/w_pointer[3]_i_1/O
                         net (fo=4, routed)           0.279     6.559    system_i/axi_ctrl/inst/s00_entry_pipeline/s00_si_converter/inst/gen_axilite_conv.axilite_conv_inst/w_pointer[3]_i_1_n_0
    SLICE_X24Y242        FDRE                                         r  system_i/axi_ctrl/inst/s00_entry_pipeline/s00_si_converter/inst/gen_axilite_conv.axilite_conv_inst/w_pointer_reg[0]/CE
  -------------------------------------------------------------------    -------------------

                         (clock clk_pl_0 rise edge)
                                                     10.312    10.312 r  
    PS8_X0Y0             PS8                          0.000    10.312 r  system_i/ps/inst/PS8_i/PLCLK[0]
                         net (fo=1, routed)           0.143    10.455    system_i/ps/inst/pl_clk_unbuffered[0]
    BUFG_PS_X0Y80        BUFG_PS (Prop_BUFG_PS_I_O)
                                                      0.025    10.480 r  system_i/ps/inst/buffer_pl_clk_0.PL_CLK_0_BUFG/O
    X1Y2 (CLOCK_ROOT)    net (fo=3197, routed)        1.730    12.210    system_i/axi_ctrl/inst/s00_entry_pipeline/s00_si_converter/inst/gen_axilite_conv.axilite_conv_inst/aclk
    SLICE_X24Y242        FDRE                                         r  system_i/axi_ctrl/inst/s00_entry_pipeline/s00_si_converter/inst/gen_axilite_conv.axilite_conv_inst/w_pointer_reg[0]/C
                         clock pessimism              0.176    12.386    
                         clock uncertainty           -0.159    12.227    
    SLICE_X24Y242        FDRE (Setup_GFF_SLICEL_C_CE)
                                                     -0.060    12.167    system_i/axi_ctrl/inst/s00_entry_pipeline/s00_si_converter/inst/gen_axilite_conv.axilite_conv_inst/w_pointer_reg[0]
  -------------------------------------------------------------------
                         required time                         12.167    
                         arrival time                          -6.559    
  -------------------------------------------------------------------
                         slack                                  5.608    





Min Delay Paths
--------------------------------------------------------------------------------------
Slack (MET) :             0.017ns  (arrival time - required time)
  Source:                 system_i/checker_scan/inst/gmem0_m_axi_U/load_unit_0/tmp_len_reg[2]/C
                            (rising edge-triggered cell FDRE clocked by clk_pl_0  {rise@0.000ns fall@5.156ns period=10.312ns})
  Destination:            system_i/checker_scan/inst/gmem0_m_axi_U/bus_read/rreq_burst_conv/rs_req/data_p2_reg[66]/D
                            (rising edge-triggered cell FDRE clocked by clk_pl_0  {rise@0.000ns fall@5.156ns period=10.312ns})
  Path Group:             clk_pl_0
  Path Type:              Hold (Min at Slow Process Corner)
  Requirement:            0.000ns  (clk_pl_0 rise@0.000ns - clk_pl_0 rise@0.000ns)
  Data Path Delay:        0.182ns  (logic 0.058ns (31.933%)  route 0.124ns (68.067%))
  Logic Levels:           0  
  Clock Path Skew:        0.103ns (DCD - SCD - CPR)
    Destination Clock Delay (DCD):    1.989ns
    Source Clock Delay      (SCD):    1.722ns
    Clock Pessimism Removal (CPR):    0.164ns
  Clock Net Delay (Source):      1.554ns (routing 0.512ns, distribution 1.042ns)
  Clock Net Delay (Destination): 1.781ns (routing 0.569ns, distribution 1.212ns)

    Location             Delay type                Incr(ns)  Path(ns)    Netlist Resource(s)
  -------------------------------------------------------------------    -------------------
                         (clock clk_pl_0 rise edge)
                                                      0.000     0.000 r  
    PS8_X0Y0             PS8                          0.000     0.000 r  system_i/ps/inst/PS8_i/PLCLK[0]
                         net (fo=1, routed)           0.143     0.143    system_i/ps/inst/pl_clk_unbuffered[0]
    BUFG_PS_X0Y80        BUFG_PS (Prop_BUFG_PS_I_O)
                                                      0.025     0.168 r  system_i/ps/inst/buffer_pl_clk_0.PL_CLK_0_BUFG/O
    X1Y2 (CLOCK_ROOT)    net (fo=3197, routed)        1.554     1.722    system_i/checker_scan/inst/gmem0_m_axi_U/load_unit_0/ap_clk
    SLICE_X59Y95         FDRE                                         r  system_i/checker_scan/inst/gmem0_m_axi_U/load_unit_0/tmp_len_reg[2]/C
  -------------------------------------------------------------------    -------------------
    SLICE_X59Y95         FDRE (Prop_CFF_SLICEL_C_Q)
                                                      0.058     1.780 r  system_i/checker_scan/inst/gmem0_m_axi_U/load_unit_0/tmp_len_reg[2]/Q
                         net (fo=2, routed)           0.124     1.903    system_i/checker_scan/inst/gmem0_m_axi_U/bus_read/rreq_burst_conv/rs_req/data_p2_reg[95]_0[64]
    SLICE_X57Y93         FDRE                                         r  system_i/checker_scan/inst/gmem0_m_axi_U/bus_read/rreq_burst_conv/rs_req/data_p2_reg[66]/D
  -------------------------------------------------------------------    -------------------

                         (clock clk_pl_0 rise edge)
                                                      0.000     0.000 r  
    PS8_X0Y0             PS8                          0.000     0.000 r  system_i/ps/inst/PS8_i/PLCLK[0]
                         net (fo=1, routed)           0.180     0.180    system_i/ps/inst/pl_clk_unbuffered[0]
    BUFG_PS_X0Y80        BUFG_PS (Prop_BUFG_PS_I_O)
                                                      0.028     0.208 r  system_i/ps/inst/buffer_pl_clk_0.PL_CLK_0_BUFG/O
    X1Y2 (CLOCK_ROOT)    net (fo=3197, routed)        1.781     1.989    system_i/checker_scan/inst/gmem0_m_axi_U/bus_read/rreq_burst_conv/rs_req/ap_clk
    SLICE_X57Y93         FDRE                                         r  system_i/checker_scan/inst/gmem0_m_axi_U/bus_read/rreq_burst_conv/rs_req/data_p2_reg[66]/C
                         clock pessimism             -0.164     1.825    
    SLICE_X57Y93         FDRE (Hold_CFF2_SLICEM_C_D)
                                                      0.062     1.887    system_i/checker_scan/inst/gmem0_m_axi_U/bus_read/rreq_burst_conv/rs_req/data_p2_reg[66]
  -------------------------------------------------------------------
                         required time                         -1.887    
                         arrival time                           1.903    
  -------------------------------------------------------------------
                         slack                                  0.017    





Pulse Width Checks
--------------------------------------------------------------------------------------
Clock Name:         clk_pl_0
Waveform(ns):       { 0.000 5.156 }
Period(ns):         10.312
Sources:            { system_i/ps/inst/PS8_i/PLCLK[0] }

Check Type        Corner  Lib Pin          Reference Pin  Required(ns)  Actual(ns)  Slack(ns)  Location  Pin
Min Period        n/a     PS8/MAXIGP0ACLK  n/a            3.000         10.312      7.312      PS8_X0Y0  system_i/ps/inst/PS8_i/MAXIGP0ACLK
Low Pulse Width   Slow    PS8/MAXIGP0ACLK  n/a            1.500         5.156       3.656      PS8_X0Y0  system_i/ps/inst/PS8_i/MAXIGP0ACLK
High Pulse Width  Slow    PS8/MAXIGP0ACLK  n/a            1.500         5.156       3.656      PS8_X0Y0  system_i/ps/inst/PS8_i/MAXIGP0ACLK



