Copyright 1986-2022 Xilinx, Inc. All Rights Reserved. Copyright 2022-2024 Advanced Micro Devices, Inc. All Rights Reserved.
--------------------------------------------------------------------------------------------------------------------------------------------------
| Tool Version      : Vivado v.2024.1 (lin64) Build 5076996 Wed May 22 18:36:09 MDT 2024
| Date              : Fri Aug 14 17:52:50 2026
| Host              : DESKTOP-9MHPU7S running 64-bit Ubuntu 22.04.5 LTS
| Command           : report_timing_summary -file /home/mini/workspace/dfxisp/build/zcu104_bitstreams/bitstreams/defaultisp_timing.rpt
| Design            : system_wrapper
| Device            : xczu7ev-ffvc1156
| Speed File        : -2  PRODUCTION 1.30 05-15-2022
| Design State      : Routed
| Temperature Grade : E
--------------------------------------------------------------------------------------------------------------------------------------------------

Timing Summary Report

------------------------------------------------------------------------------------------------
| Timer Settings
| --------------
------------------------------------------------------------------------------------------------

  Enable Multi Corner Analysis               :  Yes
  Enable Pessimism Removal                   :  Yes
  Pessimism Removal Resolution               :  Nearest Common Node
  Enable Input Delay Default Clock           :  No
  Enable Preset / Clear Arcs                 :  No
  Disable Flight Delays                      :  No
  Ignore I/O Paths                           :  No
  Timing Early Launch at Borrowing Latches   :  No
  Borrow Time for Max Delay Exceptions       :  Yes
  Merge Timing Exceptions                    :  Yes
  Inter-SLR Compensation                     :  Conservative

  Corner  Analyze    Analyze    
  Name    Max Paths  Min Paths  
  ------  ---------  ---------  
  Slow    Yes        Yes        
  Fast    Yes        Yes        


------------------------------------------------------------------------------------------------
| Report Methodology
| ------------------
------------------------------------------------------------------------------------------------

No report available as report_methodology has not been run prior. Run report_methodology on the current design for the summary of methodology violations.



check_timing report

Table of Contents
-----------------
1. checking no_clock (0)
2. checking constant_clock (0)
3. checking pulse_width_clock (0)
4. checking unconstrained_internal_endpoints (0)
5. checking no_input_delay (0)
6. checking no_output_delay (0)
7. checking multiple_clock (0)
8. checking generated_clocks (0)
9. checking loops (0)
10. checking partial_input_delay (0)
11. checking partial_output_delay (0)
12. checking latch_loops (0)

1. checking no_clock (0)
------------------------
 There are 0 register/latch pins with no clock.


2. checking constant_clock (0)
------------------------------
 There are 0 register/latch pins with constant_clock.


3. checking pulse_width_clock (0)
---------------------------------
 There are 0 register/latch pins which need pulse_width check


4. checking unconstrained_internal_endpoints (0)
------------------------------------------------
 There are 0 pins that are not constrained for maximum delay.

 There are 0 pins that are not constrained for maximum delay due to constant clock.


5. checking no_input_delay (0)
------------------------------
 There are 0 input ports with no input delay specified.

 There are 0 input ports with no input delay but user has a false path constraint.


6. checking no_output_delay (0)
-------------------------------
 There are 0 ports with no output delay specified.

 There are 0 ports with no output delay but user has a false path constraint

 There are 0 ports with no output delay but with a timing clock defined on it or propagating through it


7. checking multiple_clock (0)
------------------------------
 There are 0 register/latch pins with multiple clocks.


8. checking generated_clocks (0)
--------------------------------
 There are 0 generated clocks that are not connected to a clock source.


9. checking loops (0)
---------------------
 There are 0 combinational loops in the design.


10. checking partial_input_delay (0)
------------------------------------
 There are 0 input ports with partial input delay specified.


11. checking partial_output_delay (0)
-------------------------------------
 There are 0 ports with partial output delay specified.


12. checking latch_loops (0)
----------------------------
 There are 0 combinational latch loops in the design through latch input



------------------------------------------------------------------------------------------------
| Design Timing Summary
| ---------------------
------------------------------------------------------------------------------------------------

    WNS(ns)      TNS(ns)  TNS Failing Endpoints  TNS Total Endpoints      WHS(ns)      THS(ns)  THS Failing Endpoints  THS Total Endpoints     WPWS(ns)     TPWS(ns)  TPWS Failing Endpoints  TPWS Total Endpoints  
    -------      -------  ---------------------  -------------------      -------      -------  ---------------------  -------------------     --------     --------  ----------------------  --------------------  
      4.430        0.000                      0                37832        0.010        0.000                      0                37832        3.656        0.000                       0                 13536  


All user specified timing constraints are met.


------------------------------------------------------------------------------------------------
| Clock Summary
| -------------
------------------------------------------------------------------------------------------------

Clock     Waveform(ns)       Period(ns)      Frequency(MHz)
-----     ------------       ----------      --------------
clk_pl_0  {0.000 5.156}      10.312          96.974          


------------------------------------------------------------------------------------------------
| Intra Clock Table
| -----------------
------------------------------------------------------------------------------------------------

Clock             WNS(ns)      TNS(ns)  TNS Failing Endpoints  TNS Total Endpoints      WHS(ns)      THS(ns)  THS Failing Endpoints  THS Total Endpoints     WPWS(ns)     TPWS(ns)  TPWS Failing Endpoints  TPWS Total Endpoints  
-----             -------      -------  ---------------------  -------------------      -------      -------  ---------------------  -------------------     --------     --------  ----------------------  --------------------  
clk_pl_0            4.430        0.000                      0                37832        0.010        0.000                      0                37832        3.656        0.000                       0                 13536  


------------------------------------------------------------------------------------------------
| Inter Clock Table
| -----------------
------------------------------------------------------------------------------------------------

From Clock    To Clock          WNS(ns)      TNS(ns)  TNS Failing Endpoints  TNS Total Endpoints      WHS(ns)      THS(ns)  THS Failing Endpoints  THS Total Endpoints  
----------    --------          -------      -------  ---------------------  -------------------      -------      -------  ---------------------  -------------------  


------------------------------------------------------------------------------------------------
| Other Path Groups Table
| -----------------------
------------------------------------------------------------------------------------------------

Path Group    From Clock    To Clock          WNS(ns)      TNS(ns)  TNS Failing Endpoints  TNS Total Endpoints      WHS(ns)      THS(ns)  THS Failing Endpoints  THS Total Endpoints  
----------    ----------    --------          -------      -------  ---------------------  -------------------      -------      -------  ---------------------  -------------------  


------------------------------------------------------------------------------------------------
| Timing Details
| --------------
------------------------------------------------------------------------------------------------


---------------------------------------------------------------------------------------------------
From Clock:  clk_pl_0
  To Clock:  clk_pl_0

Setup :            0  Failing Endpoints,  Worst Slack        4.430ns,  Total Violation        0.000ns
Hold  :            0  Failing Endpoints,  Worst Slack        0.010ns,  Total Violation        0.000ns
PW    :            0  Failing Endpoints,  Worst Slack        3.656ns,  Total Violation        0.000ns
---------------------------------------------------------------------------------------------------


Max Delay Paths
--------------------------------------------------------------------------------------
Slack (MET) :             4.430ns  (required time - arrival time)
  Source:                 system_i/default_isp/inst/grp_p_anonymous_namespace_run_default_isp_fu_148/grp_p_anonymous_namespace_run_default_isp_Pipeline_VITIS_LOOP_203_1_VITIS_LOOP_205_2_fu_135/ap_CS_fsm_reg[7]/C
                            (rising edge-triggered cell FDRE clocked by clk_pl_0  {rise@0.000ns fall@5.156ns period=10.312ns})
  Destination:            system_i/default_isp/inst/grp_p_anonymous_namespace_run_default_isp_fu_148/grp_p_anonymous_namespace_run_default_isp_Pipeline_VITIS_LOOP_203_1_VITIS_LOOP_205_2_fu_135/tmp_50_reg_3627_reg[0]/D
                            (rising edge-triggered cell FDRE clocked by clk_pl_0  {rise@0.000ns fall@5.156ns period=10.312ns})
  Path Group:             clk_pl_0
  Path Type:              Setup (Max at Slow Process Corner)
  Requirement:            10.312ns  (clk_pl_0 rise@10.312ns - clk_pl_0 rise@0.000ns)
  Data Path Delay:        5.643ns  (logic 2.412ns (42.744%)  route 3.231ns (57.256%))
  Logic Levels:           10  (DSP_A_B_DATA=1 DSP_ALU=2 DSP_M_DATA=1 DSP_MULTIPLIER=1 DSP_OUTPUT=2 DSP_PREADD_DATA=1 LUT3=1 LUT5=1)
  Clock Path Skew:        -0.105ns (DCD - SCD + CPR)
    Destination Clock Delay (DCD):    1.747ns = ( 12.059 - 10.312 ) 
    Source Clock Delay      (SCD):    2.020ns
    Clock Pessimism Removal (CPR):    0.168ns
  Clock Uncertainty:      0.159ns  ((TSJ^2 + DJ^2)^1/2) / 2 + PE
    Total System Jitter     (TSJ):    0.071ns
    Discrete Jitter          (DJ):    0.310ns
    Phase Error              (PE):    0.000ns
  Clock Net Delay (Source):      1.812ns (routing 0.569ns, distribution 1.243ns)
  Clock Net Delay (Destination): 1.579ns (routing 0.512ns, distribution 1.067ns)

    Location             Delay type                Incr(ns)  Path(ns)    Netlist Resource(s)
  -------------------------------------------------------------------    -------------------
                         (clock clk_pl_0 rise edge)
                                                      0.000     0.000 r  
    PS8_X0Y0             PS8                          0.000     0.000 r  system_i/ps/inst/PS8_i/PLCLK[0]
                         net (fo=1, routed)           0.180     0.180    system_i/ps/inst/pl_clk_unbuffered[0]
    BUFG_PS_X0Y80        BUFG_PS (Prop_BUFG_PS_I_O)
                                                      0.028     0.208 r  system_i/ps/inst/buffer_pl_clk_0.PL_CLK_0_BUFG/O
    X1Y2 (CLOCK_ROOT)    net (fo=13637, routed)       1.812     2.020    system_i/default_isp/inst/grp_p_anonymous_namespace_run_default_isp_fu_148/grp_p_anonymous_namespace_run_default_isp_Pipeline_VITIS_LOOP_203_1_VITIS_LOOP_205_2_fu_135/ap_clk
    SLICE_X59Y45         FDRE                                         r  system_i/default_isp/inst/grp_p_anonymous_namespace_run_default_isp_fu_148/grp_p_anonymous_namespace_run_default_isp_Pipeline_VITIS_LOOP_203_1_VITIS_LOOP_205_2_fu_135/ap_CS_fsm_reg[7]/C
  -------------------------------------------------------------------    -------------------
    SLICE_X59Y45         FDRE (Prop_DFF_SLICEL_C_Q)
                                                      0.079     2.099 r  system_i/default_isp/inst/grp_p_anonymous_namespace_run_default_isp_fu_148/grp_p_anonymous_namespace_run_default_isp_Pipeline_VITIS_LOOP_203_1_VITIS_LOOP_205_2_fu_135/ap_CS_fsm_reg[7]/Q
                         net (fo=30, routed)          0.821     2.920    system_i/default_isp/inst/grp_p_anonymous_namespace_run_default_isp_fu_148/grp_p_anonymous_namespace_run_default_isp_Pipeline_VITIS_LOOP_203_1_VITIS_LOOP_205_2_fu_135/mul_12ns_32s_32_1_1_U26/DSP_A_B_DATA_INST[0]
    SLICE_X59Y117        LUT3 (Prop_A5LUT_SLICEL_I1_O)
                                                      0.112     3.032 f  system_i/default_isp/inst/grp_p_anonymous_namespace_run_default_isp_fu_148/grp_p_anonymous_namespace_run_default_isp_Pipeline_VITIS_LOOP_203_1_VITIS_LOOP_205_2_fu_135/mul_12ns_32s_32_1_1_U26/tmp_product_i_16/O
                         net (fo=1, routed)           1.976     5.008    system_i/default_isp/inst/grp_p_anonymous_namespace_run_default_isp_fu_148/grp_p_anonymous_namespace_run_default_isp_Pipeline_VITIS_LOOP_203_1_VITIS_LOOP_205_2_fu_135/mul_12ns_32s_32_1_1_U26/tmp_product/A[7]
    DSP48E2_X6Y13        DSP_A_B_DATA (Prop_DSP_A_B_DATA_DSP48E2_A[7]_A2_DATA[7])
                                                      0.192     5.200 r  system_i/default_isp/inst/grp_p_anonymous_namespace_run_default_isp_fu_148/grp_p_anonymous_namespace_run_default_isp_Pipeline_VITIS_LOOP_203_1_VITIS_LOOP_205_2_fu_135/mul_12ns_32s_32_1_1_U26/tmp_product/DSP_A_B_DATA_INST/A2_DATA[7]
                         net (fo=1, routed)           0.000     5.200    system_i/default_isp/inst/grp_p_anonymous_namespace_run_default_isp_fu_148/grp_p_anonymous_namespace_run_default_isp_Pipeline_VITIS_LOOP_203_1_VITIS_LOOP_205_2_fu_135/mul_12ns_32s_32_1_1_U26/tmp_product/DSP_A_B_DATA.A2_DATA<7>
    DSP48E2_X6Y13        DSP_PREADD_DATA (Prop_DSP_PREADD_DATA_DSP48E2_A2_DATA[7]_A2A1[7])
                                                      0.076     5.276 r  system_i/default_isp/inst/grp_p_anonymous_namespace_run_default_isp_fu_148/grp_p_anonymous_namespace_run_default_isp_Pipeline_VITIS_LOOP_203_1_VITIS_LOOP_205_2_fu_135/mul_12ns_32s_32_1_1_U26/tmp_product/DSP_PREADD_DATA_INST/A2A1[7]
                         net (fo=1, routed)           0.000     5.276    system_i/default_isp/inst/grp_p_anonymous_namespace_run_default_isp_fu_148/grp_p_anonymous_namespace_run_default_isp_Pipeline_VITIS_LOOP_203_1_VITIS_LOOP_205_2_fu_135/mul_12ns_32s_32_1_1_U26/tmp_product/DSP_PREADD_DATA.A2A1<7>
    DSP48E2_X6Y13        DSP_MULTIPLIER (Prop_DSP_MULTIPLIER_DSP48E2_A2A1[7]_U[28])
                                                      0.505     5.781 f  system_i/default_isp/inst/grp_p_anonymous_namespace_run_default_isp_fu_148/grp_p_anonymous_namespace_run_default_isp_Pipeline_VITIS_LOOP_203_1_VITIS_LOOP_205_2_fu_135/mul_12ns_32s_32_1_1_U26/tmp_product/DSP_MULTIPLIER_INST/U[28]
                         net (fo=1, routed)           0.000     5.781    system_i/default_isp/inst/grp_p_anonymous_namespace_run_default_isp_fu_148/grp_p_anonymous_namespace_run_default_isp_Pipeline_VITIS_LOOP_203_1_VITIS_LOOP_205_2_fu_135/mul_12ns_32s_32_1_1_U26/tmp_product/DSP_MULTIPLIER.U<28>
    DSP48E2_X6Y13        DSP_M_DATA (Prop_DSP_M_DATA_DSP48E2_U[28]_U_DATA[28])
                                                      0.047     5.828 r  system_i/default_isp/inst/grp_p_anonymous_namespace_run_default_isp_fu_148/grp_p_anonymous_namespace_run_default_isp_Pipeline_VITIS_LOOP_203_1_VITIS_LOOP_205_2_fu_135/mul_12ns_32s_32_1_1_U26/tmp_product/DSP_M_DATA_INST/U_DATA[28]
                         net (fo=1, routed)           0.000     5.828    system_i/default_isp/inst/grp_p_anonymous_namespace_run_default_isp_fu_148/grp_p_anonymous_namespace_run_default_isp_Pipeline_VITIS_LOOP_203_1_VITIS_LOOP_205_2_fu_135/mul_12ns_32s_32_1_1_U26/tmp_product/DSP_M_DATA.U_DATA<28>
    DSP48E2_X6Y13        DSP_ALU (Prop_DSP_ALU_DSP48E2_U_DATA[28]_ALU_OUT[47])
                                                      0.585     6.413 f  system_i/default_isp/inst/grp_p_anonymous_namespace_run_default_isp_fu_148/grp_p_anonymous_namespace_run_default_isp_Pipeline_VITIS_LOOP_203_1_VITIS_LOOP_205_2_fu_135/mul_12ns_32s_32_1_1_U26/tmp_product/DSP_ALU_INST/ALU_OUT[47]
                         net (fo=1, routed)           0.000     6.413    system_i/default_isp/inst/grp_p_anonymous_namespace_run_default_isp_fu_148/grp_p_anonymous_namespace_run_default_isp_Pipeline_VITIS_LOOP_203_1_VITIS_LOOP_205_2_fu_135/mul_12ns_32s_32_1_1_U26/tmp_product/DSP_ALU.ALU_OUT<47>
    DSP48E2_X6Y13        DSP_OUTPUT (Prop_DSP_OUTPUT_DSP48E2_ALU_OUT[47]_PCOUT[47])
                                                      0.122     6.535 r  system_i/default_isp/inst/grp_p_anonymous_namespace_run_default_isp_fu_148/grp_p_anonymous_namespace_run_default_isp_Pipeline_VITIS_LOOP_203_1_VITIS_LOOP_205_2_fu_135/mul_12ns_32s_32_1_1_U26/tmp_product/DSP_OUTPUT_INST/PCOUT[47]
                         net (fo=1, routed)           0.038     6.573    system_i/default_isp/inst/grp_p_anonymous_namespace_run_default_isp_fu_148/grp_p_anonymous_namespace_run_default_isp_Pipeline_VITIS_LOOP_203_1_VITIS_LOOP_205_2_fu_135/mul_12ns_32s_32_1_1_U26/tmp_product__0/PCIN[47]
    DSP48E2_X6Y14        DSP_ALU (Prop_DSP_ALU_DSP48E2_PCIN[47]_ALU_OUT[14])
                                                      0.546     7.119 f  system_i/default_isp/inst/grp_p_anonymous_namespace_run_default_isp_fu_148/grp_p_anonymous_namespace_run_default_isp_Pipeline_VITIS_LOOP_203_1_VITIS_LOOP_205_2_fu_135/mul_12ns_32s_32_1_1_U26/tmp_product__0/DSP_ALU_INST/ALU_OUT[14]
                         net (fo=1, routed)           0.000     7.119    system_i/default_isp/inst/grp_p_anonymous_namespace_run_default_isp_fu_148/grp_p_anonymous_namespace_run_default_isp_Pipeline_VITIS_LOOP_203_1_VITIS_LOOP_205_2_fu_135/mul_12ns_32s_32_1_1_U26/tmp_product__0/DSP_ALU.ALU_OUT<14>
    DSP48E2_X6Y14        DSP_OUTPUT (Prop_DSP_OUTPUT_DSP48E2_ALU_OUT[14]_P[14])
                                                      0.109     7.228 r  system_i/default_isp/inst/grp_p_anonymous_namespace_run_default_isp_fu_148/grp_p_anonymous_namespace_run_default_isp_Pipeline_VITIS_LOOP_203_1_VITIS_LOOP_205_2_fu_135/mul_12ns_32s_32_1_1_U26/tmp_product__0/DSP_OUTPUT_INST/P[14]
                         net (fo=3, routed)           0.338     7.566    system_i/default_isp/inst/grp_p_anonymous_namespace_run_default_isp_fu_148/mul_12ns_32s_32_1_1_U26/tmp_product__1[31]
    SLICE_X61Y36         LUT5 (Prop_H6LUT_SLICEM_I0_O)
                                                      0.039     7.605 r  system_i/default_isp/inst/grp_p_anonymous_namespace_run_default_isp_fu_148/tmp_50_reg_3627[0]_i_1/O
                         net (fo=1, routed)           0.058     7.663    system_i/default_isp/inst/grp_p_anonymous_namespace_run_default_isp_fu_148/grp_p_anonymous_namespace_run_default_isp_Pipeline_VITIS_LOOP_203_1_VITIS_LOOP_205_2_fu_135/tmp_50_reg_3627_reg[0]_0
    SLICE_X61Y36         FDRE                                         r  system_i/default_isp/inst/grp_p_anonymous_namespace_run_default_isp_fu_148/grp_p_anonymous_namespace_run_default_isp_Pipeline_VITIS_LOOP_203_1_VITIS_LOOP_205_2_fu_135/tmp_50_reg_3627_reg[0]/D
  -------------------------------------------------------------------    -------------------

                         (clock clk_pl_0 rise edge)
                                                     10.312    10.312 r  
    PS8_X0Y0             PS8                          0.000    10.312 r  system_i/ps/inst/PS8_i/PLCLK[0]
                         net (fo=1, routed)           0.143    10.455    system_i/ps/inst/pl_clk_unbuffered[0]
    BUFG_PS_X0Y80        BUFG_PS (Prop_BUFG_PS_I_O)
                                                      0.025    10.480 r  system_i/ps/inst/buffer_pl_clk_0.PL_CLK_0_BUFG/O
    X1Y2 (CLOCK_ROOT)    net (fo=13637, routed)       1.579    12.059    system_i/default_isp/inst/grp_p_anonymous_namespace_run_default_isp_fu_148/grp_p_anonymous_namespace_run_default_isp_Pipeline_VITIS_LOOP_203_1_VITIS_LOOP_205_2_fu_135/ap_clk
    SLICE_X61Y36         FDRE                                         r  system_i/default_isp/inst/grp_p_anonymous_namespace_run_default_isp_fu_148/grp_p_anonymous_namespace_run_default_isp_Pipeline_VITIS_LOOP_203_1_VITIS_LOOP_205_2_fu_135/tmp_50_reg_3627_reg[0]/C
                         clock pessimism              0.168    12.227    
                         clock uncertainty           -0.159    12.068    
    SLICE_X61Y36         FDRE (Setup_HFF_SLICEM_C_D)
                                                      0.025    12.093    system_i/default_isp/inst/grp_p_anonymous_namespace_run_default_isp_fu_148/grp_p_anonymous_namespace_run_default_isp_Pipeline_VITIS_LOOP_203_1_VITIS_LOOP_205_2_fu_135/tmp_50_reg_3627_reg[0]
  -------------------------------------------------------------------
                         required time                         12.093    
                         arrival time                          -7.663    
  -------------------------------------------------------------------
                         slack                                  4.430    





Min Delay Paths
--------------------------------------------------------------------------------------
Slack (MET) :             0.010ns  (arrival time - required time)
  Source:                 system_i/default_isp/inst/gmem1_m_axi_U/bus_write/wreq_burst_conv/rs_req/data_p1_reg[10]/C
                            (rising edge-triggered cell FDRE clocked by clk_pl_0  {rise@0.000ns fall@5.156ns period=10.312ns})
  Destination:            system_i/default_isp/inst/gmem1_m_axi_U/bus_write/wreq_burst_conv/start_to_4k_reg[8]/D
                            (rising edge-triggered cell FDRE clocked by clk_pl_0  {rise@0.000ns fall@5.156ns period=10.312ns})
  Path Group:             clk_pl_0
  Path Type:              Hold (Min at Slow Process Corner)
  Requirement:            0.000ns  (clk_pl_0 rise@0.000ns - clk_pl_0 rise@0.000ns)
  Data Path Delay:        0.178ns  (logic 0.094ns (52.677%)  route 0.084ns (47.323%))
  Logic Levels:           1  (LUT1=1)
  Clock Path Skew:        0.108ns (DCD - SCD - CPR)
    Destination Clock Delay (DCD):    2.139ns
    Source Clock Delay      (SCD):    1.853ns
    Clock Pessimism Removal (CPR):    0.178ns
  Clock Net Delay (Source):      1.685ns (routing 0.512ns, distribution 1.173ns)
  Clock Net Delay (Destination): 1.931ns (routing 0.569ns, distribution 1.362ns)

    Location             Delay type                Incr(ns)  Path(ns)    Netlist Resource(s)
  -------------------------------------------------------------------    -------------------
                         (clock clk_pl_0 rise edge)
                                                      0.000     0.000 r  
    PS8_X0Y0             PS8                          0.000     0.000 r  system_i/ps/inst/PS8_i/PLCLK[0]
                         net (fo=1, routed)           0.143     0.143    system_i/ps/inst/pl_clk_unbuffered[0]
    BUFG_PS_X0Y80        BUFG_PS (Prop_BUFG_PS_I_O)
                                                      0.025     0.168 r  system_i/ps/inst/buffer_pl_clk_0.PL_CLK_0_BUFG/O
    X1Y2 (CLOCK_ROOT)    net (fo=13637, routed)       1.685     1.853    system_i/default_isp/inst/gmem1_m_axi_U/bus_write/wreq_burst_conv/rs_req/ap_clk
    SLICE_X66Y45         FDRE                                         r  system_i/default_isp/inst/gmem1_m_axi_U/bus_write/wreq_burst_conv/rs_req/data_p1_reg[10]/C
  -------------------------------------------------------------------    -------------------
    SLICE_X66Y45         FDRE (Prop_BFF_SLICEL_C_Q)
                                                      0.059     1.912 f  system_i/default_isp/inst/gmem1_m_axi_U/bus_write/wreq_burst_conv/rs_req/data_p1_reg[10]/Q
                         net (fo=5, routed)           0.062     1.974    system_i/default_isp/inst/gmem1_m_axi_U/bus_write/wreq_burst_conv/rs_req_n_121
    SLICE_X68Y45         LUT1 (Prop_D6LUT_SLICEL_I0_O)
                                                      0.035     2.009 r  system_i/default_isp/inst/gmem1_m_axi_U/bus_write/wreq_burst_conv/start_to_4k[8]_i_1/O
                         net (fo=1, routed)           0.022     2.031    system_i/default_isp/inst/gmem1_m_axi_U/bus_write/wreq_burst_conv/start_to_4k0[8]
    SLICE_X68Y45         FDRE                                         r  system_i/default_isp/inst/gmem1_m_axi_U/bus_write/wreq_burst_conv/start_to_4k_reg[8]/D
  -------------------------------------------------------------------    -------------------

                         (clock clk_pl_0 rise edge)
                                                      0.000     0.000 r  
    PS8_X0Y0             PS8                          0.000     0.000 r  system_i/ps/inst/PS8_i/PLCLK[0]
                         net (fo=1, routed)           0.180     0.180    system_i/ps/inst/pl_clk_unbuffered[0]
    BUFG_PS_X0Y80        BUFG_PS (Prop_BUFG_PS_I_O)
                                                      0.028     0.208 r  system_i/ps/inst/buffer_pl_clk_0.PL_CLK_0_BUFG/O
    X1Y2 (CLOCK_ROOT)    net (fo=13637, routed)       1.931     2.139    system_i/default_isp/inst/gmem1_m_axi_U/bus_write/wreq_burst_conv/ap_clk
    SLICE_X68Y45         FDRE                                         r  system_i/default_isp/inst/gmem1_m_axi_U/bus_write/wreq_burst_conv/start_to_4k_reg[8]/C
                         clock pessimism             -0.178     1.961    
    SLICE_X68Y45         FDRE (Hold_DFF_SLICEL_C_D)
                                                      0.060     2.021    system_i/default_isp/inst/gmem1_m_axi_U/bus_write/wreq_burst_conv/start_to_4k_reg[8]
  -------------------------------------------------------------------
                         required time                         -2.021    
                         arrival time                           2.031    
  -------------------------------------------------------------------
                         slack                                  0.010    





Pulse Width Checks
--------------------------------------------------------------------------------------
Clock Name:         clk_pl_0
Waveform(ns):       { 0.000 5.156 }
Period(ns):         10.312
Sources:            { system_i/ps/inst/PS8_i/PLCLK[0] }

Check Type        Corner  Lib Pin          Reference Pin  Required(ns)  Actual(ns)  Slack(ns)  Location  Pin
Min Period        n/a     PS8/MAXIGP0ACLK  n/a            3.000         10.312      7.312      PS8_X0Y0  system_i/ps/inst/PS8_i/MAXIGP0ACLK
Low Pulse Width   Slow    PS8/MAXIGP0ACLK  n/a            1.500         5.156       3.656      PS8_X0Y0  system_i/ps/inst/PS8_i/MAXIGP0ACLK
High Pulse Width  Slow    PS8/MAXIGP0ACLK  n/a            1.500         5.156       3.656      PS8_X0Y0  system_i/ps/inst/PS8_i/MAXIGP0ACLK



