

================================================================
== Vitis HLS Report for 'dfxisp_accel'
================================================================
* Date:           Tue Aug  4 10:15:58 2026

* Version:        2024.1 (Build 5069499 on May 21 2024)
* Project:        proj_dfxisp_accel
* Solution:       solution1 (Vivado IP Flow Target)
* Product family: zynquplus
* Target device:  xczu7ev-ffvc1156-2-e


================================================================
== Performance Estimates
================================================================
+ Timing: 
    * Summary: 
    +--------+---------+----------+------------+
    |  Clock |  Target | Estimated| Uncertainty|
    +--------+---------+----------+------------+
    |ap_clk  |  5.00 ns|  3.650 ns|     1.35 ns|
    +--------+---------+----------+------------+

+ Latency: 
    * Summary: 
    +---------+----------+----------+-----------+-----+----------+---------+
    |  Latency (cycles)  |  Latency (absolute)  |    Interval    | Pipeline|
    |   min   |    max   |    min   |    max    | min |    max   |   Type  |
    +---------+----------+----------+-----------+-----+----------+---------+
    |        1|  20736045|  5.000 ns|  0.104 sec|    2|  20736046|       no|
    +---------+----------+----------+-----------+-----+----------+---------+

    + Detail: 
        * Instance: 
        +---------------------------------------------------+----------------------------------------+---------+----------+-----------+-----------+-----+----------+-----------------------------------------------+
        |                                                   |                                        |  Latency (cycles)  |   Latency (absolute)  |    Interval    |                    Pipeline                   |
        |                      Instance                     |                 Module                 |   min   |    max   |    min    |    max    | min |    max   |                      Type                     |
        +---------------------------------------------------+----------------------------------------+---------+----------+-----------+-----------+-----+----------+-----------------------------------------------+
        |grp_dfxisp_accel_Pipeline_VITIS_LOOP_166_1_fu_243  |dfxisp_accel_Pipeline_VITIS_LOOP_166_1  |       19|   2073603|  95.000 ns|  10.368 ms|   17|   2073601|  loop auto-rewind stp(delay=0 clock cycles(s))|
        |grp_p_anonymous_namespace_run_normal_fu_253        |p_anonymous_namespace_run_normal        |      171|  18662427|   0.855 us|  93.312 ms|  171|  18662427|                                             no|
        |grp_p_anonymous_namespace_run_low_light_fu_267     |p_anonymous_namespace_run_low_light     |       74|   2604428|   0.370 us|  13.022 ms|   74|   2604428|                                             no|
        +---------------------------------------------------+----------------------------------------+---------+----------+-----------+-----------+-----+----------+-----------------------------------------------+

        * Loop: 
        N/A



================================================================
== Utilization Estimates
================================================================
* Summary: 
+-----------------+---------+------+--------+--------+-----+
|       Name      | BRAM_18K|  DSP |   FF   |   LUT  | URAM|
+-----------------+---------+------+--------+--------+-----+
|DSP              |        -|     -|       -|       -|    -|
|Expression       |        -|     -|       0|     298|    -|
|FIFO             |        -|     -|       -|       -|    -|
|Instance         |        9|    24|    4990|    7602|    0|
|Memory           |        -|     -|       -|       -|    -|
|Multiplexer      |        -|     -|       0|     364|    -|
|Register         |        -|     -|     546|       -|    -|
+-----------------+---------+------+--------+--------+-----+
|Total            |        9|    24|    5536|    8264|    0|
+-----------------+---------+------+--------+--------+-----+
|Available        |      624|  1728|  460800|  230400|   96|
+-----------------+---------+------+--------+--------+-----+
|Utilization (%)  |        1|     1|       1|       3|    0|
+-----------------+---------+------+--------+--------+-----+

+ Detail: 
    * Instance: 
    +---------------------------------------------------+----------------------------------------+---------+----+------+------+-----+
    |                      Instance                     |                 Module                 | BRAM_18K| DSP|  FF  |  LUT | URAM|
    +---------------------------------------------------+----------------------------------------+---------+----+------+------+-----+
    |control_s_axi_U                                    |control_s_axi                           |        0|   0|   464|   776|    0|
    |grp_dfxisp_accel_Pipeline_VITIS_LOOP_166_1_fu_243  |dfxisp_accel_Pipeline_VITIS_LOOP_166_1  |        0|   0|    85|   229|    0|
    |gmem0_m_axi_U                                      |gmem0_m_axi                             |        1|   0|   696|   734|    0|
    |gmem1_m_axi_U                                      |gmem1_m_axi                             |        2|   0|   665|   625|    0|
    |mul_32s_32s_32_1_1_U73                             |mul_32s_32s_32_1_1                      |        0|   3|     0|    20|    0|
    |grp_p_anonymous_namespace_run_low_light_fu_267     |p_anonymous_namespace_run_low_light     |        5|   9|  1295|  2110|    0|
    |grp_p_anonymous_namespace_run_normal_fu_253        |p_anonymous_namespace_run_normal        |        1|  12|  1785|  3108|    0|
    +---------------------------------------------------+----------------------------------------+---------+----+------+------+-----+
    |Total                                              |                                        |        9|  24|  4990|  7602|    0|
    +---------------------------------------------------+----------------------------------------+---------+----+------+------+-----+

    * DSP: 
    N/A

    * Memory: 
    N/A

    * FIFO: 
    N/A

    * Expression: 
    +----------------------------------+----------+----+---+----+------------+------------+
    |           Variable Name          | Operation| DSP| FF| LUT| Bitwidth P0| Bitwidth P1|
    +----------------------------------+----------+----+---+----+------------+------------+
    |add_ln170_fu_384_p2               |         +|   0|  0|  32|          32|          32|
    |sub_ln170_1_fu_400_p2             |         -|   0|  0|  39|          32|          32|
    |sub_ln170_fu_372_p2               |         -|   0|  0|  32|          32|          32|
    |icmp_ln166_fu_321_p2              |      icmp|   0|  0|  39|          32|           1|
    |icmp_ln170_fu_406_p2              |      icmp|   0|  0|  39|          32|          32|
    |icmp_ln425_1_fu_305_p2            |      icmp|   0|  0|  39|          32|           1|
    |icmp_ln425_fu_299_p2              |      icmp|   0|  0|  39|          32|           1|
    |ap_block_state16_on_subcall_done  |        or|   0|  0|   2|           1|           1|
    |ap_condition_671                  |        or|   0|  0|   2|           1|           1|
    |ap_condition_682                  |        or|   0|  0|   2|           1|           1|
    |or_ln425_fu_311_p2                |        or|   0|  0|   2|           1|           1|
    |empty_fu_326_p3                   |    select|   0|  0|  31|           1|          31|
    +----------------------------------+----------+----+---+----+------------+------------+
    |Total                             |          |   0|  0| 298|         229|         166|
    +----------------------------------+----------+----+---+----+------------+------------+

    * Multiplexer: 
    +--------------------------------------+----+-----------+-----+-----------+
    |                 Name                 | LUT| Input Size| Bits| Total Bits|
    +--------------------------------------+----+-----------+-----+-----------+
    |ap_NS_fsm                             |  89|         18|    1|         18|
    |ap_phi_mux_storemerge1_phi_fu_232_p6  |  14|          3|    1|          3|
    |ap_phi_mux_storemerge2_phi_fu_218_p6  |  14|          3|   32|         96|
    |ap_phi_mux_storemerge_phi_fu_204_p6   |  14|          3|   32|         96|
    |gmem0_ARADDR                          |  26|          5|   64|        320|
    |gmem0_ARLEN                           |  26|          5|   32|        160|
    |gmem0_ARVALID                         |  26|          5|    1|          5|
    |gmem0_RREADY                          |  20|          4|    1|          4|
    |gmem0_blk_n_AR                        |   9|          2|    1|          2|
    |gmem1_AWADDR                          |  14|          3|   64|        192|
    |gmem1_AWLEN                           |  14|          3|   32|         96|
    |gmem1_AWVALID                         |  14|          3|    1|          3|
    |gmem1_BREADY                          |  14|          3|    1|          3|
    |gmem1_WDATA                           |  14|          3|   32|         96|
    |gmem1_WSTRB                           |  14|          3|    4|         12|
    |gmem1_WVALID                          |  14|          3|    1|          3|
    |storemerge2_reg_214                   |  14|          3|   32|         96|
    |storemerge_reg_200                    |  14|          3|   32|         96|
    +--------------------------------------+----+-----------+-----+-----------+
    |Total                                 | 364|         75|  364|       1301|
    +--------------------------------------+----+-----------+-----+-----------+

    * Register: 
    +----------------------------------------------------------------+----+----+-----+-----------+
    |                              Name                              | FF | LUT| Bits| Const Bits|
    +----------------------------------------------------------------+----+----+-----+-----------+
    |ap_CS_fsm                                                       |  17|   0|   17|          0|
    |dark_pixel_threshold_read_reg_428                               |  16|   0|   16|          0|
    |empty_reg_497                                                   |  31|   0|   31|          0|
    |grp_dfxisp_accel_Pipeline_VITIS_LOOP_166_1_fu_243_ap_start_reg  |   1|   0|    1|          0|
    |grp_p_anonymous_namespace_run_low_light_fu_267_ap_start_reg     |   1|   0|    1|          0|
    |grp_p_anonymous_namespace_run_normal_fu_253_ap_start_reg        |   1|   0|    1|          0|
    |height_read_reg_437                                             |  32|   0|   32|          0|
    |icmp_ln170_reg_517                                              |   1|   0|    1|          0|
    |mode_read_reg_433                                               |  32|   0|   32|          0|
    |n_reg_484                                                       |  32|   0|   32|          0|
    |or_ln425_reg_480                                                |   1|   0|    1|          0|
    |raw_bayer_read_reg_455                                          |  64|   0|   64|          0|
    |rgb_out_read_reg_449                                            |  64|   0|   64|          0|
    |storemerge1_reg_228                                             |   1|   0|    1|          0|
    |storemerge2_reg_214                                             |  32|   0|   32|          0|
    |storemerge_reg_200                                              |  32|   0|   32|          0|
    |trunc_ln166_reg_492                                             |  31|   0|   31|          0|
    |trunc_ln1_reg_502                                               |  63|   0|   63|          0|
    |trunc_ln391_1_reg_474                                           |  31|   0|   31|          0|
    |trunc_ln391_reg_468                                             |  31|   0|   31|          0|
    |width_read_reg_443                                              |  32|   0|   32|          0|
    +----------------------------------------------------------------+----+----+-----+-----------+
    |Total                                                           | 546|   0|  546|          0|
    +----------------------------------------------------------------+----+----+-----+-----------+



================================================================
== Interface
================================================================
* Summary: 
+-----------------------+-----+-----+------------+--------------+--------------+
|       RTL Ports       | Dir | Bits|  Protocol  | Source Object|    C Type    |
+-----------------------+-----+-----+------------+--------------+--------------+
|s_axi_control_AWVALID  |   in|    1|       s_axi|       control|       pointer|
|s_axi_control_AWREADY  |  out|    1|       s_axi|       control|       pointer|
|s_axi_control_AWADDR   |   in|    7|       s_axi|       control|       pointer|
|s_axi_control_WVALID   |   in|    1|       s_axi|       control|       pointer|
|s_axi_control_WREADY   |  out|    1|       s_axi|       control|       pointer|
|s_axi_control_WDATA    |   in|   32|       s_axi|       control|       pointer|
|s_axi_control_WSTRB    |   in|    4|       s_axi|       control|       pointer|
|s_axi_control_ARVALID  |   in|    1|       s_axi|       control|       pointer|
|s_axi_control_ARREADY  |  out|    1|       s_axi|       control|       pointer|
|s_axi_control_ARADDR   |   in|    7|       s_axi|       control|       pointer|
|s_axi_control_RVALID   |  out|    1|       s_axi|       control|       pointer|
|s_axi_control_RREADY   |   in|    1|       s_axi|       control|       pointer|
|s_axi_control_RDATA    |  out|   32|       s_axi|       control|       pointer|
|s_axi_control_RRESP    |  out|    2|       s_axi|       control|       pointer|
|s_axi_control_BVALID   |  out|    1|       s_axi|       control|       pointer|
|s_axi_control_BREADY   |   in|    1|       s_axi|       control|       pointer|
|s_axi_control_BRESP    |  out|    2|       s_axi|       control|       pointer|
|ap_clk                 |   in|    1|  ap_ctrl_hs|  dfxisp_accel|  return value|
|ap_rst_n               |   in|    1|  ap_ctrl_hs|  dfxisp_accel|  return value|
|interrupt              |  out|    1|  ap_ctrl_hs|  dfxisp_accel|  return value|
|m_axi_gmem0_AWVALID    |  out|    1|       m_axi|         gmem0|       pointer|
|m_axi_gmem0_AWREADY    |   in|    1|       m_axi|         gmem0|       pointer|
|m_axi_gmem0_AWADDR     |  out|   64|       m_axi|         gmem0|       pointer|
|m_axi_gmem0_AWID       |  out|    1|       m_axi|         gmem0|       pointer|
|m_axi_gmem0_AWLEN      |  out|    8|       m_axi|         gmem0|       pointer|
|m_axi_gmem0_AWSIZE     |  out|    3|       m_axi|         gmem0|       pointer|
|m_axi_gmem0_AWBURST    |  out|    2|       m_axi|         gmem0|       pointer|
|m_axi_gmem0_AWLOCK     |  out|    2|       m_axi|         gmem0|       pointer|
|m_axi_gmem0_AWCACHE    |  out|    4|       m_axi|         gmem0|       pointer|
|m_axi_gmem0_AWPROT     |  out|    3|       m_axi|         gmem0|       pointer|
|m_axi_gmem0_AWQOS      |  out|    4|       m_axi|         gmem0|       pointer|
|m_axi_gmem0_AWREGION   |  out|    4|       m_axi|         gmem0|       pointer|
|m_axi_gmem0_AWUSER     |  out|    1|       m_axi|         gmem0|       pointer|
|m_axi_gmem0_WVALID     |  out|    1|       m_axi|         gmem0|       pointer|
|m_axi_gmem0_WREADY     |   in|    1|       m_axi|         gmem0|       pointer|
|m_axi_gmem0_WDATA      |  out|   32|       m_axi|         gmem0|       pointer|
|m_axi_gmem0_WSTRB      |  out|    4|       m_axi|         gmem0|       pointer|
|m_axi_gmem0_WLAST      |  out|    1|       m_axi|         gmem0|       pointer|
|m_axi_gmem0_WID        |  out|    1|       m_axi|         gmem0|       pointer|
|m_axi_gmem0_WUSER      |  out|    1|       m_axi|         gmem0|       pointer|
|m_axi_gmem0_ARVALID    |  out|    1|       m_axi|         gmem0|       pointer|
|m_axi_gmem0_ARREADY    |   in|    1|       m_axi|         gmem0|       pointer|
|m_axi_gmem0_ARADDR     |  out|   64|       m_axi|         gmem0|       pointer|
|m_axi_gmem0_ARID       |  out|    1|       m_axi|         gmem0|       pointer|
|m_axi_gmem0_ARLEN      |  out|    8|       m_axi|         gmem0|       pointer|
|m_axi_gmem0_ARSIZE     |  out|    3|       m_axi|         gmem0|       pointer|
|m_axi_gmem0_ARBURST    |  out|    2|       m_axi|         gmem0|       pointer|
|m_axi_gmem0_ARLOCK     |  out|    2|       m_axi|         gmem0|       pointer|
|m_axi_gmem0_ARCACHE    |  out|    4|       m_axi|         gmem0|       pointer|
|m_axi_gmem0_ARPROT     |  out|    3|       m_axi|         gmem0|       pointer|
|m_axi_gmem0_ARQOS      |  out|    4|       m_axi|         gmem0|       pointer|
|m_axi_gmem0_ARREGION   |  out|    4|       m_axi|         gmem0|       pointer|
|m_axi_gmem0_ARUSER     |  out|    1|       m_axi|         gmem0|       pointer|
|m_axi_gmem0_RVALID     |   in|    1|       m_axi|         gmem0|       pointer|
|m_axi_gmem0_RREADY     |  out|    1|       m_axi|         gmem0|       pointer|
|m_axi_gmem0_RDATA      |   in|   32|       m_axi|         gmem0|       pointer|
|m_axi_gmem0_RLAST      |   in|    1|       m_axi|         gmem0|       pointer|
|m_axi_gmem0_RID        |   in|    1|       m_axi|         gmem0|       pointer|
|m_axi_gmem0_RUSER      |   in|    1|       m_axi|         gmem0|       pointer|
|m_axi_gmem0_RRESP      |   in|    2|       m_axi|         gmem0|       pointer|
|m_axi_gmem0_BVALID     |   in|    1|       m_axi|         gmem0|       pointer|
|m_axi_gmem0_BREADY     |  out|    1|       m_axi|         gmem0|       pointer|
|m_axi_gmem0_BRESP      |   in|    2|       m_axi|         gmem0|       pointer|
|m_axi_gmem0_BID        |   in|    1|       m_axi|         gmem0|       pointer|
|m_axi_gmem0_BUSER      |   in|    1|       m_axi|         gmem0|       pointer|
|m_axi_gmem1_AWVALID    |  out|    1|       m_axi|         gmem1|       pointer|
|m_axi_gmem1_AWREADY    |   in|    1|       m_axi|         gmem1|       pointer|
|m_axi_gmem1_AWADDR     |  out|   64|       m_axi|         gmem1|       pointer|
|m_axi_gmem1_AWID       |  out|    1|       m_axi|         gmem1|       pointer|
|m_axi_gmem1_AWLEN      |  out|    8|       m_axi|         gmem1|       pointer|
|m_axi_gmem1_AWSIZE     |  out|    3|       m_axi|         gmem1|       pointer|
|m_axi_gmem1_AWBURST    |  out|    2|       m_axi|         gmem1|       pointer|
|m_axi_gmem1_AWLOCK     |  out|    2|       m_axi|         gmem1|       pointer|
|m_axi_gmem1_AWCACHE    |  out|    4|       m_axi|         gmem1|       pointer|
|m_axi_gmem1_AWPROT     |  out|    3|       m_axi|         gmem1|       pointer|
|m_axi_gmem1_AWQOS      |  out|    4|       m_axi|         gmem1|       pointer|
|m_axi_gmem1_AWREGION   |  out|    4|       m_axi|         gmem1|       pointer|
|m_axi_gmem1_AWUSER     |  out|    1|       m_axi|         gmem1|       pointer|
|m_axi_gmem1_WVALID     |  out|    1|       m_axi|         gmem1|       pointer|
|m_axi_gmem1_WREADY     |   in|    1|       m_axi|         gmem1|       pointer|
|m_axi_gmem1_WDATA      |  out|   32|       m_axi|         gmem1|       pointer|
|m_axi_gmem1_WSTRB      |  out|    4|       m_axi|         gmem1|       pointer|
|m_axi_gmem1_WLAST      |  out|    1|       m_axi|         gmem1|       pointer|
|m_axi_gmem1_WID        |  out|    1|       m_axi|         gmem1|       pointer|
|m_axi_gmem1_WUSER      |  out|    1|       m_axi|         gmem1|       pointer|
|m_axi_gmem1_ARVALID    |  out|    1|       m_axi|         gmem1|       pointer|
|m_axi_gmem1_ARREADY    |   in|    1|       m_axi|         gmem1|       pointer|
|m_axi_gmem1_ARADDR     |  out|   64|       m_axi|         gmem1|       pointer|
|m_axi_gmem1_ARID       |  out|    1|       m_axi|         gmem1|       pointer|
|m_axi_gmem1_ARLEN      |  out|    8|       m_axi|         gmem1|       pointer|
|m_axi_gmem1_ARSIZE     |  out|    3|       m_axi|         gmem1|       pointer|
|m_axi_gmem1_ARBURST    |  out|    2|       m_axi|         gmem1|       pointer|
|m_axi_gmem1_ARLOCK     |  out|    2|       m_axi|         gmem1|       pointer|
|m_axi_gmem1_ARCACHE    |  out|    4|       m_axi|         gmem1|       pointer|
|m_axi_gmem1_ARPROT     |  out|    3|       m_axi|         gmem1|       pointer|
|m_axi_gmem1_ARQOS      |  out|    4|       m_axi|         gmem1|       pointer|
|m_axi_gmem1_ARREGION   |  out|    4|       m_axi|         gmem1|       pointer|
|m_axi_gmem1_ARUSER     |  out|    1|       m_axi|         gmem1|       pointer|
|m_axi_gmem1_RVALID     |   in|    1|       m_axi|         gmem1|       pointer|
|m_axi_gmem1_RREADY     |  out|    1|       m_axi|         gmem1|       pointer|
|m_axi_gmem1_RDATA      |   in|   32|       m_axi|         gmem1|       pointer|
|m_axi_gmem1_RLAST      |   in|    1|       m_axi|         gmem1|       pointer|
|m_axi_gmem1_RID        |   in|    1|       m_axi|         gmem1|       pointer|
|m_axi_gmem1_RUSER      |   in|    1|       m_axi|         gmem1|       pointer|
|m_axi_gmem1_RRESP      |   in|    2|       m_axi|         gmem1|       pointer|
|m_axi_gmem1_BVALID     |   in|    1|       m_axi|         gmem1|       pointer|
|m_axi_gmem1_BREADY     |  out|    1|       m_axi|         gmem1|       pointer|
|m_axi_gmem1_BRESP      |   in|    2|       m_axi|         gmem1|       pointer|
|m_axi_gmem1_BID        |   in|    1|       m_axi|         gmem1|       pointer|
|m_axi_gmem1_BUSER      |   in|    1|       m_axi|         gmem1|       pointer|
+-----------------------+-----+-----+------------+--------------+--------------+

