

================================================================
== Vitis HLS Report for 'dfxisp_accel'
================================================================
* Date:           Thu Jul  2 16:15:24 2026

* Version:        2024.1 (Build 5069499 on May 21 2024)
* Project:        proj
* Solution:       solution1 (Vivado IP Flow Target)
* Product family: zynquplus
* Target device:  xczu7ev-ffvc1156-2-e


================================================================
== Performance Estimates
================================================================
+ Timing: 
    * Summary: 
    +--------+---------+----------+------------+
    |  Clock |  Target | Estimated| Uncertainty|
    +--------+---------+----------+------------+
    |ap_clk  |  5.00 ns|  3.650 ns|     1.35 ns|
    +--------+---------+----------+------------+

+ Latency: 
    * Summary: 
    +---------+----------+----------+-----------+-----+----------+---------+
    |  Latency (cycles)  |  Latency (absolute)  |    Interval    | Pipeline|
    |   min   |    max   |    min   |    max    | min |    max   |   Type  |
    +---------+----------+----------+-----------+-----+----------+---------+
    |        1|  20736045|  5.000 ns|  0.104 sec|    2|  20736046|       no|
    +---------+----------+----------+-----------+-----+----------+---------+

    + Detail: 
        * Instance: 
        +---------------------------------------------------+----------------------------------------+---------+----------+-----------+-----------+-----+----------+-----------------------------------------------+
        |                                                   |                                        |  Latency (cycles)  |   Latency (absolute)  |    Interval    |                    Pipeline                   |
        |                      Instance                     |                 Module                 |   min   |    max   |    min    |    max    | min |    max   |                      Type                     |
        +---------------------------------------------------+----------------------------------------+---------+----------+-----------+-----------+-----+----------+-----------------------------------------------+
        |grp_dfxisp_accel_Pipeline_VITIS_LOOP_111_1_fu_211  |dfxisp_accel_Pipeline_VITIS_LOOP_111_1  |       19|   2073603|  95.000 ns|  10.368 ms|   17|   2073601|  loop auto-rewind stp(delay=0 clock cycles(s))|
        |grp_p_anonymous_namespace_run_normal_fu_221        |p_anonymous_namespace_run_normal        |      171|  18662427|   0.855 us|  93.312 ms|  171|  18662427|                                             no|
        |grp_p_anonymous_namespace_run_low_light_fu_235     |p_anonymous_namespace_run_low_light     |      164|   7284608|   0.820 us|  36.423 ms|  164|   7284608|                                             no|
        +---------------------------------------------------+----------------------------------------+---------+----------+-----------+-----------+-----+----------+-----------------------------------------------+

        * Loop: 
        N/A



================================================================
== Utilization Estimates
================================================================
* Summary: 
+-----------------+---------+------+--------+--------+-----+
|       Name      | BRAM_18K|  DSP |   FF   |   LUT  | URAM|
+-----------------+---------+------+--------+--------+-----+
|DSP              |        -|     -|       -|       -|    -|
|Expression       |        -|     -|       0|     298|    -|
|FIFO             |        -|     -|       -|       -|    -|
|Instance         |        8|    30|    6461|   10565|    0|
|Memory           |        -|     -|       -|       -|    -|
|Multiplexer      |        -|     -|       0|     354|    -|
|Register         |        -|     -|     547|       -|    -|
+-----------------+---------+------+--------+--------+-----+
|Total            |        8|    30|    7008|   11217|    0|
+-----------------+---------+------+--------+--------+-----+
|Available        |      624|  1728|  460800|  230400|   96|
+-----------------+---------+------+--------+--------+-----+
|Utilization (%)  |        1|     1|       1|       4|    0|
+-----------------+---------+------+--------+--------+-----+

+ Detail: 
    * Instance: 
    +---------------------------------------------------+----------------------------------------+---------+----+------+------+-----+
    |                      Instance                     |                 Module                 | BRAM_18K| DSP|  FF  |  LUT | URAM|
    +---------------------------------------------------+----------------------------------------+---------+----+------+------+-----+
    |control_s_axi_U                                    |control_s_axi                           |        0|   0|   446|   776|    0|
    |grp_dfxisp_accel_Pipeline_VITIS_LOOP_111_1_fu_211  |dfxisp_accel_Pipeline_VITIS_LOOP_111_1  |        0|   0|    85|   229|    0|
    |gmem0_m_axi_U                                      |gmem0_m_axi                             |        1|   0|   696|   734|    0|
    |gmem1_m_axi_U                                      |gmem1_m_axi                             |        2|   0|   665|   625|    0|
    |mul_32s_32s_32_1_1_U99                             |mul_32s_32s_32_1_1                      |        0|   3|     0|    20|    0|
    |grp_p_anonymous_namespace_run_low_light_fu_235     |p_anonymous_namespace_run_low_light     |        4|  15|  2784|  5073|    0|
    |grp_p_anonymous_namespace_run_normal_fu_221        |p_anonymous_namespace_run_normal        |        1|  12|  1785|  3108|    0|
    +---------------------------------------------------+----------------------------------------+---------+----+------+------+-----+
    |Total                                              |                                        |        8|  30|  6461| 10565|    0|
    +---------------------------------------------------+----------------------------------------+---------+----+------+------+-----+

    * DSP: 
    N/A

    * Memory: 
    N/A

    * FIFO: 
    N/A

    * Expression: 
    +----------------------------------+----------+----+---+----+------------+------------+
    |           Variable Name          | Operation| DSP| FF| LUT| Bitwidth P0| Bitwidth P1|
    +----------------------------------+----------+----+---+----+------------+------------+
    |add_ln115_1_fu_368_p2             |         +|   0|  0|  39|          32|          32|
    |add_ln115_fu_352_p2               |         +|   0|  0|  32|          32|          32|
    |sub_ln115_fu_340_p2               |         -|   0|  0|  32|          32|          32|
    |icmp_ln111_fu_289_p2              |      icmp|   0|  0|  39|          32|           1|
    |icmp_ln115_fu_374_p2              |      icmp|   0|  0|  39|          32|          32|
    |icmp_ln341_1_fu_273_p2            |      icmp|   0|  0|  39|          32|           1|
    |icmp_ln341_fu_267_p2              |      icmp|   0|  0|  39|          32|           1|
    |ap_block_state16_on_subcall_done  |        or|   0|  0|   2|           1|           1|
    |ap_condition_665                  |        or|   0|  0|   2|           1|           1|
    |ap_condition_676                  |        or|   0|  0|   2|           1|           1|
    |or_ln341_fu_279_p2                |        or|   0|  0|   2|           1|           1|
    |empty_fu_294_p3                   |    select|   0|  0|  31|           1|          31|
    +----------------------------------+----------+----+---+----+------------+------------+
    |Total                             |          |   0|  0| 298|         229|         166|
    +----------------------------------+----------+----+---+----+------------+------------+

    * Multiplexer: 
    +-------------------------------------+----+-----------+-----+-----------+
    |                 Name                | LUT| Input Size| Bits| Total Bits|
    +-------------------------------------+----+-----------+-----+-----------+
    |ap_NS_fsm                            |  89|         18|    1|         18|
    |ap_phi_mux_out_h_0_phi_fu_174_p4     |  14|          3|   32|         96|
    |ap_phi_mux_out_w_0_phi_fu_183_p4     |  14|          3|   32|         96|
    |ap_phi_mux_sel_rm_phi_fu_192_p4      |  14|          3|    1|          3|
    |ap_phi_mux_storemerge_phi_fu_204_p4  |   9|          2|   66|        132|
    |gmem0_ARADDR                         |  26|          5|   64|        320|
    |gmem0_ARLEN                          |  26|          5|   32|        160|
    |gmem0_ARVALID                        |  26|          5|    1|          5|
    |gmem0_RREADY                         |  20|          4|    1|          4|
    |gmem0_blk_n_AR                       |   9|          2|    1|          2|
    |gmem1_AWADDR                         |  14|          3|   64|        192|
    |gmem1_AWLEN                          |  14|          3|   32|         96|
    |gmem1_AWVALID                        |  14|          3|    1|          3|
    |gmem1_BREADY                         |  14|          3|    1|          3|
    |gmem1_WDATA                          |  14|          3|   32|         96|
    |gmem1_WSTRB                          |  14|          3|    4|         12|
    |gmem1_WVALID                         |  14|          3|    1|          3|
    |storemerge_reg_200                   |   9|          2|   66|        132|
    +-------------------------------------+----+-----------+-----+-----------+
    |Total                                | 354|         73|  432|       1373|
    +-------------------------------------+----+-----------+-----+-----------+

    * Register: 
    +----------------------------------------------------------------+----+----+-----+-----------+
    |                              Name                              | FF | LUT| Bits| Const Bits|
    +----------------------------------------------------------------+----+----+-----+-----------+
    |ap_CS_fsm                                                       |  17|   0|   17|          0|
    |dark_pixel_threshold_read_reg_410                               |  16|   0|   16|          0|
    |empty_reg_479                                                   |  31|   0|   31|          0|
    |grp_dfxisp_accel_Pipeline_VITIS_LOOP_111_1_fu_211_ap_start_reg  |   1|   0|    1|          0|
    |grp_p_anonymous_namespace_run_low_light_fu_235_ap_start_reg     |   1|   0|    1|          0|
    |grp_p_anonymous_namespace_run_normal_fu_221_ap_start_reg        |   1|   0|    1|          0|
    |height_read_reg_419                                             |  32|   0|   32|          0|
    |icmp_ln115_reg_499                                              |   1|   0|    1|          0|
    |mode_read_reg_415                                               |  32|   0|   32|          0|
    |n_reg_466                                                       |  32|   0|   32|          0|
    |or_ln341_reg_462                                                |   1|   0|    1|          0|
    |raw_bayer_read_reg_437                                          |  64|   0|   64|          0|
    |rgb_out_read_reg_431                                            |  64|   0|   64|          0|
    |storemerge_reg_200                                              |  66|   0|   97|         31|
    |trunc_ln111_reg_474                                             |  31|   0|   31|          0|
    |trunc_ln1_reg_484                                               |  63|   0|   63|          0|
    |trunc_ln322_1_reg_456                                           |  31|   0|   31|          0|
    |trunc_ln322_reg_450                                             |  31|   0|   31|          0|
    |width_read_reg_425                                              |  32|   0|   32|          0|
    +----------------------------------------------------------------+----+----+-----+-----------+
    |Total                                                           | 547|   0|  578|         31|
    +----------------------------------------------------------------+----+----+-----+-----------+



================================================================
== Interface
================================================================
* Summary: 
+-----------------------+-----+-----+------------+--------------+--------------+
|       RTL Ports       | Dir | Bits|  Protocol  | Source Object|    C Type    |
+-----------------------+-----+-----+------------+--------------+--------------+
|s_axi_control_AWVALID  |   in|    1|       s_axi|       control|       pointer|
|s_axi_control_AWREADY  |  out|    1|       s_axi|       control|       pointer|
|s_axi_control_AWADDR   |   in|    7|       s_axi|       control|       pointer|
|s_axi_control_WVALID   |   in|    1|       s_axi|       control|       pointer|
|s_axi_control_WREADY   |  out|    1|       s_axi|       control|       pointer|
|s_axi_control_WDATA    |   in|   32|       s_axi|       control|       pointer|
|s_axi_control_WSTRB    |   in|    4|       s_axi|       control|       pointer|
|s_axi_control_ARVALID  |   in|    1|       s_axi|       control|       pointer|
|s_axi_control_ARREADY  |  out|    1|       s_axi|       control|       pointer|
|s_axi_control_ARADDR   |   in|    7|       s_axi|       control|       pointer|
|s_axi_control_RVALID   |  out|    1|       s_axi|       control|       pointer|
|s_axi_control_RREADY   |   in|    1|       s_axi|       control|       pointer|
|s_axi_control_RDATA    |  out|   32|       s_axi|       control|       pointer|
|s_axi_control_RRESP    |  out|    2|       s_axi|       control|       pointer|
|s_axi_control_BVALID   |  out|    1|       s_axi|       control|       pointer|
|s_axi_control_BREADY   |   in|    1|       s_axi|       control|       pointer|
|s_axi_control_BRESP    |  out|    2|       s_axi|       control|       pointer|
|ap_clk                 |   in|    1|  ap_ctrl_hs|  dfxisp_accel|  return value|
|ap_rst_n               |   in|    1|  ap_ctrl_hs|  dfxisp_accel|  return value|
|interrupt              |  out|    1|  ap_ctrl_hs|  dfxisp_accel|  return value|
|m_axi_gmem0_AWVALID    |  out|    1|       m_axi|         gmem0|       pointer|
|m_axi_gmem0_AWREADY    |   in|    1|       m_axi|         gmem0|       pointer|
|m_axi_gmem0_AWADDR     |  out|   64|       m_axi|         gmem0|       pointer|
|m_axi_gmem0_AWID       |  out|    1|       m_axi|         gmem0|       pointer|
|m_axi_gmem0_AWLEN      |  out|    8|       m_axi|         gmem0|       pointer|
|m_axi_gmem0_AWSIZE     |  out|    3|       m_axi|         gmem0|       pointer|
|m_axi_gmem0_AWBURST    |  out|    2|       m_axi|         gmem0|       pointer|
|m_axi_gmem0_AWLOCK     |  out|    2|       m_axi|         gmem0|       pointer|
|m_axi_gmem0_AWCACHE    |  out|    4|       m_axi|         gmem0|       pointer|
|m_axi_gmem0_AWPROT     |  out|    3|       m_axi|         gmem0|       pointer|
|m_axi_gmem0_AWQOS      |  out|    4|       m_axi|         gmem0|       pointer|
|m_axi_gmem0_AWREGION   |  out|    4|       m_axi|         gmem0|       pointer|
|m_axi_gmem0_AWUSER     |  out|    1|       m_axi|         gmem0|       pointer|
|m_axi_gmem0_WVALID     |  out|    1|       m_axi|         gmem0|       pointer|
|m_axi_gmem0_WREADY     |   in|    1|       m_axi|         gmem0|       pointer|
|m_axi_gmem0_WDATA      |  out|   32|       m_axi|         gmem0|       pointer|
|m_axi_gmem0_WSTRB      |  out|    4|       m_axi|         gmem0|       pointer|
|m_axi_gmem0_WLAST      |  out|    1|       m_axi|         gmem0|       pointer|
|m_axi_gmem0_WID        |  out|    1|       m_axi|         gmem0|       pointer|
|m_axi_gmem0_WUSER      |  out|    1|       m_axi|         gmem0|       pointer|
|m_axi_gmem0_ARVALID    |  out|    1|       m_axi|         gmem0|       pointer|
|m_axi_gmem0_ARREADY    |   in|    1|       m_axi|         gmem0|       pointer|
|m_axi_gmem0_ARADDR     |  out|   64|       m_axi|         gmem0|       pointer|
|m_axi_gmem0_ARID       |  out|    1|       m_axi|         gmem0|       pointer|
|m_axi_gmem0_ARLEN      |  out|    8|       m_axi|         gmem0|       pointer|
|m_axi_gmem0_ARSIZE     |  out|    3|       m_axi|         gmem0|       pointer|
|m_axi_gmem0_ARBURST    |  out|    2|       m_axi|         gmem0|       pointer|
|m_axi_gmem0_ARLOCK     |  out|    2|       m_axi|         gmem0|       pointer|
|m_axi_gmem0_ARCACHE    |  out|    4|       m_axi|         gmem0|       pointer|
|m_axi_gmem0_ARPROT     |  out|    3|       m_axi|         gmem0|       pointer|
|m_axi_gmem0_ARQOS      |  out|    4|       m_axi|         gmem0|       pointer|
|m_axi_gmem0_ARREGION   |  out|    4|       m_axi|         gmem0|       pointer|
|m_axi_gmem0_ARUSER     |  out|    1|       m_axi|         gmem0|       pointer|
|m_axi_gmem0_RVALID     |   in|    1|       m_axi|         gmem0|       pointer|
|m_axi_gmem0_RREADY     |  out|    1|       m_axi|         gmem0|       pointer|
|m_axi_gmem0_RDATA      |   in|   32|       m_axi|         gmem0|       pointer|
|m_axi_gmem0_RLAST      |   in|    1|       m_axi|         gmem0|       pointer|
|m_axi_gmem0_RID        |   in|    1|       m_axi|         gmem0|       pointer|
|m_axi_gmem0_RUSER      |   in|    1|       m_axi|         gmem0|       pointer|
|m_axi_gmem0_RRESP      |   in|    2|       m_axi|         gmem0|       pointer|
|m_axi_gmem0_BVALID     |   in|    1|       m_axi|         gmem0|       pointer|
|m_axi_gmem0_BREADY     |  out|    1|       m_axi|         gmem0|       pointer|
|m_axi_gmem0_BRESP      |   in|    2|       m_axi|         gmem0|       pointer|
|m_axi_gmem0_BID        |   in|    1|       m_axi|         gmem0|       pointer|
|m_axi_gmem0_BUSER      |   in|    1|       m_axi|         gmem0|       pointer|
|m_axi_gmem1_AWVALID    |  out|    1|       m_axi|         gmem1|       pointer|
|m_axi_gmem1_AWREADY    |   in|    1|       m_axi|         gmem1|       pointer|
|m_axi_gmem1_AWADDR     |  out|   64|       m_axi|         gmem1|       pointer|
|m_axi_gmem1_AWID       |  out|    1|       m_axi|         gmem1|       pointer|
|m_axi_gmem1_AWLEN      |  out|    8|       m_axi|         gmem1|       pointer|
|m_axi_gmem1_AWSIZE     |  out|    3|       m_axi|         gmem1|       pointer|
|m_axi_gmem1_AWBURST    |  out|    2|       m_axi|         gmem1|       pointer|
|m_axi_gmem1_AWLOCK     |  out|    2|       m_axi|         gmem1|       pointer|
|m_axi_gmem1_AWCACHE    |  out|    4|       m_axi|         gmem1|       pointer|
|m_axi_gmem1_AWPROT     |  out|    3|       m_axi|         gmem1|       pointer|
|m_axi_gmem1_AWQOS      |  out|    4|       m_axi|         gmem1|       pointer|
|m_axi_gmem1_AWREGION   |  out|    4|       m_axi|         gmem1|       pointer|
|m_axi_gmem1_AWUSER     |  out|    1|       m_axi|         gmem1|       pointer|
|m_axi_gmem1_WVALID     |  out|    1|       m_axi|         gmem1|       pointer|
|m_axi_gmem1_WREADY     |   in|    1|       m_axi|         gmem1|       pointer|
|m_axi_gmem1_WDATA      |  out|   32|       m_axi|         gmem1|       pointer|
|m_axi_gmem1_WSTRB      |  out|    4|       m_axi|         gmem1|       pointer|
|m_axi_gmem1_WLAST      |  out|    1|       m_axi|         gmem1|       pointer|
|m_axi_gmem1_WID        |  out|    1|       m_axi|         gmem1|       pointer|
|m_axi_gmem1_WUSER      |  out|    1|       m_axi|         gmem1|       pointer|
|m_axi_gmem1_ARVALID    |  out|    1|       m_axi|         gmem1|       pointer|
|m_axi_gmem1_ARREADY    |   in|    1|       m_axi|         gmem1|       pointer|
|m_axi_gmem1_ARADDR     |  out|   64|       m_axi|         gmem1|       pointer|
|m_axi_gmem1_ARID       |  out|    1|       m_axi|         gmem1|       pointer|
|m_axi_gmem1_ARLEN      |  out|    8|       m_axi|         gmem1|       pointer|
|m_axi_gmem1_ARSIZE     |  out|    3|       m_axi|         gmem1|       pointer|
|m_axi_gmem1_ARBURST    |  out|    2|       m_axi|         gmem1|       pointer|
|m_axi_gmem1_ARLOCK     |  out|    2|       m_axi|         gmem1|       pointer|
|m_axi_gmem1_ARCACHE    |  out|    4|       m_axi|         gmem1|       pointer|
|m_axi_gmem1_ARPROT     |  out|    3|       m_axi|         gmem1|       pointer|
|m_axi_gmem1_ARQOS      |  out|    4|       m_axi|         gmem1|       pointer|
|m_axi_gmem1_ARREGION   |  out|    4|       m_axi|         gmem1|       pointer|
|m_axi_gmem1_ARUSER     |  out|    1|       m_axi|         gmem1|       pointer|
|m_axi_gmem1_RVALID     |   in|    1|       m_axi|         gmem1|       pointer|
|m_axi_gmem1_RREADY     |  out|    1|       m_axi|         gmem1|       pointer|
|m_axi_gmem1_RDATA      |   in|   32|       m_axi|         gmem1|       pointer|
|m_axi_gmem1_RLAST      |   in|    1|       m_axi|         gmem1|       pointer|
|m_axi_gmem1_RID        |   in|    1|       m_axi|         gmem1|       pointer|
|m_axi_gmem1_RUSER      |   in|    1|       m_axi|         gmem1|       pointer|
|m_axi_gmem1_RRESP      |   in|    2|       m_axi|         gmem1|       pointer|
|m_axi_gmem1_BVALID     |   in|    1|       m_axi|         gmem1|       pointer|
|m_axi_gmem1_BREADY     |  out|    1|       m_axi|         gmem1|       pointer|
|m_axi_gmem1_BRESP      |   in|    2|       m_axi|         gmem1|       pointer|
|m_axi_gmem1_BID        |   in|    1|       m_axi|         gmem1|       pointer|
|m_axi_gmem1_BUSER      |   in|    1|       m_axi|         gmem1|       pointer|
+-----------------------+-----+-----+------------+--------------+--------------+

