

================================================================
== Vitis HLS Report for 'rm_low_light_tone_top'
================================================================
* Date:           Thu Jul  2 16:31:18 2026

* Version:        2024.1 (Build 5069499 on May 21 2024)
* Project:        proj_rm_low_light_tone_top
* Solution:       solution1 (Vivado IP Flow Target)
* Product family: zynquplus
* Target device:  xczu7ev-ffvc1156-2-e


================================================================
== Performance Estimates
================================================================
+ Timing: 
    * Summary: 
    +--------+---------+----------+------------+
    |  Clock |  Target | Estimated| Uncertainty|
    +--------+---------+----------+------------+
    |ap_clk  |  5.00 ns|  3.650 ns|     1.35 ns|
    +--------+---------+----------+------------+

+ Latency: 
    * Summary: 
    +---------+---------+----------+-----------+-----+---------+---------+
    |  Latency (cycles) |  Latency (absolute)  |    Interval   | Pipeline|
    |   min   |   max   |    min   |    max    | min |   max   |   Type  |
    +---------+---------+----------+-----------+-----+---------+---------+
    |        1|  7284610|  5.000 ns|  36.423 ms|    2|  7284611|       no|
    +---------+---------+----------+-----------+-----+---------+---------+

    + Detail: 
        * Instance: 
        +------------------------------------------------+-------------------------------------+---------+---------+----------+-----------+-----+---------+---------+
        |                                                |                                     |  Latency (cycles) |  Latency (absolute)  |    Interval   | Pipeline|
        |                    Instance                    |                Module               |   min   |   max   |    min   |    max    | min |   max   |   Type  |
        +------------------------------------------------+-------------------------------------+---------+---------+----------+-----------+-----+---------+---------+
        |grp_p_anonymous_namespace_run_low_light_fu_144  |p_anonymous_namespace_run_low_light  |      164|  7284608|  0.820 us|  36.423 ms|  164|  7284608|       no|
        +------------------------------------------------+-------------------------------------+---------+---------+----------+-----------+-----+---------+---------+

        * Loop: 
        N/A



================================================================
== Utilization Estimates
================================================================
* Summary: 
+-----------------+---------+------+--------+--------+-----+
|       Name      | BRAM_18K|  DSP |   FF   |   LUT  | URAM|
+-----------------+---------+------+--------+--------+-----+
|DSP              |        -|     -|       -|       -|    -|
|Expression       |        -|     -|       0|      82|    -|
|FIFO             |        -|     -|       -|       -|    -|
|Instance         |        7|    15|    4473|    6984|    0|
|Memory           |        -|     -|       -|       -|    -|
|Multiplexer      |        -|     -|       0|     101|    -|
|Register         |        -|     -|     259|       -|    -|
+-----------------+---------+------+--------+--------+-----+
|Total            |        7|    15|    4732|    7167|    0|
+-----------------+---------+------+--------+--------+-----+
|Available        |      624|  1728|  460800|  230400|   96|
+-----------------+---------+------+--------+--------+-----+
|Utilization (%)  |        1|    ~0|       1|       3|    0|
+-----------------+---------+------+--------+--------+-----+

+ Detail: 
    * Instance: 
    +------------------------------------------------+-------------------------------------+---------+----+------+------+-----+
    |                    Instance                    |                Module               | BRAM_18K| DSP|  FF  |  LUT | URAM|
    +------------------------------------------------+-------------------------------------+---------+----+------+------+-----+
    |control_s_axi_U                                 |control_s_axi                        |        0|   0|   328|   552|    0|
    |gmem0_m_axi_U                                   |gmem0_m_axi                          |        1|   0|   696|   734|    0|
    |gmem1_m_axi_U                                   |gmem1_m_axi                          |        2|   0|   665|   625|    0|
    |grp_p_anonymous_namespace_run_low_light_fu_144  |p_anonymous_namespace_run_low_light  |        4|  15|  2784|  5073|    0|
    +------------------------------------------------+-------------------------------------+---------+----+------+------+-----+
    |Total                                           |                                     |        7|  15|  4473|  6984|    0|
    +------------------------------------------------+-------------------------------------+---------+----+------+------+-----+

    * DSP: 
    N/A

    * Memory: 
    N/A

    * FIFO: 
    N/A

    * Expression: 
    +---------------------------------+----------+----+---+----+------------+------------+
    |          Variable Name          | Operation| DSP| FF| LUT| Bitwidth P0| Bitwidth P1|
    +---------------------------------+----------+----+---+----+------------+------------+
    |ap_block_state3_on_subcall_done  |       and|   0|  0|   2|           1|           1|
    |icmp_ln356_1_fu_178_p2           |      icmp|   0|  0|  39|          32|           1|
    |icmp_ln356_fu_172_p2             |      icmp|   0|  0|  39|          32|           1|
    |or_ln356_fu_184_p2               |        or|   0|  0|   2|           1|           1|
    +---------------------------------+----------+----+---+----+------------+------------+
    |Total                            |          |   0|  0|  82|          66|           4|
    +---------------------------------+----------+----+---+----+------------+------------+

    * Multiplexer: 
    +--------------------------------------+----+-----------+-----+-----------+
    |                 Name                 | LUT| Input Size| Bits| Total Bits|
    +--------------------------------------+----+-----------+-----+-----------+
    |ap_NS_fsm                             |  20|          4|    1|          4|
    |ap_phi_mux_storemerge3_phi_fu_124_p4  |   9|          2|   32|         64|
    |ap_phi_mux_storemerge_phi_fu_136_p4   |   9|          2|   32|         64|
    |gmem0_ARVALID                         |   9|          2|    1|          2|
    |gmem0_RREADY                          |   9|          2|    1|          2|
    |gmem1_AWVALID                         |   9|          2|    1|          2|
    |gmem1_BREADY                          |   9|          2|    1|          2|
    |gmem1_WVALID                          |   9|          2|    1|          2|
    |storemerge3_reg_120                   |   9|          2|   32|         64|
    |storemerge_reg_132                    |   9|          2|   32|         64|
    +--------------------------------------+----+-----------+-----+-----------+
    |Total                                 | 101|         22|  134|        270|
    +--------------------------------------+----+-----------+-----+-----------+

    * Register: 
    +-------------------------------------------------------------+----+----+-----+-----------+
    |                             Name                            | FF | LUT| Bits| Const Bits|
    +-------------------------------------------------------------+----+----+-----+-----------+
    |ap_CS_fsm                                                    |   3|   0|    3|          0|
    |grp_p_anonymous_namespace_run_low_light_fu_144_ap_start_reg  |   1|   0|    1|          0|
    |or_ln356_reg_220                                             |   1|   0|    1|          0|
    |raw_bayer_read_reg_205                                       |  64|   0|   64|          0|
    |rgb_out_read_reg_200                                         |  64|   0|   64|          0|
    |storemerge3_reg_120                                          |  32|   0|   32|          0|
    |storemerge_reg_132                                           |  32|   0|   32|          0|
    |trunc_ln344_1_reg_215                                        |  31|   0|   31|          0|
    |trunc_ln344_reg_210                                          |  31|   0|   31|          0|
    +-------------------------------------------------------------+----+----+-----+-----------+
    |Total                                                        | 259|   0|  259|          0|
    +-------------------------------------------------------------+----+----+-----+-----------+



================================================================
== Interface
================================================================
* Summary: 
+-----------------------+-----+-----+------------+-----------------------+--------------+
|       RTL Ports       | Dir | Bits|  Protocol  |     Source Object     |    C Type    |
+-----------------------+-----+-----+------------+-----------------------+--------------+
|s_axi_control_AWVALID  |   in|    1|       s_axi|                control|       pointer|
|s_axi_control_AWREADY  |  out|    1|       s_axi|                control|       pointer|
|s_axi_control_AWADDR   |   in|    7|       s_axi|                control|       pointer|
|s_axi_control_WVALID   |   in|    1|       s_axi|                control|       pointer|
|s_axi_control_WREADY   |  out|    1|       s_axi|                control|       pointer|
|s_axi_control_WDATA    |   in|   32|       s_axi|                control|       pointer|
|s_axi_control_WSTRB    |   in|    4|       s_axi|                control|       pointer|
|s_axi_control_ARVALID  |   in|    1|       s_axi|                control|       pointer|
|s_axi_control_ARREADY  |  out|    1|       s_axi|                control|       pointer|
|s_axi_control_ARADDR   |   in|    7|       s_axi|                control|       pointer|
|s_axi_control_RVALID   |  out|    1|       s_axi|                control|       pointer|
|s_axi_control_RREADY   |   in|    1|       s_axi|                control|       pointer|
|s_axi_control_RDATA    |  out|   32|       s_axi|                control|       pointer|
|s_axi_control_RRESP    |  out|    2|       s_axi|                control|       pointer|
|s_axi_control_BVALID   |  out|    1|       s_axi|                control|       pointer|
|s_axi_control_BREADY   |   in|    1|       s_axi|                control|       pointer|
|s_axi_control_BRESP    |  out|    2|       s_axi|                control|       pointer|
|ap_clk                 |   in|    1|  ap_ctrl_hs|  rm_low_light_tone_top|  return value|
|ap_rst_n               |   in|    1|  ap_ctrl_hs|  rm_low_light_tone_top|  return value|
|interrupt              |  out|    1|  ap_ctrl_hs|  rm_low_light_tone_top|  return value|
|m_axi_gmem0_AWVALID    |  out|    1|       m_axi|                  gmem0|       pointer|
|m_axi_gmem0_AWREADY    |   in|    1|       m_axi|                  gmem0|       pointer|
|m_axi_gmem0_AWADDR     |  out|   64|       m_axi|                  gmem0|       pointer|
|m_axi_gmem0_AWID       |  out|    1|       m_axi|                  gmem0|       pointer|
|m_axi_gmem0_AWLEN      |  out|    8|       m_axi|                  gmem0|       pointer|
|m_axi_gmem0_AWSIZE     |  out|    3|       m_axi|                  gmem0|       pointer|
|m_axi_gmem0_AWBURST    |  out|    2|       m_axi|                  gmem0|       pointer|
|m_axi_gmem0_AWLOCK     |  out|    2|       m_axi|                  gmem0|       pointer|
|m_axi_gmem0_AWCACHE    |  out|    4|       m_axi|                  gmem0|       pointer|
|m_axi_gmem0_AWPROT     |  out|    3|       m_axi|                  gmem0|       pointer|
|m_axi_gmem0_AWQOS      |  out|    4|       m_axi|                  gmem0|       pointer|
|m_axi_gmem0_AWREGION   |  out|    4|       m_axi|                  gmem0|       pointer|
|m_axi_gmem0_AWUSER     |  out|    1|       m_axi|                  gmem0|       pointer|
|m_axi_gmem0_WVALID     |  out|    1|       m_axi|                  gmem0|       pointer|
|m_axi_gmem0_WREADY     |   in|    1|       m_axi|                  gmem0|       pointer|
|m_axi_gmem0_WDATA      |  out|   32|       m_axi|                  gmem0|       pointer|
|m_axi_gmem0_WSTRB      |  out|    4|       m_axi|                  gmem0|       pointer|
|m_axi_gmem0_WLAST      |  out|    1|       m_axi|                  gmem0|       pointer|
|m_axi_gmem0_WID        |  out|    1|       m_axi|                  gmem0|       pointer|
|m_axi_gmem0_WUSER      |  out|    1|       m_axi|                  gmem0|       pointer|
|m_axi_gmem0_ARVALID    |  out|    1|       m_axi|                  gmem0|       pointer|
|m_axi_gmem0_ARREADY    |   in|    1|       m_axi|                  gmem0|       pointer|
|m_axi_gmem0_ARADDR     |  out|   64|       m_axi|                  gmem0|       pointer|
|m_axi_gmem0_ARID       |  out|    1|       m_axi|                  gmem0|       pointer|
|m_axi_gmem0_ARLEN      |  out|    8|       m_axi|                  gmem0|       pointer|
|m_axi_gmem0_ARSIZE     |  out|    3|       m_axi|                  gmem0|       pointer|
|m_axi_gmem0_ARBURST    |  out|    2|       m_axi|                  gmem0|       pointer|
|m_axi_gmem0_ARLOCK     |  out|    2|       m_axi|                  gmem0|       pointer|
|m_axi_gmem0_ARCACHE    |  out|    4|       m_axi|                  gmem0|       pointer|
|m_axi_gmem0_ARPROT     |  out|    3|       m_axi|                  gmem0|       pointer|
|m_axi_gmem0_ARQOS      |  out|    4|       m_axi|                  gmem0|       pointer|
|m_axi_gmem0_ARREGION   |  out|    4|       m_axi|                  gmem0|       pointer|
|m_axi_gmem0_ARUSER     |  out|    1|       m_axi|                  gmem0|       pointer|
|m_axi_gmem0_RVALID     |   in|    1|       m_axi|                  gmem0|       pointer|
|m_axi_gmem0_RREADY     |  out|    1|       m_axi|                  gmem0|       pointer|
|m_axi_gmem0_RDATA      |   in|   32|       m_axi|                  gmem0|       pointer|
|m_axi_gmem0_RLAST      |   in|    1|       m_axi|                  gmem0|       pointer|
|m_axi_gmem0_RID        |   in|    1|       m_axi|                  gmem0|       pointer|
|m_axi_gmem0_RUSER      |   in|    1|       m_axi|                  gmem0|       pointer|
|m_axi_gmem0_RRESP      |   in|    2|       m_axi|                  gmem0|       pointer|
|m_axi_gmem0_BVALID     |   in|    1|       m_axi|                  gmem0|       pointer|
|m_axi_gmem0_BREADY     |  out|    1|       m_axi|                  gmem0|       pointer|
|m_axi_gmem0_BRESP      |   in|    2|       m_axi|                  gmem0|       pointer|
|m_axi_gmem0_BID        |   in|    1|       m_axi|                  gmem0|       pointer|
|m_axi_gmem0_BUSER      |   in|    1|       m_axi|                  gmem0|       pointer|
|m_axi_gmem1_AWVALID    |  out|    1|       m_axi|                  gmem1|       pointer|
|m_axi_gmem1_AWREADY    |   in|    1|       m_axi|                  gmem1|       pointer|
|m_axi_gmem1_AWADDR     |  out|   64|       m_axi|                  gmem1|       pointer|
|m_axi_gmem1_AWID       |  out|    1|       m_axi|                  gmem1|       pointer|
|m_axi_gmem1_AWLEN      |  out|    8|       m_axi|                  gmem1|       pointer|
|m_axi_gmem1_AWSIZE     |  out|    3|       m_axi|                  gmem1|       pointer|
|m_axi_gmem1_AWBURST    |  out|    2|       m_axi|                  gmem1|       pointer|
|m_axi_gmem1_AWLOCK     |  out|    2|       m_axi|                  gmem1|       pointer|
|m_axi_gmem1_AWCACHE    |  out|    4|       m_axi|                  gmem1|       pointer|
|m_axi_gmem1_AWPROT     |  out|    3|       m_axi|                  gmem1|       pointer|
|m_axi_gmem1_AWQOS      |  out|    4|       m_axi|                  gmem1|       pointer|
|m_axi_gmem1_AWREGION   |  out|    4|       m_axi|                  gmem1|       pointer|
|m_axi_gmem1_AWUSER     |  out|    1|       m_axi|                  gmem1|       pointer|
|m_axi_gmem1_WVALID     |  out|    1|       m_axi|                  gmem1|       pointer|
|m_axi_gmem1_WREADY     |   in|    1|       m_axi|                  gmem1|       pointer|
|m_axi_gmem1_WDATA      |  out|   32|       m_axi|                  gmem1|       pointer|
|m_axi_gmem1_WSTRB      |  out|    4|       m_axi|                  gmem1|       pointer|
|m_axi_gmem1_WLAST      |  out|    1|       m_axi|                  gmem1|       pointer|
|m_axi_gmem1_WID        |  out|    1|       m_axi|                  gmem1|       pointer|
|m_axi_gmem1_WUSER      |  out|    1|       m_axi|                  gmem1|       pointer|
|m_axi_gmem1_ARVALID    |  out|    1|       m_axi|                  gmem1|       pointer|
|m_axi_gmem1_ARREADY    |   in|    1|       m_axi|                  gmem1|       pointer|
|m_axi_gmem1_ARADDR     |  out|   64|       m_axi|                  gmem1|       pointer|
|m_axi_gmem1_ARID       |  out|    1|       m_axi|                  gmem1|       pointer|
|m_axi_gmem1_ARLEN      |  out|    8|       m_axi|                  gmem1|       pointer|
|m_axi_gmem1_ARSIZE     |  out|    3|       m_axi|                  gmem1|       pointer|
|m_axi_gmem1_ARBURST    |  out|    2|       m_axi|                  gmem1|       pointer|
|m_axi_gmem1_ARLOCK     |  out|    2|       m_axi|                  gmem1|       pointer|
|m_axi_gmem1_ARCACHE    |  out|    4|       m_axi|                  gmem1|       pointer|
|m_axi_gmem1_ARPROT     |  out|    3|       m_axi|                  gmem1|       pointer|
|m_axi_gmem1_ARQOS      |  out|    4|       m_axi|                  gmem1|       pointer|
|m_axi_gmem1_ARREGION   |  out|    4|       m_axi|                  gmem1|       pointer|
|m_axi_gmem1_ARUSER     |  out|    1|       m_axi|                  gmem1|       pointer|
|m_axi_gmem1_RVALID     |   in|    1|       m_axi|                  gmem1|       pointer|
|m_axi_gmem1_RREADY     |  out|    1|       m_axi|                  gmem1|       pointer|
|m_axi_gmem1_RDATA      |   in|   32|       m_axi|                  gmem1|       pointer|
|m_axi_gmem1_RLAST      |   in|    1|       m_axi|                  gmem1|       pointer|
|m_axi_gmem1_RID        |   in|    1|       m_axi|                  gmem1|       pointer|
|m_axi_gmem1_RUSER      |   in|    1|       m_axi|                  gmem1|       pointer|
|m_axi_gmem1_RRESP      |   in|    2|       m_axi|                  gmem1|       pointer|
|m_axi_gmem1_BVALID     |   in|    1|       m_axi|                  gmem1|       pointer|
|m_axi_gmem1_BREADY     |  out|    1|       m_axi|                  gmem1|       pointer|
|m_axi_gmem1_BRESP      |   in|    2|       m_axi|                  gmem1|       pointer|
|m_axi_gmem1_BID        |   in|    1|       m_axi|                  gmem1|       pointer|
|m_axi_gmem1_BUSER      |   in|    1|       m_axi|                  gmem1|       pointer|
+-----------------------+-----+-----+------------+-----------------------+--------------+

