

================================================================
== Synthesis Summary Report of 'NormalISP'
================================================================
+ General Information: 
    * Date:           Thu Sep  3 17:20:41 2026
    * Version:        2024.1 (Build 5069499 on May 21 2024)
    * Project:        NormalISP
    * Solution:       hls (Vivado IP Flow Target)
    * Product family: zynquplus
    * Target device:  xczu7ev-ffvc1156-2-e
    

+ Performance & Resource Estimates: 
    
    PS: '+' for module; 'o' for loop; '*' for dataflow
    +-------------------------------------------------------------------------------------+------+------+----------+-----------+----------+----------+---------+----------+---------+---------+------------+------------+-----+
    |                                       Modules                                       | Issue|      | Latency  |  Latency  | Iteration|          |   Trip  |          |         |         |            |            |     |
    |                                       & Loops                                       | Type | Slack| (cycles) |    (ns)   |  Latency | Interval |  Count  | Pipelined|  BRAM   |   DSP   |     FF     |     LUT    | URAM|
    +-------------------------------------------------------------------------------------+------+------+----------+-----------+----------+----------+---------+----------+---------+---------+------------+------------+-----+
    |+ NormalISP                                                                          |     -|  0.00|  20736324|  8.295e+07|         -|  20736325|        -|        no|  4 (~0%)|  28 (1%)|   9518 (2%)|  12812 (5%)|    -|
    | + p_anonymous_namespace_run_normal_isp                                              |     -|  0.00|  20736322|  8.295e+07|         -|  20736322|        -|        no|  1 (~0%)|  28 (1%)|   7506 (1%)|  10718 (4%)|    -|
    |  + p_anonymous_namespace_awb_gains_q8                                               |     -|  0.00|   2073888|  8.296e+06|         -|   2073888|        -|        no|        -|  5 (~0%)|  4427 (~0%)|   5769 (2%)|    -|
    |   + p_anonymous_namespace_awb_gains_q8_Pipeline_VITIS_LOOP_147_1_VITIS_LOOP_149_2   |     -|  0.00|   2073605|  8.294e+06|         -|   2073605|        -|        no|        -|  1 (~0%)|   632 (~0%)|  1430 (~0%)|    -|
    |    o VITIS_LOOP_147_1_VITIS_LOOP_149_2                                              |     -|  2.92|   2073603|  8.294e+06|         5|         1|  2073600|       yes|        -|        -|           -|           -|    -|
    |  + p_anonymous_namespace_run_normal_isp_Pipeline_VITIS_LOOP_202_1_VITIS_LOOP_204_2  |     -|  0.00|  18662425|  7.465e+07|         -|  18662425|        -|        no|  1 (~0%)|  19 (1%)|  2718 (~0%)|   4418 (1%)|    -|
    |   o VITIS_LOOP_202_1_VITIS_LOOP_204_2                                               |    II|  2.92|  18662423|  7.465e+07|        33|         9|  2073600|       yes|        -|        -|           -|           -|    -|
    +-------------------------------------------------------------------------------------+------+------+----------+-----------+----------+----------+---------+----------+---------+---------+------------+------------+-----+


================================================================
== HW Interfaces
================================================================
* M_AXI
+-------------+------------+------------+---------------+---------+--------+----------+-----------+--------------+--------------+-------------+-------------+-------------------+
| Interface   | Read/Write | Data Width | Address Width | Latency | Offset | Register | Max Widen | Max Read     | Max Write    | Num Read    | Num Write   | Resource Estimate |
|             |            | (SW->HW)   |               |         |        |          | Bitwidth  | Burst Length | Burst Length | Outstanding | Outstanding |                   |
+-------------+------------+------------+---------------+---------+--------+----------+-----------+--------------+--------------+-------------+-------------+-------------------+
| m_axi_gmem0 | READ_ONLY  | 16 -> 16   | 64            | 0       | slave  | 0        | 0         | 16           | 16           | 16          | 16          | BRAM=1            |
| m_axi_gmem1 | WRITE_ONLY | 32 -> 32   | 64            | 0       | slave  | 0        | 0         | 16           | 16           | 16          | 16          | BRAM=2            |
+-------------+------------+------------+---------------+---------+--------+----------+-----------+--------------+--------------+-------------+-------------+-------------------+

* S_AXILITE Interfaces
+---------------+------------+---------------+--------+----------+
| Interface     | Data Width | Address Width | Offset | Register |
+---------------+------------+---------------+--------+----------+
| s_axi_control | 32         | 7             | 16     | 0        |
+---------------+------------+---------------+--------+----------+

* S_AXILITE Registers
+---------------+-----------------+--------+-------+--------+----------------------------------+----------------------------------------------------------------------+
| Interface     | Register        | Offset | Width | Access | Description                      | Bit Fields                                                           |
+---------------+-----------------+--------+-------+--------+----------------------------------+----------------------------------------------------------------------+
| s_axi_control | CTRL            | 0x00   | 32    | RW     | Control signals                  | 0=AP_START 1=AP_DONE 2=AP_IDLE 3=AP_READY 7=AUTO_RESTART 9=INTERRUPT |
| s_axi_control | GIER            | 0x04   | 32    | RW     | Global Interrupt Enable Register | 0=Enable                                                             |
| s_axi_control | IP_IER          | 0x08   | 32    | RW     | IP Interrupt Enable Register     | 0=CHAN0_INT_EN 1=CHAN1_INT_EN                                        |
| s_axi_control | IP_ISR          | 0x0c   | 32    | RW     | IP Interrupt Status Register     | 0=CHAN0_INT_ST 1=CHAN1_INT_ST                                        |
| s_axi_control | raw_bayer_1     | 0x10   | 32    | W      | Data signal of raw_bayer         |                                                                      |
| s_axi_control | raw_bayer_2     | 0x14   | 32    | W      | Data signal of raw_bayer         |                                                                      |
| s_axi_control | rgb_out_1       | 0x1c   | 32    | W      | Data signal of rgb_out           |                                                                      |
| s_axi_control | rgb_out_2       | 0x20   | 32    | W      | Data signal of rgb_out           |                                                                      |
| s_axi_control | width           | 0x28   | 32    | W      | Data signal of width             |                                                                      |
| s_axi_control | height          | 0x30   | 32    | W      | Data signal of height            |                                                                      |
| s_axi_control | out_width       | 0x38   | 32    | R      | Data signal of out_width         |                                                                      |
| s_axi_control | out_width_ctrl  | 0x3c   | 32    | R      | Control signal of out_width      | 0=out_width_ap_vld                                                   |
| s_axi_control | out_height      | 0x48   | 32    | R      | Data signal of out_height        |                                                                      |
| s_axi_control | out_height_ctrl | 0x4c   | 32    | R      | Control signal of out_height     | 0=out_height_ap_vld                                                  |
+---------------+-----------------+--------+-------+--------+----------------------------------+----------------------------------------------------------------------+

* TOP LEVEL CONTROL
+-----------+------------+-----------+
| Interface | Type       | Ports     |
+-----------+------------+-----------+
| ap_clk    | clock      | ap_clk    |
| ap_rst_n  | reset      | ap_rst_n  |
| interrupt | interrupt  | interrupt |
| ap_ctrl   | ap_ctrl_hs |           |
+-----------+------------+-----------+


================================================================
== SW I/O Information
================================================================
* Top Function Arguments
+------------+-----------+------------------------+
| Argument   | Direction | Datatype               |
+------------+-----------+------------------------+
| raw_bayer  | in        | unsigned short const * |
| rgb_out    | out       | unsigned int*          |
| width      | in        | int                    |
| height     | in        | int                    |
| out_width  | out       | int*                   |
| out_height | out       | int*                   |
+------------+-----------+------------------------+

* SW-to-HW Mapping
+------------+---------------+-----------+----------+-------------------------------------------+
| Argument   | HW Interface  | HW Type   | HW Usage | HW Info                                   |
+------------+---------------+-----------+----------+-------------------------------------------+
| raw_bayer  | m_axi_gmem0   | interface |          | channel=0                                 |
| raw_bayer  | s_axi_control | register  | offset   | name=raw_bayer_1 offset=0x10 range=32     |
| raw_bayer  | s_axi_control | register  | offset   | name=raw_bayer_2 offset=0x14 range=32     |
| rgb_out    | m_axi_gmem1   | interface |          | channel=0                                 |
| rgb_out    | s_axi_control | register  | offset   | name=rgb_out_1 offset=0x1c range=32       |
| rgb_out    | s_axi_control | register  | offset   | name=rgb_out_2 offset=0x20 range=32       |
| width      | s_axi_control | register  |          | name=width offset=0x28 range=32           |
| height     | s_axi_control | register  |          | name=height offset=0x30 range=32          |
| out_width  | s_axi_control | register  |          | name=out_width offset=0x38 range=32       |
| out_width  | s_axi_control | register  |          | name=out_width_ctrl offset=0x3c range=32  |
| out_height | s_axi_control | register  |          | name=out_height offset=0x48 range=32      |
| out_height | s_axi_control | register  |          | name=out_height_ctrl offset=0x4c range=32 |
+------------+---------------+-----------+----------+-------------------------------------------+


================================================================
== M_AXI Burst Information
================================================================
 Note: All burst requests might be further partitioned into multiple requests during RTL generation based on max_read_burst_length or max_write_burst_length settings.

* Inferred Burst Summary
+--------------+-----------+----------+-------+
| HW Interface | Direction | Length   | Width |
+--------------+-----------+----------+-------+
| m_axi_gmem0  | read      | variable | 16    |
| m_axi_gmem1  | write     | variable | 32    |
+--------------+-----------+----------+-------+

* All M_AXI Variable Accesses
+--------------+-----------+-------------------------+-----------+--------------+----------+------------------+-------------------------+------------+-------------------------------------------------------------------------------------------------------+
| HW Interface | Variable  | Access Location         | Direction | Burst Status | Length   | Loop             | Loop Location           | Resolution | Problem                                                                                               |
+--------------+-----------+-------------------------+-----------+--------------+----------+------------------+-------------------------+------------+-------------------------------------------------------------------------------------------------------+
| m_axi_gmem0  | raw       | ../NormalISP.cpp:93:13  | read      | Widen Fail   |          | VITIS_LOOP_149_2 | ../NormalISP.cpp:149:20 | 214-353    | Could not widen since type i16 size is greater than or equal to the max_widen_bitwidth threshold of 0 |
| m_axi_gmem0  | raw       | ../NormalISP.cpp:93:13  | read      | Inferred     | variable | VITIS_LOOP_147_1 | ../NormalISP.cpp:147:23 |            |                                                                                                       |
| m_axi_gmem0  | raw_bayer | ../NormalISP.cpp:93:13  | read      | Fail         |          | VITIS_LOOP_110_2 | ../NormalISP.cpp:110:27 | 214-229    | Could not analyze pattern                                                                             |
| m_axi_gmem1  | rgb_out   | ../NormalISP.cpp:216:36 | write     | Widen Fail   |          | VITIS_LOOP_204_2 | ../NormalISP.cpp:204:20 | 214-353    | Could not widen since type i32 size is greater than or equal to the max_widen_bitwidth threshold of 0 |
| m_axi_gmem1  | rgb_out   | ../NormalISP.cpp:216:36 | write     | Inferred     | variable | VITIS_LOOP_202_1 | ../NormalISP.cpp:202:23 |            |                                                                                                       |
+--------------+-----------+-------------------------+-----------+--------------+----------+------------------+-------------------------+------------+-------------------------------------------------------------------------------------------------------+

    * Resolution URL: docs.xilinx.com/access/sources/dita/topic?Doc_Version=2024.1%20English&url=ug1448-hls-guidance&resourceid=XXX-YYY.html (replace XXX-YYY with column value)

================================================================
== Bind Op Report
================================================================
+-------------------------------------------------------------------------------------+-----+--------+----------------+-----------+-----------+---------+
| Name                                                                                | DSP | Pragma | Variable       | Op        | Impl      | Latency |
+-------------------------------------------------------------------------------------+-----+--------+----------------+-----------+-----------+---------+
| + NormalISP                                                                         | 28  |        |                |           |           |         |
|   icmp_ln262_fu_160_p2                                                              |     |        | icmp_ln262     | setlt     | auto      | 0       |
|   icmp_ln262_1_fu_166_p2                                                            |     |        | icmp_ln262_1   | setlt     | auto      | 0       |
|   or_ln262_fu_172_p2                                                                |     |        | or_ln262       | or        | auto      | 0       |
|  + p_anonymous_namespace_run_normal_isp                                             | 28  |        |                |           |           |         |
|    sub_i_i_fu_168_p2                                                                |     |        | sub_i_i        | add       | fabric    | 0       |
|    sub11_i_i_fu_175_p2                                                              |     |        | sub11_i_i      | add       | fabric    | 0       |
|    mul_31ns_31ns_62_2_1_U67                                                         | 4   |        | mul_ln202      | mul       | auto      | 1       |
|   + p_anonymous_namespace_awb_gains_q8                                              | 5   |        |                |           |           |         |
|     mul_31ns_31ns_62_2_1_U13                                                        | 4   |        | mul_ln147      | mul       | auto      | 1       |
|     icmp_ln167_fu_242_p2                                                            |     |        | icmp_ln167     | seteq     | auto      | 0       |
|     udiv_64ns_64ns_32_68_seq_1_U14                                                  |     |        | udiv_ln167     | udiv      | auto_seq  | 67      |
|     icmp_ln168_fu_259_p2                                                            |     |        | icmp_ln168     | seteq     | auto      | 0       |
|     udiv_64ns_64ns_32_68_seq_1_U15                                                  |     |        | udiv_ln168     | udiv      | auto_seq  | 67      |
|     icmp_ln169_fu_273_p2                                                            |     |        | icmp_ln169     | seteq     | auto      | 0       |
|     udiv_64ns_64ns_32_68_seq_1_U16                                                  |     |        | udiv_ln169     | udiv      | auto_seq  | 67      |
|     icmp_ln171_fu_287_p2                                                            |     |        | icmp_ln171     | setgt     | auto      | 0       |
|     icmp_ln171_1_fu_293_p2                                                          |     |        | icmp_ln171_1   | setgt     | auto      | 0       |
|     and_ln171_fu_299_p2                                                             |     |        | and_ln171      | and       | auto      | 0       |
|     sdiv_32s_32ns_11_36_seq_1_U17                                                   |     |        | sdiv_ln172     | sdiv      | auto_seq  | 35      |
|     icmp_ln70_fu_337_p2                                                             |     |        | icmp_ln70      | setlt     | auto      | 0       |
|     add_ln70_fu_355_p2                                                              |     |        | add_ln70       | add       | fabric    | 0       |
|     icmp_ln70_11_fu_369_p2                                                          |     |        | icmp_ln70_11   | setlt     | auto      | 0       |
|     xor_ln70_fu_379_p2                                                              |     |        | xor_ln70       | xor       | auto      | 0       |
|     select_ln70_fu_384_p3                                                           |     |        | select_ln70    | select    | auto_sel  | 0       |
|     or_ln70_fu_391_p2                                                               |     |        | or_ln70        | or        | auto      | 0       |
|     select_ln70_3_fu_396_p3                                                         |     |        | select_ln70_3  | select    | auto_sel  | 0       |
|     icmp_ln174_fu_409_p2                                                            |     |        | icmp_ln174     | setgt     | auto      | 0       |
|     and_ln174_fu_415_p2                                                             |     |        | and_ln174      | and       | auto      | 0       |
|     sdiv_32s_32ns_11_36_seq_1_U18                                                   |     |        | sdiv_ln175     | sdiv      | auto_seq  | 35      |
|     icmp_ln70_12_fu_452_p2                                                          |     |        | icmp_ln70_12   | setlt     | auto      | 0       |
|     add_ln70_1_fu_470_p2                                                            |     |        | add_ln70_1     | add       | fabric    | 0       |
|     icmp_ln70_13_fu_484_p2                                                          |     |        | icmp_ln70_13   | setlt     | auto      | 0       |
|     xor_ln70_2_fu_494_p2                                                            |     |        | xor_ln70_2     | xor       | auto      | 0       |
|     select_ln70_4_fu_499_p3                                                         |     |        | select_ln70_4  | select    | auto_sel  | 0       |
|     or_ln70_2_fu_506_p2                                                             |     |        | or_ln70_2      | or        | auto      | 0       |
|     select_ln70_5_fu_511_p3                                                         |     |        | select_ln70_5  | select    | auto_sel  | 0       |
|    + p_anonymous_namespace_awb_gains_q8_Pipeline_VITIS_LOOP_147_1_VITIS_LOOP_149_2  | 1   |        |                |           |           |         |
|      icmp_ln147_fu_271_p2                                                           |     |        | icmp_ln147     | seteq     | auto      | 0       |
|      add_ln147_fu_276_p2                                                            |     |        | add_ln147      | add       | fabric    | 0       |
|      icmp_ln149_fu_296_p2                                                           |     |        | icmp_ln149     | seteq     | auto      | 0       |
|      select_ln145_fu_301_p3                                                         |     |        | select_ln145   | select    | auto_sel  | 0       |
|      add_ln147_1_fu_336_p2                                                          |     |        | add_ln147_1    | add       | fabric    | 0       |
|      select_ln147_fu_342_p3                                                         |     |        | select_ln147   | select    | auto_sel  | 0       |
|      icmp_ln95_fu_353_p2                                                            |     |        | icmp_ln95      | setgt     | auto      | 0       |
|      select_ln70_fu_402_p3                                                          |     |        | select_ln70    | select    | auto_sel  | 0       |
|      icmp_ln70_fu_424_p2                                                            |     |        | icmp_ln70      | setne     | auto      | 0       |
|      v_36_fu_430_p3                                                                 |     |        | v_36           | select    | auto_sel  | 0       |
|      or_ln81_fu_438_p2                                                              |     |        | or_ln81        | or        | auto      | 0       |
|      and_ln82_fu_443_p2                                                             |     |        | and_ln82       | and       | auto      | 0       |
|      select_ln82_fu_518_p3                                                          |     |        | select_ln82    | select    | auto_sel  | 0       |
|      select_ln81_fu_525_p3                                                          |     |        | select_ln81    | select    | auto_sel  | 0       |
|      mul_12ns_9ns_21_1_1_U1                                                         | 1   |        | mul_ln98       | mul       | auto      | 0       |
|      v_37_fu_569_p3                                                                 |     |        | v_37           | select    | auto_sel  | 0       |
|      sum_r_1_fu_579_p2                                                              |     |        | sum_r_1        | add       | fabric    | 0       |
|      cnt_r_1_fu_448_p2                                                              |     |        | cnt_r_1        | add       | fabric    | 0       |
|      sum_g_1_fu_585_p2                                                              |     |        | sum_g_1        | add       | fabric    | 0       |
|      cnt_g_1_fu_454_p2                                                              |     |        | cnt_g_1        | add       | fabric    | 0       |
|      sum_b_1_fu_591_p2                                                              |     |        | sum_b_1        | add       | fabric    | 0       |
|      cnt_b_1_fu_460_p2                                                              |     |        | cnt_b_1        | add       | fabric    | 0       |
|      cnt_r_2_fu_466_p3                                                              |     |        | cnt_r_2        | select    | auto_sel  | 0       |
|      sum_b_2_fu_597_p3                                                              |     |        | sum_b_2        | select    | auto_sel  | 0       |
|      xor_ln82_fu_474_p2                                                             |     |        | xor_ln82       | xor       | auto      | 0       |
|      sum_g_2_fu_604_p3                                                              |     |        | sum_g_2        | select    | auto_sel  | 0       |
|      sum_r_2_fu_611_p3                                                              |     |        | sum_r_2        | select    | auto_sel  | 0       |
|      cnt_g_2_fu_479_p3                                                              |     |        | cnt_g_2        | select    | auto_sel  | 0       |
|      cnt_b_2_fu_487_p3                                                              |     |        | cnt_b_2        | select    | auto_sel  | 0       |
|      add_ln149_fu_313_p2                                                            |     |        | add_ln149      | add       | fabric    | 0       |
|   + p_anonymous_namespace_run_normal_isp_Pipeline_VITIS_LOOP_202_1_VITIS_LOOP_204_2 | 19  |        |                |           |           |         |
|     icmp_ln202_fu_545_p2                                                            |     |        | icmp_ln202     | seteq     | auto      | 0       |
|     add_ln202_fu_550_p2                                                             |     |        | add_ln202      | add       | fabric    | 0       |
|     icmp_ln204_fu_562_p2                                                            |     |        | icmp_ln204     | seteq     | auto      | 0       |
|     select_ln202_fu_567_p3                                                          |     |        | select_ln202   | select    | auto_sel  | 0       |
|     add_ln202_1_fu_575_p2                                                           |     |        | add_ln202_1    | add       | fabric    | 0       |
|     select_ln202_1_fu_581_p3                                                        |     |        | select_ln202_1 | select    | auto_sel  | 0       |
|     even_y_fu_2112_p2                                                               |     |        | even_y         | xor       | auto      | 0       |
|     empty_99_fu_597_p2                                                              |     |        | empty_99       | add       | fabric    | 0       |
|     cmp9_i_i_fu_603_p2                                                              |     |        | cmp9_i_i       | setgt     | auto      | 0       |
|     cond14_i_i_fu_634_p3                                                            |     |        | cond14_i_i     | select    | auto_sel  | 0       |
|     cy_fu_639_p3                                                                    |     |        | cy             | select    | auto_sel  | 0       |
|     mul_32s_31ns_32_2_1_U28                                                         | 3   |        | mul_i_i        | mul       | auto      | 1       |
|     mul_31ns_31ns_32_2_1_U27                                                        | 3   |        | mul_i_i_1      | mul       | auto      | 1       |
|     empty_101_fu_652_p2                                                             |     |        | empty_101      | add       | fabric    | 0       |
|     cmp9_i_i_2_fu_657_p2                                                            |     |        | cmp9_i_i_2     | setgt     | auto      | 0       |
|     empty_102_fu_662_p2                                                             |     |        | empty_102      | add       | fabric    | 0       |
|     cy_1_fu_667_p3                                                                  |     |        | cy_1           | select    | auto_sel  | 0       |
|     mul_31ns_31ns_32_2_1_U27                                                        | 3   |        | mul_i_i_2      | mul       | auto      | 1       |
|     add_ln91_fu_685_p2                                                              |     |        | add_ln91       | add       | fabric    | 0       |
|     icmp_ln91_fu_608_p2                                                             |     |        | icmp_ln91      | setgt     | auto      | 0       |
|     select_ln91_fu_699_p3                                                           |     |        | select_ln91    | select    | auto_sel  | 0       |
|     cx_fu_705_p3                                                                    |     |        | cx             | select    | auto_sel  | 0       |
|     add_ln93_fu_749_p2                                                              |     |        | add_ln93       | add       | fabric    | 0       |
|     add_ln93_1_fu_765_p2                                                            |     |        | add_ln93_1     | add       | fabric    | 0       |
|     icmp_ln95_fu_1124_p2                                                            |     |        | icmp_ln95      | setgt     | auto      | 0       |
|     select_ln70_fu_1173_p3                                                          |     |        | select_ln70    | select    | auto_sel  | 0       |
|     icmp_ln70_fu_1195_p2                                                            |     |        | icmp_ln70      | setne     | auto      | 0       |
|     v_1_fu_1201_p3                                                                  |     |        | v_1            | select    | auto_sel  | 0       |
|     or_ln81_fu_1212_p2                                                              |     |        | or_ln81        | or        | auto      | 0       |
|     and_ln82_fu_1216_p2                                                             |     |        | and_ln82       | and       | auto      | 0       |
|     select_ln82_fu_1220_p3                                                          |     |        | select_ln82    | select    | auto_sel  | 0       |
|     select_ln81_fu_1228_p3                                                          |     |        | select_ln81    | select    | auto_sel  | 0       |
|     mul_12ns_9ns_21_1_1_U29                                                         | 1   |        | mul_ln98       | mul       | auto      | 0       |
|     v_27_fu_1591_p3                                                                 |     |        | v_27           | select    | auto_sel  | 0       |
|     add_ln93_2_fu_790_p2                                                            |     |        | add_ln93_2     | add       | fabric    | 0       |
|     add_ln93_3_fu_806_p2                                                            |     |        | add_ln93_3     | add       | fabric    | 0       |
|     icmp_ln95_1_fu_1246_p2                                                          |     |        | icmp_ln95_1    | setgt     | auto      | 0       |
|     select_ln70_3_fu_1295_p3                                                        |     |        | select_ln70_3  | select    | auto_sel  | 0       |
|     icmp_ln70_1_fu_1317_p2                                                          |     |        | icmp_ln70_1    | setne     | auto      | 0       |
|     v_4_fu_1323_p3                                                                  |     |        | v_4            | select    | auto_sel  | 0       |
|     or_ln81_1_fu_1334_p2                                                            |     |        | or_ln81_1      | or        | auto      | 0       |
|     and_ln82_1_fu_1338_p2                                                           |     |        | and_ln82_1     | and       | auto      | 0       |
|     select_ln82_1_fu_1342_p3                                                        |     |        | select_ln82_1  | select    | auto_sel  | 0       |
|     select_ln81_1_fu_1350_p3                                                        |     |        | select_ln81_1  | select    | auto_sel  | 0       |
|     mul_12ns_9ns_21_1_1_U30                                                         | 1   |        | mul_ln98_1     | mul       | auto      | 0       |
|     v_28_fu_2369_p3                                                                 |     |        | v_28           | select    | auto_sel  | 0       |
|     add_ln111_fu_717_p2                                                             |     |        | add_ln111      | add       | fabric    | 0       |
|     add_ln111_1_fu_723_p2                                                           |     |        | add_ln111_1    | add       | fabric    | 0       |
|     icmp_ln91_1_fu_728_p2                                                           |     |        | icmp_ln91_1    | setgt     | auto      | 0       |
|     cx_1_fu_733_p3                                                                  |     |        | cx_1           | select    | auto_sel  | 0       |
|     add_ln93_4_fu_834_p2                                                            |     |        | add_ln93_4     | add       | fabric    | 0       |
|     add_ln93_5_fu_851_p2                                                            |     |        | add_ln93_5     | add       | fabric    | 0       |
|     icmp_ln95_2_fu_1368_p2                                                          |     |        | icmp_ln95_2    | setgt     | auto      | 0       |
|     select_ln70_6_fu_1417_p3                                                        |     |        | select_ln70_6  | select    | auto_sel  | 0       |
|     icmp_ln70_2_fu_1439_p2                                                          |     |        | icmp_ln70_2    | setne     | auto      | 0       |
|     v_7_fu_1445_p3                                                                  |     |        | v_7            | select    | auto_sel  | 0       |
|     or_ln81_2_fu_1456_p2                                                            |     |        | or_ln81_2      | or        | auto      | 0       |
|     and_ln82_2_fu_1460_p2                                                           |     |        | and_ln82_2     | and       | auto      | 0       |
|     select_ln82_2_fu_1464_p3                                                        |     |        | select_ln82_2  | select    | auto_sel  | 0       |
|     select_ln81_2_fu_1472_p3                                                        |     |        | select_ln81_2  | select    | auto_sel  | 0       |
|     mul_12ns_9ns_21_1_1_U31                                                         | 1   |        | mul_ln98_2     | mul       | auto      | 0       |
|     v_29_fu_1619_p3                                                                 |     |        | v_29           | select    | auto_sel  | 0       |
|     add_ln93_6_fu_876_p2                                                            |     |        | add_ln93_6     | add       | fabric    | 0       |
|     add_ln93_7_fu_892_p2                                                            |     |        | add_ln93_7     | add       | fabric    | 0       |
|     icmp_ln95_3_fu_1490_p2                                                          |     |        | icmp_ln95_3    | setgt     | auto      | 0       |
|     select_ln70_9_fu_1539_p3                                                        |     |        | select_ln70_9  | select    | auto_sel  | 0       |
|     icmp_ln70_3_fu_1561_p2                                                          |     |        | icmp_ln70_3    | setne     | auto      | 0       |
|     v_10_fu_1567_p3                                                                 |     |        | v_10           | select    | auto_sel  | 0       |
|     or_ln81_3_fu_1634_p2                                                            |     |        | or_ln81_3      | or        | auto      | 0       |
|     and_ln82_3_fu_1638_p2                                                           |     |        | and_ln82_3     | and       | auto      | 0       |
|     select_ln82_3_fu_1642_p3                                                        |     |        | select_ln82_3  | select    | auto_sel  | 0       |
|     select_ln81_3_fu_1650_p3                                                        |     |        | select_ln81_3  | select    | auto_sel  | 0       |
|     mul_12ns_9ns_21_1_1_U32                                                         | 1   |        | mul_ln98_3     | mul       | auto      | 0       |
|     v_30_fu_2133_p3                                                                 |     |        | v_30           | select    | auto_sel  | 0       |
|     add_ln93_8_fu_917_p2                                                            |     |        | add_ln93_8     | add       | fabric    | 0       |
|     add_ln93_9_fu_933_p2                                                            |     |        | add_ln93_9     | add       | fabric    | 0       |
|     icmp_ln95_4_fu_1668_p2                                                          |     |        | icmp_ln95_4    | setgt     | auto      | 0       |
|     select_ln70_12_fu_1717_p3                                                       |     |        | select_ln70_12 | select    | auto_sel  | 0       |
|     icmp_ln70_4_fu_1739_p2                                                          |     |        | icmp_ln70_4    | setne     | auto      | 0       |
|     v_13_fu_1745_p3                                                                 |     |        | v_13           | select    | auto_sel  | 0       |
|     or_ln81_4_fu_1762_p2                                                            |     |        | or_ln81_4      | or        | auto      | 0       |
|     and_ln82_4_fu_1766_p2                                                           |     |        | and_ln82_4     | and       | auto      | 0       |
|     select_ln82_4_fu_1770_p3                                                        |     |        | select_ln82_4  | select    | auto_sel  | 0       |
|     select_ln81_4_fu_1778_p3                                                        |     |        | select_ln81_4  | select    | auto_sel  | 0       |
|     mul_12ns_9ns_21_1_1_U33                                                         | 1   |        | mul_ln98_4     | mul       | auto      | 0       |
|     v_31_fu_1899_p3                                                                 |     |        | v_31           | select    | auto_sel  | 0       |
|     add_ln93_10_fu_958_p2                                                           |     |        | add_ln93_10    | add       | fabric    | 0       |
|     add_ln93_11_fu_975_p2                                                           |     |        | add_ln93_11    | add       | fabric    | 0       |
|     icmp_ln95_5_fu_1814_p2                                                          |     |        | icmp_ln95_5    | setgt     | auto      | 0       |
|     select_ln70_15_fu_1863_p3                                                       |     |        | select_ln70_15 | select    | auto_sel  | 0       |
|     icmp_ln70_5_fu_1885_p2                                                          |     |        | icmp_ln70_5    | setne     | auto      | 0       |
|     v_16_fu_1891_p3                                                                 |     |        | v_16           | select    | auto_sel  | 0       |
|     or_ln81_5_fu_1993_p2                                                            |     |        | or_ln81_5      | or        | auto      | 0       |
|     and_ln82_5_fu_1997_p2                                                           |     |        | and_ln82_5     | and       | auto      | 0       |
|     select_ln82_5_fu_2001_p3                                                        |     |        | select_ln82_5  | select    | auto_sel  | 0       |
|     select_ln81_5_fu_2009_p3                                                        |     |        | select_ln81_5  | select    | auto_sel  | 0       |
|     mul_12ns_9ns_21_1_1_U34                                                         | 1   |        | mul_ln98_5     | mul       | auto      | 0       |
|     v_32_fu_2161_p3                                                                 |     |        | v_32           | select    | auto_sel  | 0       |
|     add_ln93_12_fu_1000_p2                                                          |     |        | add_ln93_12    | add       | fabric    | 0       |
|     add_ln93_13_fu_1016_p2                                                          |     |        | add_ln93_13    | add       | fabric    | 0       |
|     icmp_ln95_6_fu_1905_p2                                                          |     |        | icmp_ln95_6    | setgt     | auto      | 0       |
|     select_ln70_18_fu_1954_p3                                                       |     |        | select_ln70_18 | select    | auto_sel  | 0       |
|     icmp_ln70_6_fu_1976_p2                                                          |     |        | icmp_ln70_6    | setne     | auto      | 0       |
|     v_19_fu_1982_p3                                                                 |     |        | v_19           | select    | auto_sel  | 0       |
|     or_ln81_6_fu_2176_p2                                                            |     |        | or_ln81_6      | or        | auto      | 0       |
|     and_ln82_6_fu_2180_p2                                                           |     |        | and_ln82_6     | and       | auto      | 0       |
|     select_ln82_6_fu_2184_p3                                                        |     |        | select_ln82_6  | select    | auto_sel  | 0       |
|     select_ln81_6_fu_2192_p3                                                        |     |        | select_ln81_6  | select    | auto_sel  | 0       |
|     mul_12ns_9ns_21_1_1_U35                                                         | 1   |        | mul_ln98_6     | mul       | auto      | 0       |
|     v_33_fu_2501_p3                                                                 |     |        | v_33           | select    | auto_sel  | 0       |
|     add_ln93_14_fu_1041_p2                                                          |     |        | add_ln93_14    | add       | fabric    | 0       |
|     add_ln93_15_fu_1057_p2                                                          |     |        | add_ln93_15    | add       | fabric    | 0       |
|     icmp_ln95_7_fu_2027_p2                                                          |     |        | icmp_ln95_7    | setgt     | auto      | 0       |
|     select_ln70_21_fu_2076_p3                                                       |     |        | select_ln70_21 | select    | auto_sel  | 0       |
|     icmp_ln70_7_fu_2098_p2                                                          |     |        | icmp_ln70_7    | setne     | auto      | 0       |
|     v_22_fu_2104_p3                                                                 |     |        | v_22           | select    | auto_sel  | 0       |
|     or_ln81_7_fu_2213_p2                                                            |     |        | or_ln81_7      | or        | auto      | 0       |
|     and_ln82_7_fu_2217_p2                                                           |     |        | and_ln82_7     | and       | auto      | 0       |
|     select_ln82_7_fu_2221_p3                                                        |     |        | select_ln82_7  | select    | auto_sel  | 0       |
|     select_ln81_7_fu_2229_p3                                                        |     |        | select_ln81_7  | select    | auto_sel  | 0       |
|     mul_12ns_9ns_21_1_1_U36                                                         | 1   |        | mul_ln98_7     | mul       | auto      | 0       |
|     v_34_fu_2397_p3                                                                 |     |        | v_34           | select    | auto_sel  | 0       |
|     add_ln93_16_fu_1082_p2                                                          |     |        | add_ln93_16    | add       | fabric    | 0       |
|     add_ln93_17_fu_1099_p2                                                          |     |        | add_ln93_17    | add       | fabric    | 0       |
|     icmp_ln95_8_fu_2247_p2                                                          |     |        | icmp_ln95_8    | setgt     | auto      | 0       |
|     select_ln70_24_fu_2296_p3                                                       |     |        | select_ln70_24 | select    | auto_sel  | 0       |
|     icmp_ln70_8_fu_2318_p2                                                          |     |        | icmp_ln70_8    | setne     | auto      | 0       |
|     v_25_fu_2324_p3                                                                 |     |        | v_25           | select    | auto_sel  | 0       |
|     or_ln81_8_fu_2412_p2                                                            |     |        | or_ln81_8      | or        | auto      | 0       |
|     and_ln82_8_fu_2416_p2                                                           |     |        | and_ln82_8     | and       | auto      | 0       |
|     select_ln82_8_fu_2420_p3                                                        |     |        | select_ln82_8  | select    | auto_sel  | 0       |
|     select_ln81_8_fu_2428_p3                                                        |     |        | select_ln81_8  | select    | auto_sel  | 0       |
|     mul_12ns_9ns_21_1_1_U37                                                         | 1   |        | mul_ln98_8     | mul       | auto      | 0       |
|     v_35_fu_2529_p3                                                                 |     |        | v_35           | select    | auto_sel  | 0       |
|     add_ln119_fu_2332_p2                                                            |     |        | add_ln119      | add       | fabric    | 0       |
|     add_ln119_1_fu_2449_p2                                                          |     |        | add_ln119_1    | add       | fabric    | 0       |
|     add_ln119_2_fu_2459_p2                                                          |     |        | add_ln119_2    | add       | fabric    | 0       |
|     add_ln120_fu_1753_p2                                                            |     |        | add_ln120      | add       | fabric    | 0       |
|     add_ln120_1_fu_2544_p2                                                          |     |        | add_ln120_1    | add       | fabric    | 0       |
|     add_ln120_2_fu_2554_p2                                                          |     |        | add_ln120_2    | add       | fabric    | 0       |
|     xor_ln117_fu_2570_p2                                                            |     |        | xor_ln117      | xor       | auto      | 0       |
|     and_ln121_fu_2348_p2                                                            |     |        | and_ln121      | and       | auto      | 0       |
|     sparsemux_9_3_12_1_1_U38                                                        |     |        | b12_1          | sparsemux | auto      | 0       |
|     sparsemux_7_2_12_1_1_U39                                                        |     |        | g12            | sparsemux | auto      | 0       |
|     sparsemux_9_3_12_1_1_U40                                                        |     |        | r12            | sparsemux | auto      | 0       |
|     mul_12ns_32s_32_2_1_U26                                                         | 2   |        | mul_ln209      | mul       | auto      | 1       |
|     grp_fu_497_p2                                                                   |     |        | icmp_ln70_9    | setgt     | auto      | 0       |
|     xor_ln70_fu_2710_p2                                                             |     |        | xor_ln70       | xor       | auto      | 0       |
|     select_ln70_27_fu_2715_p3                                                       |     |        | select_ln70_27 | select    | auto_sel  | 0       |
|     or_ln70_fu_2723_p2                                                              |     |        | or_ln70        | or        | auto      | 0       |
|     r12_3_fu_2728_p3                                                                |     |        | r12_3          | select    | auto_sel  | 0       |
|     mul_12ns_32s_32_2_1_U26                                                         | 2   |        | mul_ln210      | mul       | auto      | 1       |
|     grp_fu_497_p2                                                                   |     |        | icmp_ln70_10   | setgt     | auto      | 0       |
|     xor_ln70_1_fu_2670_p2                                                           |     |        | xor_ln70_1     | xor       | auto      | 0       |
|     select_ln70_29_fu_2675_p3                                                       |     |        | select_ln70_29 | select    | auto_sel  | 0       |
|     or_ln70_1_fu_2683_p2                                                            |     |        | or_ln70_1      | or        | auto      | 0       |
|     b12_2_fu_2688_p3                                                                |     |        | b12_2          | select    | auto_sel  | 0       |
|     sub_ln184_fu_2758_p2                                                            |     |        | sub_ln184      | sub       | fabric    | 0       |
|     add_ln184_1_fu_2792_p2                                                          |     |        | add_ln184_1    | add       | fabric    | 0       |
|     sub_ln184_1_fu_2813_p2                                                          |     |        | sub_ln184_1    | sub       | fabric    | 0       |
|     acc_1_fu_2911_p3                                                                |     |        | acc_1          | select    | auto_sel  | 0       |
|     rc_fu_2935_p3                                                                   |     |        | rc             | select    | auto_sel  | 0       |
|     mac_muladd_12ns_9ns_18s_22_4_1_U41                                              | 1   |        | mul_ln184      | mul       | dsp_slice | 3       |
|     mac_muladd_12ns_9ns_18s_22_4_1_U41                                              | 1   |        | zext_ln184_1   | zext      | dsp_slice | 3       |
|     sub_ln184_2_fu_2863_p2                                                          |     |        | sub_ln184_2    | sub       | fabric    | 0       |
|     sub_ln184_3_fu_2954_p2                                                          |     |        | sub_ln184_3    | sub       | fabric    | 0       |
|     mac_muladd_12ns_9ns_18s_22_4_1_U41                                              | 1   |        | add_ln184_2    | add       | dsp_slice | 3       |
|     acc_2_fu_2964_p2                                                                |     |        | acc_2          | add       | fabric    | 0       |
|     acc_3_fu_2981_p3                                                                |     |        | acc_3          | select    | auto_sel  | 0       |
|     gc_fu_3007_p3                                                                   |     |        | gc             | select    | auto_sel  | 0       |
|     sub_ln184_4_fu_2873_p2                                                          |     |        | sub_ln184_4    | sub       | fabric    | 0       |
|     sub_ln184_5_fu_2895_p2                                                          |     |        | sub_ln184_5    | sub       | fabric    | 0       |
|     mac_muladd_12ns_9ns_19s_22_4_1_U42                                              | 1   |        | mul_ln184_1    | mul       | dsp_slice | 3       |
|     mac_muladd_12ns_9ns_19s_22_4_1_U42                                              | 1   |        | zext_ln184_2   | zext      | dsp_slice | 3       |
|     add_ln184_4_fu_2905_p2                                                          |     |        | add_ln184_4    | add       | fabric    | 0       |
|     mac_muladd_12ns_9ns_19s_22_4_1_U42                                              | 1   |        | acc_4          | add       | dsp_slice | 3       |
|     acc_5_fu_3033_p3                                                                |     |        | acc_5          | select    | auto_sel  | 0       |
|     bc_fu_3059_p3                                                                   |     |        | bc             | select    | auto_sel  | 0       |
+-------------------------------------------------------------------------------------+-----+--------+----------------+-----------+-----------+---------+


================================================================
== Storage Report
================================================================
+-------------------------------------------------------------------------------------+-----------+-----------+------+------+--------+----------------------------------+------+---------+------------------+
| Name                                                                                | Usage     | Type      | BRAM | URAM | Pragma | Variable                         | Impl | Latency | Bitwidth, Depth, |
|                                                                                     |           |           |      |      |        |                                  |      |         | Banks            |
+-------------------------------------------------------------------------------------+-----------+-----------+------+------+--------+----------------------------------+------+---------+------------------+
| + NormalISP                                                                         |           |           | 4    | 0    |        |                                  |      |         |                  |
|   control_s_axi_U                                                                   | interface | s_axilite |      |      |        |                                  |      |         |                  |
|   gmem0_m_axi_U                                                                     | interface | m_axi     | 1    |      |        |                                  |      |         |                  |
|   gmem1_m_axi_U                                                                     | interface | m_axi     | 2    |      |        |                                  |      |         |                  |
|  + p_anonymous_namespace_run_normal_isp                                             |           |           | 1    | 0    |        |                                  |      |         |                  |
|   + p_anonymous_namespace_run_normal_isp_Pipeline_VITIS_LOOP_202_1_VITIS_LOOP_204_2 |           |           | 1    | 0    |        |                                  |      |         |                  |
|     p_anonymous_namespace_GAMMA2_LUT_U                                              | rom_1p    |           | 1    |      |        | p_anonymous_namespace_GAMMA2_LUT | auto | 1       | 8, 256, 1        |
+-------------------------------------------------------------------------------------+-----------+-----------+------+------+--------+----------------------------------+------+---------+------------------+


================================================================
== Pragma Report
================================================================
* Valid Pragma Syntax
+----------------+-----------------------------------------------------------+---------------------------------------------------+
| Type           | Options                                                   | Location                                          |
+----------------+-----------------------------------------------------------+---------------------------------------------------+
| inline         |                                                           | ../NormalISP.cpp:78 in bayer_gain_q8              |
| inline         |                                                           | ../NormalISP.cpp:90 in corrected_bayer            |
| inline         |                                                           | ../NormalISP.cpp:107 in demosaic_rggb12           |
| loop_tripcount | min=4 max=1080                                            | ../NormalISP.cpp:148 in awb_gains_q8              |
| loop_tripcount | min=4 max=1920                                            | ../NormalISP.cpp:150 in awb_gains_q8              |
| inline         |                                                           | ../NormalISP.cpp:183 in ccm_channel               |
| inline         |                                                           | ../NormalISP.cpp:191 in quantize_gamma            |
| loop_tripcount | min=4 max=1080                                            | ../NormalISP.cpp:203 in run_normal_isp            |
| loop_tripcount | min=4 max=1920                                            | ../NormalISP.cpp:205 in run_normal_isp            |
| interface      | m_axi port=raw_bayer offset=slave bundle=gmem0 depth=2048 | ../NormalISP.cpp:228 in normalisp_dev, raw_bayer  |
| interface      | m_axi port=rgb_out offset=slave bundle=gmem1 depth=2048   | ../NormalISP.cpp:229 in normalisp_dev, rgb_out    |
| interface      | s_axilite port=raw_bayer bundle=control                   | ../NormalISP.cpp:230 in normalisp_dev, raw_bayer  |
| interface      | s_axilite port=rgb_out bundle=control                     | ../NormalISP.cpp:231 in normalisp_dev, rgb_out    |
| interface      | s_axilite port=width bundle=control                       | ../NormalISP.cpp:232 in normalisp_dev, width      |
| interface      | s_axilite port=height bundle=control                      | ../NormalISP.cpp:233 in normalisp_dev, height     |
| interface      | s_axilite port=awb_mode bundle=control                    | ../NormalISP.cpp:234 in normalisp_dev, awb_mode   |
| interface      | s_axilite port=out_width bundle=control                   | ../NormalISP.cpp:235 in normalisp_dev, out_width  |
| interface      | s_axilite port=out_height bundle=control                  | ../NormalISP.cpp:236 in normalisp_dev, out_height |
| interface      | s_axilite port=return bundle=control                      | ../NormalISP.cpp:237 in normalisp_dev, return     |
| interface      | m_axi port=raw_bayer offset=slave bundle=gmem0 depth=2048 | ../NormalISP.cpp:253 in normalisp, raw_bayer      |
| interface      | m_axi port=rgb_out offset=slave bundle=gmem1 depth=2048   | ../NormalISP.cpp:254 in normalisp, rgb_out        |
| interface      | s_axilite port=raw_bayer bundle=control                   | ../NormalISP.cpp:255 in normalisp, raw_bayer      |
| interface      | s_axilite port=rgb_out bundle=control                     | ../NormalISP.cpp:256 in normalisp, rgb_out        |
| interface      | s_axilite port=width bundle=control                       | ../NormalISP.cpp:257 in normalisp, width          |
| interface      | s_axilite port=height bundle=control                      | ../NormalISP.cpp:258 in normalisp, height         |
| interface      | s_axilite port=out_width bundle=control                   | ../NormalISP.cpp:259 in normalisp, out_width      |
| interface      | s_axilite port=out_height bundle=control                  | ../NormalISP.cpp:260 in normalisp, out_height     |
| interface      | s_axilite port=return bundle=control                      | ../NormalISP.cpp:261 in normalisp, return         |
+----------------+-----------------------------------------------------------+---------------------------------------------------+


