Copyright 1986-2022 Xilinx, Inc. All Rights Reserved. Copyright 2022-2024 Advanced Micro Devices, Inc. All Rights Reserved.
--------------------------------------------------------------------------------------------------------------------------------------------------
| Tool Version      : Vivado v.2024.1 (lin64) Build 5076996 Wed May 22 18:36:09 MDT 2024
| Date              : Tue Sep 15 10:24:08 2026
| Host              : mini-Nitro-ANV16S-41 running 64-bit Ubuntu 22.04.5 LTS
| Command           : report_timing_summary -file /home/mini/Desktop/dfxisp/LowlightISP_DPU/LowlightISP_DPU_zcu104/timing_summary_impl.rpt
| Design            : LowlightISP_DPU_design1_wrapper
| Device            : xczu7ev-ffvc1156
| Speed File        : -2  PRODUCTION 1.30 05-15-2022
| Design State      : Routed
| Temperature Grade : E
--------------------------------------------------------------------------------------------------------------------------------------------------

Timing Summary Report

------------------------------------------------------------------------------------------------
| Timer Settings
| --------------
------------------------------------------------------------------------------------------------

  Enable Multi Corner Analysis               :  Yes
  Enable Pessimism Removal                   :  Yes
  Pessimism Removal Resolution               :  Nearest Common Node
  Enable Input Delay Default Clock           :  No
  Enable Preset / Clear Arcs                 :  No
  Disable Flight Delays                      :  No
  Ignore I/O Paths                           :  No
  Timing Early Launch at Borrowing Latches   :  No
  Borrow Time for Max Delay Exceptions       :  Yes
  Merge Timing Exceptions                    :  Yes
  Inter-SLR Compensation                     :  Conservative

  Corner  Analyze    Analyze    
  Name    Max Paths  Min Paths  
  ------  ---------  ---------  
  Slow    Yes        Yes        
  Fast    Yes        Yes        


------------------------------------------------------------------------------------------------
| Report Methodology
| ------------------
------------------------------------------------------------------------------------------------

Rule       Severity          Description                                                                          Violations  
---------  ----------------  -----------------------------------------------------------------------------------  ----------  
TIMING-4   Critical Warning  Invalid primary clock redefinition on a clock tree                                   1           
TIMING-27  Critical Warning  Invalid primary clock on hierarchical pin                                            1           
TIMING-54  Critical Warning  Scoped false path, clock group or max delay datapath only constraint between clocks  2           
LUTAR-1    Warning           LUT drives async reset alert                                                         6           
TIMING-9   Warning           Unknown CDC Logic                                                                    1           
TIMING-46  Warning           Multicycle path with tied CE pins                                                    1           
CLKC-40    Advisory          Substitute PLLE4 for MMCME4 check                                                    1           
CLKC-56    Advisory          MMCME4 with global clock driver has no LOC                                           1           

Note: This report is based on the most recent report_methodology run and may not be up-to-date. Run report_methodology on the current design for the latest report.



check_timing report

Table of Contents
-----------------
1. checking no_clock (0)
2. checking constant_clock (0)
3. checking pulse_width_clock (0)
4. checking unconstrained_internal_endpoints (0)
5. checking no_input_delay (0)
6. checking no_output_delay (0)
7. checking multiple_clock (0)
8. checking generated_clocks (0)
9. checking loops (0)
10. checking partial_input_delay (0)
11. checking partial_output_delay (0)
12. checking latch_loops (0)

1. checking no_clock (0)
------------------------
 There are 0 register/latch pins with no clock.


2. checking constant_clock (0)
------------------------------
 There are 0 register/latch pins with constant_clock.


3. checking pulse_width_clock (0)
---------------------------------
 There are 0 register/latch pins which need pulse_width check


4. checking unconstrained_internal_endpoints (0)
------------------------------------------------
 There are 0 pins that are not constrained for maximum delay.

 There are 0 pins that are not constrained for maximum delay due to constant clock.


5. checking no_input_delay (0)
------------------------------
 There are 0 input ports with no input delay specified.

 There are 0 input ports with no input delay but user has a false path constraint.


6. checking no_output_delay (0)
-------------------------------
 There are 0 ports with no output delay specified.

 There are 0 ports with no output delay but user has a false path constraint

 There are 0 ports with no output delay but with a timing clock defined on it or propagating through it


7. checking multiple_clock (0)
------------------------------
 There are 0 register/latch pins with multiple clocks.


8. checking generated_clocks (0)
--------------------------------
 There are 0 generated clocks that are not connected to a clock source.


9. checking loops (0)
---------------------
 There are 0 combinational loops in the design.


10. checking partial_input_delay (0)
------------------------------------
 There are 0 input ports with partial input delay specified.


11. checking partial_output_delay (0)
-------------------------------------
 There are 0 ports with partial output delay specified.


12. checking latch_loops (0)
----------------------------
 There are 0 combinational latch loops in the design through latch input



------------------------------------------------------------------------------------------------
| Design Timing Summary
| ---------------------
------------------------------------------------------------------------------------------------

    WNS(ns)      TNS(ns)  TNS Failing Endpoints  TNS Total Endpoints      WHS(ns)      THS(ns)  THS Failing Endpoints  THS Total Endpoints     WPWS(ns)     TPWS(ns)  TPWS Failing Endpoints  TPWS Total Endpoints  
    -------      -------  ---------------------  -------------------      -------      -------  ---------------------  -------------------     --------     --------  ----------------------  --------------------  
      0.052        0.000                      0               395137        0.010        0.000                      0               395137        0.167        0.000                       0                133086  


All user specified timing constraints are met.


------------------------------------------------------------------------------------------------
| Clock Summary
| -------------
------------------------------------------------------------------------------------------------

Clock                                             Waveform(ns)         Period(ns)      Frequency(MHz)
-----                                             ------------         ----------      --------------
LowlightISP_DPU_design1_i/clk_wiz_0/inst/clk_in1  {0.000 5.000}        10.000          100.000         
  clk_out1_LowlightISP_DPU_design1_clk_wiz_0_0    {0.000 0.833}        1.667           600.000         
  clk_out2_LowlightISP_DPU_design1_clk_wiz_0_0    {0.000 1.667}        3.333           300.000         
clk_pl_0                                          {0.000 5.000}        10.000          100.000         


------------------------------------------------------------------------------------------------
| Intra Clock Table
| -----------------
------------------------------------------------------------------------------------------------

Clock                                                 WNS(ns)      TNS(ns)  TNS Failing Endpoints  TNS Total Endpoints      WHS(ns)      THS(ns)  THS Failing Endpoints  THS Total Endpoints     WPWS(ns)     TPWS(ns)  TPWS Failing Endpoints  TPWS Total Endpoints  
-----                                                 -------      -------  ---------------------  -------------------      -------      -------  ---------------------  -------------------     --------     --------  ----------------------  --------------------  
LowlightISP_DPU_design1_i/clk_wiz_0/inst/clk_in1                                                                                                                                                    2.000        0.000                       0                     1  
  clk_out1_LowlightISP_DPU_design1_clk_wiz_0_0          0.130        0.000                      0               149589        0.010        0.000                      0               149589        0.301        0.000                       0                 38226  
  clk_out2_LowlightISP_DPU_design1_clk_wiz_0_0          0.052        0.000                      0               197219        0.010        0.000                      0               197219        0.167        0.000                       0                 79697  
clk_pl_0                                                3.312        0.000                      0                42760        0.010        0.000                      0                42760        3.500        0.000                       0                 15162  


------------------------------------------------------------------------------------------------
| Inter Clock Table
| -----------------
------------------------------------------------------------------------------------------------

From Clock                                    To Clock                                          WNS(ns)      TNS(ns)  TNS Failing Endpoints  TNS Total Endpoints      WHS(ns)      THS(ns)  THS Failing Endpoints  THS Total Endpoints  
----------                                    --------                                          -------      -------  ---------------------  -------------------      -------      -------  ---------------------  -------------------  
clk_out2_LowlightISP_DPU_design1_clk_wiz_0_0  clk_out1_LowlightISP_DPU_design1_clk_wiz_0_0        0.435        0.000                      0                 3074        0.037        0.000                      0                 3074  
clk_out1_LowlightISP_DPU_design1_clk_wiz_0_0  clk_out2_LowlightISP_DPU_design1_clk_wiz_0_0        0.435        0.000                      0                 4992        0.041        0.000                      0                 4992  


------------------------------------------------------------------------------------------------
| Other Path Groups Table
| -----------------------
------------------------------------------------------------------------------------------------

Path Group         From Clock         To Clock               WNS(ns)      TNS(ns)  TNS Failing Endpoints  TNS Total Endpoints      WHS(ns)      THS(ns)  THS Failing Endpoints  THS Total Endpoints  
----------         ----------         --------               -------      -------  ---------------------  -------------------      -------      -------  ---------------------  -------------------  
**async_default**  clk_pl_0           clk_pl_0                 8.739        0.000                      0                  192        0.180        0.000                      0                  192  


------------------------------------------------------------------------------------------------
| Timing Details
| --------------
------------------------------------------------------------------------------------------------


---------------------------------------------------------------------------------------------------
From Clock:  LowlightISP_DPU_design1_i/clk_wiz_0/inst/clk_in1
  To Clock:  LowlightISP_DPU_design1_i/clk_wiz_0/inst/clk_in1

Setup :           NA  Failing Endpoints,  Worst Slack           NA  ,  Total Violation           NA
Hold  :           NA  Failing Endpoints,  Worst Slack           NA  ,  Total Violation           NA
PW    :            0  Failing Endpoints,  Worst Slack        2.000ns,  Total Violation        0.000ns
---------------------------------------------------------------------------------------------------


Pulse Width Checks
--------------------------------------------------------------------------------------
Clock Name:         LowlightISP_DPU_design1_i/clk_wiz_0/inst/clk_in1
Waveform(ns):       { 0.000 5.000 }
Period(ns):         10.000
Sources:            { LowlightISP_DPU_design1_i/clk_wiz_0/inst/clk_in1 }

Check Type        Corner  Lib Pin            Reference Pin  Required(ns)  Actual(ns)  Slack(ns)  Location   Pin
Min Period        n/a     MMCME4_ADV/CLKIN1  n/a            1.071         10.000      8.929      MMCM_X1Y2  LowlightISP_DPU_design1_i/clk_wiz_0/inst/mmcme4_adv_inst/CLKIN1
Max Period        n/a     MMCME4_ADV/CLKIN1  n/a            100.000       10.000      90.000     MMCM_X1Y2  LowlightISP_DPU_design1_i/clk_wiz_0/inst/mmcme4_adv_inst/CLKIN1
Low Pulse Width   Slow    MMCME4_ADV/CLKIN1  n/a            3.000         5.000       2.000      MMCM_X1Y2  LowlightISP_DPU_design1_i/clk_wiz_0/inst/mmcme4_adv_inst/CLKIN1
High Pulse Width  Slow    MMCME4_ADV/CLKIN1  n/a            3.000         5.000       2.000      MMCM_X1Y2  LowlightISP_DPU_design1_i/clk_wiz_0/inst/mmcme4_adv_inst/CLKIN1



---------------------------------------------------------------------------------------------------
From Clock:  clk_out1_LowlightISP_DPU_design1_clk_wiz_0_0
  To Clock:  clk_out1_LowlightISP_DPU_design1_clk_wiz_0_0

Setup :            0  Failing Endpoints,  Worst Slack        0.130ns,  Total Violation        0.000ns
Hold  :            0  Failing Endpoints,  Worst Slack        0.010ns,  Total Violation        0.000ns
PW    :            0  Failing Endpoints,  Worst Slack        0.301ns,  Total Violation        0.000ns
---------------------------------------------------------------------------------------------------


Max Delay Paths
--------------------------------------------------------------------------------------
Slack (MET) :             0.130ns  (required time - arrival time)
  Source:                 <hidden>
                            (rising edge-triggered cell FDRE clocked by clk_out1_LowlightISP_DPU_design1_clk_wiz_0_0  {rise@0.000ns fall@0.833ns period=1.667ns})
  Destination:            <hidden>
                            (rising edge-triggered cell SRL16E clocked by clk_out1_LowlightISP_DPU_design1_clk_wiz_0_0  {rise@0.000ns fall@0.833ns period=1.667ns})
  Path Group:             clk_out1_LowlightISP_DPU_design1_clk_wiz_0_0
  Path Type:              Setup (Max at Slow Process Corner)
  Requirement:            1.667ns  (clk_out1_LowlightISP_DPU_design1_clk_wiz_0_0 rise@1.667ns - clk_out1_LowlightISP_DPU_design1_clk_wiz_0_0 rise@0.000ns)
  Data Path Delay:        1.378ns  (logic 0.081ns (5.878%)  route 1.297ns (94.122%))
  Logic Levels:           0  
  Clock Path Skew:        -0.030ns (DCD - SCD + CPR)
    Destination Clock Delay (DCD):    4.283ns = ( 5.950 - 1.667 ) 
    Source Clock Delay      (SCD):    3.909ns
    Clock Pessimism Removal (CPR):    -0.404ns
  Clock Uncertainty:      0.055ns  ((TSJ^2 + DJ^2)^1/2) / 2 + PE
    Total System Jitter     (TSJ):    0.071ns
    Discrete Jitter          (DJ):    0.084ns
    Phase Error              (PE):    0.000ns
  Clock Net Delay (Source):      1.888ns (routing 0.589ns, distribution 1.299ns)
  Clock Net Delay (Destination): 1.735ns (routing 0.538ns, distribution 1.197ns)

    Location             Delay type                Incr(ns)  Path(ns)    Netlist Resource(s)
  -------------------------------------------------------------------    -------------------
                         (clock clk_out1_LowlightISP_DPU_design1_clk_wiz_0_0 rise edge)
                                                      0.000     0.000 r  
    BUFG_PS_X0Y95        BUFG_PS                      0.000     0.000 r  LowlightISP_DPU_design1_i/zynq_ultra_ps_e_0/inst/buffer_pl_clk_0.PL_CLK_0_BUFG/O
                         net (fo=15222, routed)       1.753     1.753    LowlightISP_DPU_design1_i/clk_wiz_0/inst/clk_in1
    MMCM_X1Y2            MMCME4_ADV (Prop_MMCM_CLKIN1_CLKOUT0)
                                                     -0.127     1.626 r  LowlightISP_DPU_design1_i/clk_wiz_0/inst/mmcme4_adv_inst/CLKOUT0
                         net (fo=1, routed)           0.244     1.870    LowlightISP_DPU_design1_i/clk_wiz_0/inst/clk_out1_LowlightISP_DPU_design1_clk_wiz_0_0
    BUFGCE_DIV_X1Y11     BUFGCE_DIV (Prop_BUFGCE_DIV_I_O)
                                                      0.151     2.021 r  LowlightISP_DPU_design1_i/clk_wiz_0/inst/clkout1_buf/O
    X1Y2 (CLOCK_ROOT)    net (fo=40273, routed)       1.888     3.909    <hidden>
    SLICE_X66Y144        FDRE                                         r  <hidden>
  -------------------------------------------------------------------    -------------------
    SLICE_X66Y144        FDRE (Prop_AFF2_SLICEL_C_Q)
                                                      0.081     3.990 r  <hidden>
                         net (fo=1, routed)           1.297     5.287    <hidden>
    SLICE_X67Y143        SRL16E                                       r  <hidden>
  -------------------------------------------------------------------    -------------------

                         (clock clk_out1_LowlightISP_DPU_design1_clk_wiz_0_0 rise edge)
                                                      1.667     1.667 r  
    BUFG_PS_X0Y95        BUFG_PS                      0.000     1.667 r  LowlightISP_DPU_design1_i/zynq_ultra_ps_e_0/inst/buffer_pl_clk_0.PL_CLK_0_BUFG/O
                         net (fo=15222, routed)       1.572     3.239    LowlightISP_DPU_design1_i/clk_wiz_0/inst/clk_in1
    MMCM_X1Y2            MMCME4_ADV (Prop_MMCM_CLKIN1_CLKOUT0)
                                                      0.630     3.869 r  LowlightISP_DPU_design1_i/clk_wiz_0/inst/mmcme4_adv_inst/CLKOUT0
                         net (fo=1, routed)           0.215     4.084    LowlightISP_DPU_design1_i/clk_wiz_0/inst/clk_out1_LowlightISP_DPU_design1_clk_wiz_0_0
    BUFGCE_DIV_X1Y11     BUFGCE_DIV (Prop_BUFGCE_DIV_I_O)
                                                      0.131     4.215 r  LowlightISP_DPU_design1_i/clk_wiz_0/inst/clkout1_buf/O
    X1Y2 (CLOCK_ROOT)    net (fo=40273, routed)       1.735     5.950    <hidden>
    SLICE_X67Y143        SRL16E                                       r  <hidden>
                         clock pessimism             -0.404     5.546    
                         clock uncertainty           -0.055     5.491    
    SLICE_X67Y143        SRL16E (Setup_A5LUT_SLICEM_CLK_D)
                                                     -0.074     5.417    <hidden>
  -------------------------------------------------------------------
                         required time                          5.417    
                         arrival time                          -5.287    
  -------------------------------------------------------------------
                         slack                                  0.130    





Min Delay Paths
--------------------------------------------------------------------------------------
Slack (MET) :             0.010ns  (arrival time - required time)
  Source:                 <hidden>
                            (rising edge-triggered cell FDRE clocked by clk_out1_LowlightISP_DPU_design1_clk_wiz_0_0  {rise@0.000ns fall@0.833ns period=1.667ns})
  Destination:            <hidden>
                            (rising edge-triggered cell SRL16E clocked by clk_out1_LowlightISP_DPU_design1_clk_wiz_0_0  {rise@0.000ns fall@0.833ns period=1.667ns})
  Path Group:             clk_out1_LowlightISP_DPU_design1_clk_wiz_0_0
  Path Type:              Hold (Min at Slow Process Corner)
  Requirement:            0.000ns  (clk_out1_LowlightISP_DPU_design1_clk_wiz_0_0 rise@0.000ns - clk_out1_LowlightISP_DPU_design1_clk_wiz_0_0 rise@0.000ns)
  Data Path Delay:        0.194ns  (logic 0.060ns (30.928%)  route 0.134ns (69.072%))
  Logic Levels:           0  
  Clock Path Skew:        0.129ns (DCD - SCD - CPR)
    Destination Clock Delay (DCD):    3.869ns
    Source Clock Delay      (SCD):    4.154ns
    Clock Pessimism Removal (CPR):    -0.415ns
  Clock Net Delay (Source):      1.606ns (routing 0.538ns, distribution 1.068ns)
  Clock Net Delay (Destination): 1.848ns (routing 0.589ns, distribution 1.259ns)

    Location             Delay type                Incr(ns)  Path(ns)    Netlist Resource(s)
  -------------------------------------------------------------------    -------------------
                         (clock clk_out1_LowlightISP_DPU_design1_clk_wiz_0_0 rise edge)
                                                      0.000     0.000 r  
    BUFG_PS_X0Y95        BUFG_PS                      0.000     0.000 r  LowlightISP_DPU_design1_i/zynq_ultra_ps_e_0/inst/buffer_pl_clk_0.PL_CLK_0_BUFG/O
                         net (fo=15222, routed)       1.572     1.572    LowlightISP_DPU_design1_i/clk_wiz_0/inst/clk_in1
    MMCM_X1Y2            MMCME4_ADV (Prop_MMCM_CLKIN1_CLKOUT0)
                                                      0.630     2.202 r  LowlightISP_DPU_design1_i/clk_wiz_0/inst/mmcme4_adv_inst/CLKOUT0
                         net (fo=1, routed)           0.215     2.417    LowlightISP_DPU_design1_i/clk_wiz_0/inst/clk_out1_LowlightISP_DPU_design1_clk_wiz_0_0
    BUFGCE_DIV_X1Y11     BUFGCE_DIV (Prop_BUFGCE_DIV_I_O)
                                                      0.131     2.548 r  LowlightISP_DPU_design1_i/clk_wiz_0/inst/clkout1_buf/O
    X1Y2 (CLOCK_ROOT)    net (fo=40273, routed)       1.606     4.154    <hidden>
    SLICE_X60Y124        FDRE                                         r  <hidden>
  -------------------------------------------------------------------    -------------------
    SLICE_X60Y124        FDRE (Prop_EFF2_SLICEL_C_Q)
                                                      0.060     4.214 r  <hidden>
                         net (fo=1, routed)           0.134     4.348    <hidden>
    SLICE_X61Y122        SRL16E                                       r  <hidden>
  -------------------------------------------------------------------    -------------------

                         (clock clk_out1_LowlightISP_DPU_design1_clk_wiz_0_0 rise edge)
                                                      0.000     0.000 r  
    BUFG_PS_X0Y95        BUFG_PS                      0.000     0.000 r  LowlightISP_DPU_design1_i/zynq_ultra_ps_e_0/inst/buffer_pl_clk_0.PL_CLK_0_BUFG/O
                         net (fo=15222, routed)       1.753     1.753    LowlightISP_DPU_design1_i/clk_wiz_0/inst/clk_in1
    MMCM_X1Y2            MMCME4_ADV (Prop_MMCM_CLKIN1_CLKOUT0)
                                                     -0.127     1.626 r  LowlightISP_DPU_design1_i/clk_wiz_0/inst/mmcme4_adv_inst/CLKOUT0
                         net (fo=1, routed)           0.244     1.870    LowlightISP_DPU_design1_i/clk_wiz_0/inst/clk_out1_LowlightISP_DPU_design1_clk_wiz_0_0
    BUFGCE_DIV_X1Y11     BUFGCE_DIV (Prop_BUFGCE_DIV_I_O)
                                                      0.151     2.021 r  LowlightISP_DPU_design1_i/clk_wiz_0/inst/clkout1_buf/O
    X1Y2 (CLOCK_ROOT)    net (fo=40273, routed)       1.848     3.869    <hidden>
    SLICE_X61Y122        SRL16E                                       r  <hidden>
                         clock pessimism              0.415     4.284    
    SLICE_X61Y122        SRL16E (Hold_A5LUT_SLICEM_CLK_D)
                                                      0.055     4.339    <hidden>
  -------------------------------------------------------------------
                         required time                         -4.339    
                         arrival time                           4.348    
  -------------------------------------------------------------------
                         slack                                  0.010    





Pulse Width Checks
--------------------------------------------------------------------------------------
Clock Name:         clk_out1_LowlightISP_DPU_design1_clk_wiz_0_0
Waveform(ns):       { 0.000 0.833 }
Period(ns):         1.667
Sources:            { LowlightISP_DPU_design1_i/clk_wiz_0/inst/mmcme4_adv_inst/CLKOUT0 }

Check Type        Corner  Lib Pin       Reference Pin  Required(ns)  Actual(ns)  Slack(ns)  Location          Pin
Min Period        n/a     BUFGCE_DIV/I  n/a            1.290         1.667       0.377      BUFGCE_DIV_X1Y11  LowlightISP_DPU_design1_i/clk_wiz_0/inst/clkout1_buf/I
Low Pulse Width   Slow    SRL16E/CLK    n/a            0.532         0.833       0.301      SLICE_X96Y268     <hidden>
High Pulse Width  Slow    SRL16E/CLK    n/a            0.532         0.833       0.301      SLICE_X96Y268     <hidden>



---------------------------------------------------------------------------------------------------
From Clock:  clk_out2_LowlightISP_DPU_design1_clk_wiz_0_0
  To Clock:  clk_out2_LowlightISP_DPU_design1_clk_wiz_0_0

Setup :            0  Failing Endpoints,  Worst Slack        0.052ns,  Total Violation        0.000ns
Hold  :            0  Failing Endpoints,  Worst Slack        0.010ns,  Total Violation        0.000ns
PW    :            0  Failing Endpoints,  Worst Slack        0.167ns,  Total Violation        0.000ns
---------------------------------------------------------------------------------------------------


Max Delay Paths
--------------------------------------------------------------------------------------
Slack (MET) :             0.052ns  (required time - arrival time)
  Source:                 <hidden>
                            (rising edge-triggered cell FDRE clocked by clk_out2_LowlightISP_DPU_design1_clk_wiz_0_0  {rise@0.000ns fall@1.667ns period=3.333ns})
  Destination:            <hidden>
                            (rising edge-triggered cell FDRE clocked by clk_out2_LowlightISP_DPU_design1_clk_wiz_0_0  {rise@0.000ns fall@1.667ns period=3.333ns})
  Path Group:             clk_out2_LowlightISP_DPU_design1_clk_wiz_0_0
  Path Type:              Setup (Max at Slow Process Corner)
  Requirement:            3.333ns  (clk_out2_LowlightISP_DPU_design1_clk_wiz_0_0 rise@3.333ns - clk_out2_LowlightISP_DPU_design1_clk_wiz_0_0 rise@0.000ns)
  Data Path Delay:        2.951ns  (logic 0.169ns (5.726%)  route 2.782ns (94.274%))
  Logic Levels:           1  (LUT3=1)
  Clock Path Skew:        -0.296ns (DCD - SCD + CPR)
    Destination Clock Delay (DCD):    4.188ns = ( 7.521 - 3.333 ) 
    Source Clock Delay      (SCD):    4.009ns
    Clock Pessimism Removal (CPR):    -0.475ns
  Clock Uncertainty:      0.059ns  ((TSJ^2 + DJ^2)^1/2) / 2 + PE
    Total System Jitter     (TSJ):    0.071ns
    Discrete Jitter          (DJ):    0.095ns
    Phase Error              (PE):    0.000ns
  Clock Net Delay (Source):      1.982ns (routing 0.591ns, distribution 1.391ns)
  Clock Net Delay (Destination): 1.635ns (routing 0.540ns, distribution 1.095ns)

    Location             Delay type                Incr(ns)  Path(ns)    Netlist Resource(s)
  -------------------------------------------------------------------    -------------------
                         (clock clk_out2_LowlightISP_DPU_design1_clk_wiz_0_0 rise edge)
                                                      0.000     0.000 r  
    BUFG_PS_X0Y95        BUFG_PS                      0.000     0.000 r  LowlightISP_DPU_design1_i/zynq_ultra_ps_e_0/inst/buffer_pl_clk_0.PL_CLK_0_BUFG/O
                         net (fo=15222, routed)       1.753     1.753    LowlightISP_DPU_design1_i/clk_wiz_0/inst/clk_in1
    MMCM_X1Y2            MMCME4_ADV (Prop_MMCM_CLKIN1_CLKOUT1)
                                                     -0.127     1.626 r  LowlightISP_DPU_design1_i/clk_wiz_0/inst/mmcme4_adv_inst/CLKOUT1
                         net (fo=1, routed)           0.250     1.876    LowlightISP_DPU_design1_i/clk_wiz_0/inst/clk_out2_LowlightISP_DPU_design1_clk_wiz_0_0
    BUFGCE_DIV_X1Y8      BUFGCE_DIV (Prop_BUFGCE_DIV_I_O)
                                                      0.151     2.027 r  LowlightISP_DPU_design1_i/clk_wiz_0/inst/clkout2_buf/O
    X1Y2 (CLOCK_ROOT)    net (fo=80617, routed)       1.982     4.009    <hidden>
    SLICE_X75Y221        FDRE                                         r  <hidden>
  -------------------------------------------------------------------    -------------------
    SLICE_X75Y221        FDRE (Prop_FFF2_SLICEL_C_Q)
                                                      0.081     4.090 r  <hidden>
                         net (fo=17, routed)          2.710     6.800    <hidden>
    SLICE_X64Y85         LUT3 (Prop_D6LUT_SLICEM_I0_O)
                                                      0.088     6.888 r  <hidden>
                         net (fo=1, routed)           0.072     6.960    <hidden>
    SLICE_X64Y85         FDRE                                         r  <hidden>
  -------------------------------------------------------------------    -------------------

                         (clock clk_out2_LowlightISP_DPU_design1_clk_wiz_0_0 rise edge)
                                                      3.333     3.333 r  
    BUFG_PS_X0Y95        BUFG_PS                      0.000     3.333 r  LowlightISP_DPU_design1_i/zynq_ultra_ps_e_0/inst/buffer_pl_clk_0.PL_CLK_0_BUFG/O
                         net (fo=15222, routed)       1.572     4.905    LowlightISP_DPU_design1_i/clk_wiz_0/inst/clk_in1
    MMCM_X1Y2            MMCME4_ADV (Prop_MMCM_CLKIN1_CLKOUT1)
                                                      0.630     5.535 r  LowlightISP_DPU_design1_i/clk_wiz_0/inst/mmcme4_adv_inst/CLKOUT1
                         net (fo=1, routed)           0.220     5.755    LowlightISP_DPU_design1_i/clk_wiz_0/inst/clk_out2_LowlightISP_DPU_design1_clk_wiz_0_0
    BUFGCE_DIV_X1Y8      BUFGCE_DIV (Prop_BUFGCE_DIV_I_O)
                                                      0.131     5.886 r  LowlightISP_DPU_design1_i/clk_wiz_0/inst/clkout2_buf/O
    X1Y2 (CLOCK_ROOT)    net (fo=80617, routed)       1.635     7.521    <hidden>
    SLICE_X64Y85         FDRE                                         r  <hidden>
                         clock pessimism             -0.475     7.046    
                         clock uncertainty           -0.059     6.987    
    SLICE_X64Y85         FDRE (Setup_DFF_SLICEM_C_D)
                                                      0.025     7.012    <hidden>
  -------------------------------------------------------------------
                         required time                          7.012    
                         arrival time                          -6.960    
  -------------------------------------------------------------------
                         slack                                  0.052    





Min Delay Paths
--------------------------------------------------------------------------------------
Slack (MET) :             0.010ns  (arrival time - required time)
  Source:                 <hidden>
                            (rising edge-triggered cell FDRE clocked by clk_out2_LowlightISP_DPU_design1_clk_wiz_0_0  {rise@0.000ns fall@1.667ns period=3.333ns})
  Destination:            <hidden>
                            (rising edge-triggered cell FDRE clocked by clk_out2_LowlightISP_DPU_design1_clk_wiz_0_0  {rise@0.000ns fall@1.667ns period=3.333ns})
  Path Group:             clk_out2_LowlightISP_DPU_design1_clk_wiz_0_0
  Path Type:              Hold (Min at Slow Process Corner)
  Requirement:            0.000ns  (clk_out2_LowlightISP_DPU_design1_clk_wiz_0_0 rise@0.000ns - clk_out2_LowlightISP_DPU_design1_clk_wiz_0_0 rise@0.000ns)
  Data Path Delay:        0.165ns  (logic 0.058ns (35.152%)  route 0.107ns (64.848%))
  Logic Levels:           0  
  Clock Path Skew:        0.093ns (DCD - SCD - CPR)
    Destination Clock Delay (DCD):    3.988ns
    Source Clock Delay      (SCD):    4.292ns
    Clock Pessimism Removal (CPR):    -0.397ns
  Clock Net Delay (Source):      1.739ns (routing 0.540ns, distribution 1.199ns)
  Clock Net Delay (Destination): 1.961ns (routing 0.591ns, distribution 1.370ns)

    Location             Delay type                Incr(ns)  Path(ns)    Netlist Resource(s)
  -------------------------------------------------------------------    -------------------
                         (clock clk_out2_LowlightISP_DPU_design1_clk_wiz_0_0 rise edge)
                                                      0.000     0.000 r  
    BUFG_PS_X0Y95        BUFG_PS                      0.000     0.000 r  LowlightISP_DPU_design1_i/zynq_ultra_ps_e_0/inst/buffer_pl_clk_0.PL_CLK_0_BUFG/O
                         net (fo=15222, routed)       1.572     1.572    LowlightISP_DPU_design1_i/clk_wiz_0/inst/clk_in1
    MMCM_X1Y2            MMCME4_ADV (Prop_MMCM_CLKIN1_CLKOUT1)
                                                      0.630     2.202 r  LowlightISP_DPU_design1_i/clk_wiz_0/inst/mmcme4_adv_inst/CLKOUT1
                         net (fo=1, routed)           0.220     2.422    LowlightISP_DPU_design1_i/clk_wiz_0/inst/clk_out2_LowlightISP_DPU_design1_clk_wiz_0_0
    BUFGCE_DIV_X1Y8      BUFGCE_DIV (Prop_BUFGCE_DIV_I_O)
                                                      0.131     2.553 r  LowlightISP_DPU_design1_i/clk_wiz_0/inst/clkout2_buf/O
    X1Y2 (CLOCK_ROOT)    net (fo=80617, routed)       1.739     4.292    <hidden>
    SLICE_X19Y253        FDRE                                         r  <hidden>
  -------------------------------------------------------------------    -------------------
    SLICE_X19Y253        FDRE (Prop_CFF_SLICEM_C_Q)
                                                      0.058     4.350 r  <hidden>
                         net (fo=1, routed)           0.107     4.457    <hidden>
    SLICE_X18Y252        FDRE                                         r  <hidden>
  -------------------------------------------------------------------    -------------------

                         (clock clk_out2_LowlightISP_DPU_design1_clk_wiz_0_0 rise edge)
                                                      0.000     0.000 r  
    BUFG_PS_X0Y95        BUFG_PS                      0.000     0.000 r  LowlightISP_DPU_design1_i/zynq_ultra_ps_e_0/inst/buffer_pl_clk_0.PL_CLK_0_BUFG/O
                         net (fo=15222, routed)       1.753     1.753    LowlightISP_DPU_design1_i/clk_wiz_0/inst/clk_in1
    MMCM_X1Y2            MMCME4_ADV (Prop_MMCM_CLKIN1_CLKOUT1)
                                                     -0.127     1.626 r  LowlightISP_DPU_design1_i/clk_wiz_0/inst/mmcme4_adv_inst/CLKOUT1
                         net (fo=1, routed)           0.250     1.876    LowlightISP_DPU_design1_i/clk_wiz_0/inst/clk_out2_LowlightISP_DPU_design1_clk_wiz_0_0
    BUFGCE_DIV_X1Y8      BUFGCE_DIV (Prop_BUFGCE_DIV_I_O)
                                                      0.151     2.027 r  LowlightISP_DPU_design1_i/clk_wiz_0/inst/clkout2_buf/O
    X1Y2 (CLOCK_ROOT)    net (fo=80617, routed)       1.961     3.988    <hidden>
    SLICE_X18Y252        FDRE                                         r  <hidden>
                         clock pessimism              0.397     4.385    
    SLICE_X18Y252        FDRE (Hold_EFF2_SLICEL_C_D)
                                                      0.062     4.447    <hidden>
  -------------------------------------------------------------------
                         required time                         -4.447    
                         arrival time                           4.457    
  -------------------------------------------------------------------
                         slack                                  0.010    





Pulse Width Checks
--------------------------------------------------------------------------------------
Clock Name:         clk_out2_LowlightISP_DPU_design1_clk_wiz_0_0
Waveform(ns):       { 0.000 1.667 }
Period(ns):         3.333
Sources:            { LowlightISP_DPU_design1_i/clk_wiz_0/inst/mmcme4_adv_inst/CLKOUT1 }

Check Type        Corner  Lib Pin          Reference Pin  Required(ns)  Actual(ns)  Slack(ns)  Location  Pin
Min Period        n/a     PS8/SAXIGP0RCLK  n/a            3.000         3.333       0.333      PS8_X0Y0  LowlightISP_DPU_design1_i/zynq_ultra_ps_e_0/inst/PS8_i/SAXIGP0RCLK
Low Pulse Width   Slow    PS8/SAXIGP0RCLK  n/a            1.500         1.667       0.167      PS8_X0Y0  LowlightISP_DPU_design1_i/zynq_ultra_ps_e_0/inst/PS8_i/SAXIGP0RCLK
High Pulse Width  Slow    PS8/SAXIGP0RCLK  n/a            1.500         1.667       0.167      PS8_X0Y0  LowlightISP_DPU_design1_i/zynq_ultra_ps_e_0/inst/PS8_i/SAXIGP0RCLK



---------------------------------------------------------------------------------------------------
From Clock:  clk_pl_0
  To Clock:  clk_pl_0

Setup :            0  Failing Endpoints,  Worst Slack        3.312ns,  Total Violation        0.000ns
Hold  :            0  Failing Endpoints,  Worst Slack        0.010ns,  Total Violation        0.000ns
PW    :            0  Failing Endpoints,  Worst Slack        3.500ns,  Total Violation        0.000ns
---------------------------------------------------------------------------------------------------


Max Delay Paths
--------------------------------------------------------------------------------------
Slack (MET) :             3.312ns  (required time - arrival time)
  Source:                 <hidden>
                            (rising edge-triggered cell FDRE clocked by clk_pl_0  {rise@0.000ns fall@5.000ns period=10.000ns})
  Destination:            <hidden>
                            (rising edge-triggered cell FDRE clocked by clk_pl_0  {rise@0.000ns fall@5.000ns period=10.000ns})
  Path Group:             clk_pl_0
  Path Type:              Setup (Max at Slow Process Corner)
  Requirement:            10.000ns  (clk_pl_0 rise@10.000ns - clk_pl_0 rise@0.000ns)
  Data Path Delay:        6.421ns  (logic 0.383ns (5.964%)  route 6.038ns (94.036%))
  Logic Levels:           3  (LUT6=2 MUXF8=1)
  Clock Path Skew:        -0.162ns (DCD - SCD + CPR)
    Destination Clock Delay (DCD):    1.826ns = ( 11.826 - 10.000 ) 
    Source Clock Delay      (SCD):    2.098ns
    Clock Pessimism Removal (CPR):    0.110ns
  Clock Uncertainty:      0.130ns  ((TSJ^2 + DJ^2)^1/2) / 2 + PE
    Total System Jitter     (TSJ):    0.071ns
    Discrete Jitter          (DJ):    0.250ns
    Phase Error              (PE):    0.000ns
  Clock Net Delay (Source):      1.890ns (routing 0.666ns, distribution 1.224ns)
  Clock Net Delay (Destination): 1.658ns (routing 0.600ns, distribution 1.058ns)

    Location             Delay type                Incr(ns)  Path(ns)    Netlist Resource(s)
  -------------------------------------------------------------------    -------------------
                         (clock clk_pl_0 rise edge)
                                                      0.000     0.000 r  
    PS8_X0Y0             PS8                          0.000     0.000 r  LowlightISP_DPU_design1_i/zynq_ultra_ps_e_0/inst/PS8_i/PLCLK[0]
                         net (fo=1, routed)           0.180     0.180    LowlightISP_DPU_design1_i/zynq_ultra_ps_e_0/inst/pl_clk_unbuffered[0]
    BUFG_PS_X0Y95        BUFG_PS (Prop_BUFG_PS_I_O)
                                                      0.028     0.208 r  LowlightISP_DPU_design1_i/zynq_ultra_ps_e_0/inst/buffer_pl_clk_0.PL_CLK_0_BUFG/O
    X1Y2 (CLOCK_ROOT)    net (fo=15222, routed)       1.890     2.098    <hidden>
    SLICE_X57Y100        FDRE                                         r  <hidden>
  -------------------------------------------------------------------    -------------------
    SLICE_X57Y100        FDRE (Prop_HFF2_SLICEM_C_Q)
                                                      0.078     2.176 r  <hidden>
                         net (fo=111, routed)         3.203     5.379    <hidden>
    SLICE_X18Y243        MUXF8 (Prop_F8MUX_BOT_SLICEL_S_O)
                                                      0.069     5.448 r  <hidden>
                         net (fo=1, routed)           1.826     7.274    <hidden>
    SLICE_X51Y171        LUT6 (Prop_H6LUT_SLICEL_I1_O)
                                                      0.090     7.364 f  <hidden>
                         net (fo=1, routed)           0.960     8.324    <hidden>
    SLICE_X55Y129        LUT6 (Prop_D6LUT_SLICEL_I1_O)
                                                      0.146     8.470 r  <hidden>
                         net (fo=1, routed)           0.049     8.519    <hidden>
    SLICE_X55Y129        FDRE                                         r  <hidden>
  -------------------------------------------------------------------    -------------------

                         (clock clk_pl_0 rise edge)
                                                     10.000    10.000 r  
    PS8_X0Y0             PS8                          0.000    10.000 r  LowlightISP_DPU_design1_i/zynq_ultra_ps_e_0/inst/PS8_i/PLCLK[0]
                         net (fo=1, routed)           0.143    10.143    LowlightISP_DPU_design1_i/zynq_ultra_ps_e_0/inst/pl_clk_unbuffered[0]
    BUFG_PS_X0Y95        BUFG_PS (Prop_BUFG_PS_I_O)
                                                      0.025    10.168 r  LowlightISP_DPU_design1_i/zynq_ultra_ps_e_0/inst/buffer_pl_clk_0.PL_CLK_0_BUFG/O
    X1Y2 (CLOCK_ROOT)    net (fo=15222, routed)       1.658    11.826    <hidden>
    SLICE_X55Y129        FDRE                                         r  <hidden>
                         clock pessimism              0.110    11.936    
                         clock uncertainty           -0.130    11.806    
    SLICE_X55Y129        FDRE (Setup_DFF_SLICEL_C_D)
                                                      0.025    11.831    <hidden>
  -------------------------------------------------------------------
                         required time                         11.831    
                         arrival time                          -8.519    
  -------------------------------------------------------------------
                         slack                                  3.312    





Min Delay Paths
--------------------------------------------------------------------------------------
Slack (MET) :             0.010ns  (arrival time - required time)
  Source:                 LowlightISP_DPU_design1_i/axi_smc/inst/m00_exit_pipeline/m00_exit/inst/r_reg/m_vector_i_reg[1175]/C
                            (rising edge-triggered cell FDRE clocked by clk_pl_0  {rise@0.000ns fall@5.000ns period=10.000ns})
  Destination:            LowlightISP_DPU_design1_i/axi_smc/inst/m00_nodes/m00_r_node/inst/inst_mi_handler/gen_normal_area.inst_fifo_node_payld/gen_xpm_memory_fifo.inst_fifo/gen_mem_rep[0].inst_xpm_memory/xpm_memory_base_inst/gen_wr_a.gen_word_narrow.mem_reg_0_31_126_139/RAMG/I
                            (rising edge-triggered cell RAMD32 clocked by clk_pl_0  {rise@0.000ns fall@5.000ns period=10.000ns})
  Path Group:             clk_pl_0
  Path Type:              Hold (Min at Slow Process Corner)
  Requirement:            0.000ns  (clk_pl_0 rise@0.000ns - clk_pl_0 rise@0.000ns)
  Data Path Delay:        0.160ns  (logic 0.059ns (36.875%)  route 0.101ns (63.125%))
  Logic Levels:           0  
  Clock Path Skew:        0.072ns (DCD - SCD - CPR)
    Destination Clock Delay (DCD):    2.132ns
    Source Clock Delay      (SCD):    1.835ns
    Clock Pessimism Removal (CPR):    0.225ns
  Clock Net Delay (Source):      1.667ns (routing 0.600ns, distribution 1.067ns)
  Clock Net Delay (Destination): 1.924ns (routing 0.666ns, distribution 1.258ns)

    Location             Delay type                Incr(ns)  Path(ns)    Netlist Resource(s)
  -------------------------------------------------------------------    -------------------
                         (clock clk_pl_0 rise edge)
                                                      0.000     0.000 r  
    PS8_X0Y0             PS8                          0.000     0.000 r  LowlightISP_DPU_design1_i/zynq_ultra_ps_e_0/inst/PS8_i/PLCLK[0]
                         net (fo=1, routed)           0.143     0.143    LowlightISP_DPU_design1_i/zynq_ultra_ps_e_0/inst/pl_clk_unbuffered[0]
    BUFG_PS_X0Y95        BUFG_PS (Prop_BUFG_PS_I_O)
                                                      0.025     0.168 r  LowlightISP_DPU_design1_i/zynq_ultra_ps_e_0/inst/buffer_pl_clk_0.PL_CLK_0_BUFG/O
    X1Y2 (CLOCK_ROOT)    net (fo=15222, routed)       1.667     1.835    LowlightISP_DPU_design1_i/axi_smc/inst/m00_exit_pipeline/m00_exit/inst/r_reg/aclk
    SLICE_X50Y92         FDRE                                         r  LowlightISP_DPU_design1_i/axi_smc/inst/m00_exit_pipeline/m00_exit/inst/r_reg/m_vector_i_reg[1175]/C
  -------------------------------------------------------------------    -------------------
    SLICE_X50Y92         FDRE (Prop_CFF2_SLICEM_C_Q)
                                                      0.059     1.894 r  LowlightISP_DPU_design1_i/axi_smc/inst/m00_exit_pipeline/m00_exit/inst/r_reg/m_vector_i_reg[1175]/Q
                         net (fo=1, routed)           0.101     1.995    LowlightISP_DPU_design1_i/axi_smc/inst/m00_nodes/m00_r_node/inst/inst_mi_handler/gen_normal_area.inst_fifo_node_payld/gen_xpm_memory_fifo.inst_fifo/gen_mem_rep[0].inst_xpm_memory/xpm_memory_base_inst/gen_wr_a.gen_word_narrow.mem_reg_0_31_126_139/DIG0
    SLICE_X50Y91         RAMD32                                       r  LowlightISP_DPU_design1_i/axi_smc/inst/m00_nodes/m00_r_node/inst/inst_mi_handler/gen_normal_area.inst_fifo_node_payld/gen_xpm_memory_fifo.inst_fifo/gen_mem_rep[0].inst_xpm_memory/xpm_memory_base_inst/gen_wr_a.gen_word_narrow.mem_reg_0_31_126_139/RAMG/I
  -------------------------------------------------------------------    -------------------

                         (clock clk_pl_0 rise edge)
                                                      0.000     0.000 r  
    PS8_X0Y0             PS8                          0.000     0.000 r  LowlightISP_DPU_design1_i/zynq_ultra_ps_e_0/inst/PS8_i/PLCLK[0]
                         net (fo=1, routed)           0.180     0.180    LowlightISP_DPU_design1_i/zynq_ultra_ps_e_0/inst/pl_clk_unbuffered[0]
    BUFG_PS_X0Y95        BUFG_PS (Prop_BUFG_PS_I_O)
                                                      0.028     0.208 r  LowlightISP_DPU_design1_i/zynq_ultra_ps_e_0/inst/buffer_pl_clk_0.PL_CLK_0_BUFG/O
    X1Y2 (CLOCK_ROOT)    net (fo=15222, routed)       1.924     2.132    LowlightISP_DPU_design1_i/axi_smc/inst/m00_nodes/m00_r_node/inst/inst_mi_handler/gen_normal_area.inst_fifo_node_payld/gen_xpm_memory_fifo.inst_fifo/gen_mem_rep[0].inst_xpm_memory/xpm_memory_base_inst/gen_wr_a.gen_word_narrow.mem_reg_0_31_126_139/WCLK
    SLICE_X50Y91         RAMD32                                       r  LowlightISP_DPU_design1_i/axi_smc/inst/m00_nodes/m00_r_node/inst/inst_mi_handler/gen_normal_area.inst_fifo_node_payld/gen_xpm_memory_fifo.inst_fifo/gen_mem_rep[0].inst_xpm_memory/xpm_memory_base_inst/gen_wr_a.gen_word_narrow.mem_reg_0_31_126_139/RAMG/CLK
                         clock pessimism             -0.225     1.907    
    SLICE_X50Y91         RAMD32 (Hold_G5LUT_SLICEM_CLK_I)
                                                      0.078     1.985    LowlightISP_DPU_design1_i/axi_smc/inst/m00_nodes/m00_r_node/inst/inst_mi_handler/gen_normal_area.inst_fifo_node_payld/gen_xpm_memory_fifo.inst_fifo/gen_mem_rep[0].inst_xpm_memory/xpm_memory_base_inst/gen_wr_a.gen_word_narrow.mem_reg_0_31_126_139/RAMG
  -------------------------------------------------------------------
                         required time                         -1.985    
                         arrival time                           1.995    
  -------------------------------------------------------------------
                         slack                                  0.010    





Pulse Width Checks
--------------------------------------------------------------------------------------
Clock Name:         clk_pl_0
Waveform(ns):       { 0.000 5.000 }
Period(ns):         10.000
Sources:            { LowlightISP_DPU_design1_i/zynq_ultra_ps_e_0/inst/PS8_i/PLCLK[0] }

Check Type        Corner  Lib Pin          Reference Pin  Required(ns)  Actual(ns)  Slack(ns)  Location  Pin
Min Period        n/a     PS8/MAXIGP0ACLK  n/a            3.000         10.000      7.000      PS8_X0Y0  LowlightISP_DPU_design1_i/zynq_ultra_ps_e_0/inst/PS8_i/MAXIGP0ACLK
Low Pulse Width   Slow    PS8/MAXIGP0ACLK  n/a            1.500         5.000       3.500      PS8_X0Y0  LowlightISP_DPU_design1_i/zynq_ultra_ps_e_0/inst/PS8_i/MAXIGP0ACLK
High Pulse Width  Slow    PS8/MAXIGP0ACLK  n/a            1.500         5.000       3.500      PS8_X0Y0  LowlightISP_DPU_design1_i/zynq_ultra_ps_e_0/inst/PS8_i/MAXIGP0ACLK



---------------------------------------------------------------------------------------------------
From Clock:  clk_out2_LowlightISP_DPU_design1_clk_wiz_0_0
  To Clock:  clk_out1_LowlightISP_DPU_design1_clk_wiz_0_0

Setup :            0  Failing Endpoints,  Worst Slack        0.435ns,  Total Violation        0.000ns
Hold  :            0  Failing Endpoints,  Worst Slack        0.037ns,  Total Violation        0.000ns
---------------------------------------------------------------------------------------------------


Max Delay Paths
--------------------------------------------------------------------------------------
Slack (MET) :             0.435ns  (required time - arrival time)
  Source:                 <hidden>
                            (rising edge-triggered cell URAM288 clocked by clk_out2_LowlightISP_DPU_design1_clk_wiz_0_0  {rise@0.000ns fall@1.667ns period=3.333ns})
  Destination:            <hidden>
                            (rising edge-triggered cell FDRE clocked by clk_out1_LowlightISP_DPU_design1_clk_wiz_0_0  {rise@0.000ns fall@0.833ns period=1.667ns})
  Path Group:             clk_out1_LowlightISP_DPU_design1_clk_wiz_0_0
  Path Type:              Setup (Max at Slow Process Corner)
  Requirement:            3.333ns  (clk_out1_LowlightISP_DPU_design1_clk_wiz_0_0 rise@3.333ns - clk_out2_LowlightISP_DPU_design1_clk_wiz_0_0 rise@0.000ns)
  Data Path Delay:        2.416ns  (logic 0.753ns (31.167%)  route 1.663ns (68.833%))
  Logic Levels:           0  
  Clock Path Skew:        -0.328ns (DCD - SCD + CPR)
    Destination Clock Delay (DCD):    4.204ns = ( 5.870 - 1.667 ) 
    Source Clock Delay      (SCD):    3.956ns
    Clock Pessimism Removal (CPR):    -0.576ns
  Clock Uncertainty:      0.179ns  ((TSJ^2 + DJ^2)^1/2) / 2 + PE
    Total System Jitter     (TSJ):    0.071ns
    Discrete Jitter          (DJ):    0.095ns
    Phase Error              (PE):    0.120ns
  Clock Net Delay (Source):      1.929ns (routing 0.591ns, distribution 1.338ns)
  Clock Net Delay (Destination): 1.656ns (routing 0.538ns, distribution 1.118ns)
  Timing Exception:       MultiCycle Path   Setup -end   2

    Location             Delay type                Incr(ns)  Path(ns)    Netlist Resource(s)
  -------------------------------------------------------------------    -------------------
                         (clock clk_out2_LowlightISP_DPU_design1_clk_wiz_0_0 rise edge)
                                                      0.000     0.000 r  
    BUFG_PS_X0Y95        BUFG_PS                      0.000     0.000 r  LowlightISP_DPU_design1_i/zynq_ultra_ps_e_0/inst/buffer_pl_clk_0.PL_CLK_0_BUFG/O
                         net (fo=15222, routed)       1.753     1.753    LowlightISP_DPU_design1_i/clk_wiz_0/inst/clk_in1
    MMCM_X1Y2            MMCME4_ADV (Prop_MMCM_CLKIN1_CLKOUT1)
                                                     -0.127     1.626 r  LowlightISP_DPU_design1_i/clk_wiz_0/inst/mmcme4_adv_inst/CLKOUT1
                         net (fo=1, routed)           0.250     1.876    LowlightISP_DPU_design1_i/clk_wiz_0/inst/clk_out2_LowlightISP_DPU_design1_clk_wiz_0_0
    BUFGCE_DIV_X1Y8      BUFGCE_DIV (Prop_BUFGCE_DIV_I_O)
                                                      0.151     2.027 r  LowlightISP_DPU_design1_i/clk_wiz_0/inst/clkout2_buf/O
    X1Y2 (CLOCK_ROOT)    net (fo=80617, routed)       1.929     3.956    <hidden>
    URAM288_X0Y49        URAM288                                      r  <hidden>
  -------------------------------------------------------------------    -------------------
    URAM288_X0Y49        URAM288 (Prop_URAM_288K_INST_URAM288_CLK_DOUT_A[1])
                                                      0.753     4.709 r  <hidden>
                         net (fo=1, routed)           1.663     6.372    <hidden>
    SLICE_X62Y182        FDRE                                         r  <hidden>
  -------------------------------------------------------------------    -------------------

                         (clock clk_out1_LowlightISP_DPU_design1_clk_wiz_0_0 rise edge)
                                                      3.333     3.333 r  
    BUFG_PS_X0Y95        BUFG_PS                      0.000     3.333 r  LowlightISP_DPU_design1_i/zynq_ultra_ps_e_0/inst/buffer_pl_clk_0.PL_CLK_0_BUFG/O
                         net (fo=15222, routed)       1.572     4.905    LowlightISP_DPU_design1_i/clk_wiz_0/inst/clk_in1
    MMCM_X1Y2            MMCME4_ADV (Prop_MMCM_CLKIN1_CLKOUT0)
                                                      0.630     5.535 r  LowlightISP_DPU_design1_i/clk_wiz_0/inst/mmcme4_adv_inst/CLKOUT0
                         net (fo=1, routed)           0.215     5.750    LowlightISP_DPU_design1_i/clk_wiz_0/inst/clk_out1_LowlightISP_DPU_design1_clk_wiz_0_0
    BUFGCE_DIV_X1Y11     BUFGCE_DIV (Prop_BUFGCE_DIV_I_O)
                                                      0.131     5.881 r  LowlightISP_DPU_design1_i/clk_wiz_0/inst/clkout1_buf/O
    X1Y2 (CLOCK_ROOT)    net (fo=40273, routed)       1.656     7.537    <hidden>
    SLICE_X62Y182        FDRE                                         r  <hidden>
                         clock pessimism             -0.576     6.961    
                         clock uncertainty           -0.179     6.782    
    SLICE_X62Y182        FDRE (Setup_EFF2_SLICEL_C_D)
                                                      0.025     6.807    <hidden>
  -------------------------------------------------------------------
                         required time                          6.807    
                         arrival time                          -6.372    
  -------------------------------------------------------------------
                         slack                                  0.435    





Min Delay Paths
--------------------------------------------------------------------------------------
Slack (MET) :             0.037ns  (arrival time - required time)
  Source:                 <hidden>
                            (rising edge-triggered cell URAM288 clocked by clk_out2_LowlightISP_DPU_design1_clk_wiz_0_0  {rise@0.000ns fall@1.667ns period=3.333ns})
  Destination:            <hidden>
                            (rising edge-triggered cell FDRE clocked by clk_out1_LowlightISP_DPU_design1_clk_wiz_0_0  {rise@0.000ns fall@0.833ns period=1.667ns})
  Path Group:             clk_out1_LowlightISP_DPU_design1_clk_wiz_0_0
  Path Type:              Hold (Min at Fast Process Corner)
  Requirement:            0.000ns  (clk_out1_LowlightISP_DPU_design1_clk_wiz_0_0 rise@0.000ns - clk_out2_LowlightISP_DPU_design1_clk_wiz_0_0 rise@0.000ns)
  Data Path Delay:        0.433ns  (logic 0.119ns (27.483%)  route 0.314ns (72.517%))
  Logic Levels:           0  
  Clock Path Skew:        0.170ns (DCD - SCD - CPR)
    Destination Clock Delay (DCD):    2.217ns
    Source Clock Delay      (SCD):    2.458ns
    Clock Pessimism Removal (CPR):    -0.411ns
  Clock Uncertainty:      0.179ns  ((TSJ^2 + DJ^2)^1/2) / 2 + PE
    Total System Jitter     (TSJ):    0.071ns
    Discrete Jitter          (DJ):    0.095ns
    Phase Error              (PE):    0.120ns
  Clock Net Delay (Source):      1.029ns (routing 0.326ns, distribution 0.703ns)
  Clock Net Delay (Destination): 1.172ns (routing 0.358ns, distribution 0.814ns)
  Timing Exception:       MultiCycle Path   Setup -end   2    Hold  -end   1

    Location             Delay type                Incr(ns)  Path(ns)    Netlist Resource(s)
  -------------------------------------------------------------------    -------------------
                         (clock clk_out2_LowlightISP_DPU_design1_clk_wiz_0_0 rise edge)
                                                      0.000     0.000 r  
    BUFG_PS_X0Y95        BUFG_PS                      0.000     0.000 r  LowlightISP_DPU_design1_i/zynq_ultra_ps_e_0/inst/buffer_pl_clk_0.PL_CLK_0_BUFG/O
                         net (fo=15222, routed)       0.961     0.961    LowlightISP_DPU_design1_i/clk_wiz_0/inst/clk_in1
    MMCM_X1Y2            MMCME4_ADV (Prop_MMCM_CLKIN1_CLKOUT1)
                                                      0.230     1.191 r  LowlightISP_DPU_design1_i/clk_wiz_0/inst/mmcme4_adv_inst/CLKOUT1
                         net (fo=1, routed)           0.149     1.340    LowlightISP_DPU_design1_i/clk_wiz_0/inst/clk_out2_LowlightISP_DPU_design1_clk_wiz_0_0
    BUFGCE_DIV_X1Y8      BUFGCE_DIV (Prop_BUFGCE_DIV_I_O)
                                                      0.089     1.429 r  LowlightISP_DPU_design1_i/clk_wiz_0/inst/clkout2_buf/O
    X1Y2 (CLOCK_ROOT)    net (fo=80617, routed)       1.029     2.458    <hidden>
    URAM288_X0Y33        URAM288                                      r  <hidden>
  -------------------------------------------------------------------    -------------------
    URAM288_X0Y33        URAM288 (Prop_URAM_288K_INST_URAM288_CLK_DOUT_A[41])
                                                      0.119     2.577 r  <hidden>
                         net (fo=1, routed)           0.314     2.891    <hidden>
    SLICE_X66Y126        FDRE                                         r  <hidden>
  -------------------------------------------------------------------    -------------------

                         (clock clk_out1_LowlightISP_DPU_design1_clk_wiz_0_0 rise edge)
                                                      0.000     0.000 r  
    BUFG_PS_X0Y95        BUFG_PS                      0.000     0.000 r  LowlightISP_DPU_design1_i/zynq_ultra_ps_e_0/inst/buffer_pl_clk_0.PL_CLK_0_BUFG/O
                         net (fo=15222, routed)       1.075     1.075    LowlightISP_DPU_design1_i/clk_wiz_0/inst/clk_in1
    MMCM_X1Y2            MMCME4_ADV (Prop_MMCM_CLKIN1_CLKOUT0)
                                                     -0.295     0.780 r  LowlightISP_DPU_design1_i/clk_wiz_0/inst/mmcme4_adv_inst/CLKOUT0
                         net (fo=1, routed)           0.165     0.945    LowlightISP_DPU_design1_i/clk_wiz_0/inst/clk_out1_LowlightISP_DPU_design1_clk_wiz_0_0
    BUFGCE_DIV_X1Y11     BUFGCE_DIV (Prop_BUFGCE_DIV_I_O)
                                                      0.100     1.045 r  LowlightISP_DPU_design1_i/clk_wiz_0/inst/clkout1_buf/O
    X1Y2 (CLOCK_ROOT)    net (fo=40273, routed)       1.172     2.217    <hidden>
    SLICE_X66Y126        FDRE                                         r  <hidden>
                         clock pessimism              0.411     2.628    
                         clock uncertainty            0.179     2.807    
    SLICE_X66Y126        FDRE (Hold_AFF2_SLICEL_C_D)
                                                      0.047     2.854    <hidden>
  -------------------------------------------------------------------
                         required time                         -2.854    
                         arrival time                           2.891    
  -------------------------------------------------------------------
                         slack                                  0.037    





---------------------------------------------------------------------------------------------------
From Clock:  clk_out1_LowlightISP_DPU_design1_clk_wiz_0_0
  To Clock:  clk_out2_LowlightISP_DPU_design1_clk_wiz_0_0

Setup :            0  Failing Endpoints,  Worst Slack        0.435ns,  Total Violation        0.000ns
Hold  :            0  Failing Endpoints,  Worst Slack        0.041ns,  Total Violation        0.000ns
---------------------------------------------------------------------------------------------------


Max Delay Paths
--------------------------------------------------------------------------------------
Slack (MET) :             0.435ns  (required time - arrival time)
  Source:                 <hidden>
                            (rising edge-triggered cell FDRE clocked by clk_out1_LowlightISP_DPU_design1_clk_wiz_0_0  {rise@0.000ns fall@0.833ns period=1.667ns})
  Destination:            <hidden>
                            (rising edge-triggered cell FDRE clocked by clk_out2_LowlightISP_DPU_design1_clk_wiz_0_0  {rise@0.000ns fall@1.667ns period=3.333ns})
  Path Group:             clk_out2_LowlightISP_DPU_design1_clk_wiz_0_0
  Path Type:              Setup (Max at Slow Process Corner)
  Requirement:            3.333ns  (clk_out2_LowlightISP_DPU_design1_clk_wiz_0_0 rise@3.333ns - clk_out1_LowlightISP_DPU_design1_clk_wiz_0_0 rise@0.000ns)
  Data Path Delay:        2.505ns  (logic 0.591ns (23.592%)  route 1.914ns (76.408%))
  Logic Levels:           5  (CARRY8=3 LUT3=1 LUT4=1)
  Clock Path Skew:        -0.239ns (DCD - SCD + CPR)
    Destination Clock Delay (DCD):    4.304ns = ( 7.637 - 3.333 ) 
    Source Clock Delay      (SCD):    3.967ns = ( 5.634 - 1.667 ) 
    Clock Pessimism Removal (CPR):    -0.576ns
  Clock Uncertainty:      0.179ns  ((TSJ^2 + DJ^2)^1/2) / 2 + PE
    Total System Jitter     (TSJ):    0.071ns
    Discrete Jitter          (DJ):    0.095ns
    Phase Error              (PE):    0.120ns
  Clock Net Delay (Source):      1.946ns (routing 0.589ns, distribution 1.357ns)
  Clock Net Delay (Destination): 1.751ns (routing 0.540ns, distribution 1.211ns)
  Timing Exception:       MultiCycle Path   Setup -start 2

    Location             Delay type                Incr(ns)  Path(ns)    Netlist Resource(s)
  -------------------------------------------------------------------    -------------------
                         (clock clk_out1_LowlightISP_DPU_design1_clk_wiz_0_0 rise edge)
                                                      0.000     0.000 r  
    BUFG_PS_X0Y95        BUFG_PS                      0.000     0.000 r  LowlightISP_DPU_design1_i/zynq_ultra_ps_e_0/inst/buffer_pl_clk_0.PL_CLK_0_BUFG/O
                         net (fo=15222, routed)       1.753     1.753    LowlightISP_DPU_design1_i/clk_wiz_0/inst/clk_in1
    MMCM_X1Y2            MMCME4_ADV (Prop_MMCM_CLKIN1_CLKOUT0)
                                                     -0.127     1.626 r  LowlightISP_DPU_design1_i/clk_wiz_0/inst/mmcme4_adv_inst/CLKOUT0
                         net (fo=1, routed)           0.244     1.870    LowlightISP_DPU_design1_i/clk_wiz_0/inst/clk_out1_LowlightISP_DPU_design1_clk_wiz_0_0
    BUFGCE_DIV_X1Y11     BUFGCE_DIV (Prop_BUFGCE_DIV_I_O)
                                                      0.151     2.021 r  LowlightISP_DPU_design1_i/clk_wiz_0/inst/clkout1_buf/O
    X1Y2 (CLOCK_ROOT)    net (fo=40273, routed)       1.946     3.967    <hidden>
    SLICE_X66Y197        FDRE                                         r  <hidden>
  -------------------------------------------------------------------    -------------------
    SLICE_X66Y197        FDRE (Prop_GFF2_SLICEL_C_Q)
                                                      0.081     4.048 r  <hidden>
                         net (fo=2, routed)           1.265     5.313    <hidden>
    SLICE_X85Y214        LUT3 (Prop_E5LUT_SLICEL_I0_O)
                                                      0.161     5.474 r  <hidden>
                         net (fo=2, routed)           0.560     6.034    <hidden>
    SLICE_X85Y214        LUT4 (Prop_F6LUT_SLICEL_I3_O)
                                                      0.097     6.131 r  <hidden>
                         net (fo=1, routed)           0.011     6.142    <hidden>
    SLICE_X85Y214        CARRY8 (Prop_CARRY8_SLICEL_S[5]_CO[7])
                                                      0.155     6.297 r  <hidden>
                         net (fo=1, routed)           0.026     6.323    <hidden>
    SLICE_X85Y215        CARRY8 (Prop_CARRY8_SLICEL_CI_CO[7])
                                                      0.015     6.338 r  <hidden>
                         net (fo=1, routed)           0.026     6.364    <hidden>
    SLICE_X85Y216        CARRY8 (Prop_CARRY8_SLICEL_CI_O[3])
                                                      0.082     6.446 r  <hidden>
                         net (fo=1, routed)           0.026     6.472    <hidden>
    SLICE_X85Y216        FDRE                                         r  <hidden>
  -------------------------------------------------------------------    -------------------

                         (clock clk_out2_LowlightISP_DPU_design1_clk_wiz_0_0 rise edge)
                                                      3.333     3.333 r  
    BUFG_PS_X0Y95        BUFG_PS                      0.000     3.333 r  LowlightISP_DPU_design1_i/zynq_ultra_ps_e_0/inst/buffer_pl_clk_0.PL_CLK_0_BUFG/O
                         net (fo=15222, routed)       1.572     4.905    LowlightISP_DPU_design1_i/clk_wiz_0/inst/clk_in1
    MMCM_X1Y2            MMCME4_ADV (Prop_MMCM_CLKIN1_CLKOUT1)
                                                      0.630     5.535 r  LowlightISP_DPU_design1_i/clk_wiz_0/inst/mmcme4_adv_inst/CLKOUT1
                         net (fo=1, routed)           0.220     5.755    LowlightISP_DPU_design1_i/clk_wiz_0/inst/clk_out2_LowlightISP_DPU_design1_clk_wiz_0_0
    BUFGCE_DIV_X1Y8      BUFGCE_DIV (Prop_BUFGCE_DIV_I_O)
                                                      0.131     5.886 r  LowlightISP_DPU_design1_i/clk_wiz_0/inst/clkout2_buf/O
    X1Y2 (CLOCK_ROOT)    net (fo=80617, routed)       1.751     7.637    <hidden>
    SLICE_X85Y216        FDRE                                         r  <hidden>
                         clock pessimism             -0.576     7.061    
                         clock uncertainty           -0.179     6.882    
    SLICE_X85Y216        FDRE (Setup_DFF_SLICEL_C_D)
                                                      0.025     6.907    <hidden>
  -------------------------------------------------------------------
                         required time                          6.907    
                         arrival time                          -6.472    
  -------------------------------------------------------------------
                         slack                                  0.435    





Min Delay Paths
--------------------------------------------------------------------------------------
Slack (MET) :             0.041ns  (arrival time - required time)
  Source:                 <hidden>
                            (rising edge-triggered cell FDRE clocked by clk_out1_LowlightISP_DPU_design1_clk_wiz_0_0  {rise@0.000ns fall@0.833ns period=1.667ns})
  Destination:            <hidden>
                            (rising edge-triggered cell FDRE clocked by clk_out2_LowlightISP_DPU_design1_clk_wiz_0_0  {rise@0.000ns fall@1.667ns period=3.333ns})
  Path Group:             clk_out2_LowlightISP_DPU_design1_clk_wiz_0_0
  Path Type:              Hold (Min at Fast Process Corner)
  Requirement:            0.000ns  (clk_out2_LowlightISP_DPU_design1_clk_wiz_0_0 rise@0.000ns - clk_out1_LowlightISP_DPU_design1_clk_wiz_0_0 rise@0.000ns)
  Data Path Delay:        0.424ns  (logic 0.107ns (25.236%)  route 0.317ns (74.764%))
  Logic Levels:           2  (CARRY8=1 LUT4=1)
  Clock Path Skew:        0.158ns (DCD - SCD - CPR)
    Destination Clock Delay (DCD):    2.245ns
    Source Clock Delay      (SCD):    2.498ns
    Clock Pessimism Removal (CPR):    -0.411ns
  Clock Uncertainty:      0.179ns  ((TSJ^2 + DJ^2)^1/2) / 2 + PE
    Total System Jitter     (TSJ):    0.071ns
    Discrete Jitter          (DJ):    0.095ns
    Phase Error              (PE):    0.120ns
  Clock Net Delay (Source):      1.072ns (routing 0.326ns, distribution 0.746ns)
  Clock Net Delay (Destination): 1.196ns (routing 0.360ns, distribution 0.836ns)
  Timing Exception:       MultiCycle Path   Setup -start 2    Hold  -start 1

    Location             Delay type                Incr(ns)  Path(ns)    Netlist Resource(s)
  -------------------------------------------------------------------    -------------------
                         (clock clk_out1_LowlightISP_DPU_design1_clk_wiz_0_0 rise edge)
                                                      0.000     0.000 r  
    BUFG_PS_X0Y95        BUFG_PS                      0.000     0.000 r  LowlightISP_DPU_design1_i/zynq_ultra_ps_e_0/inst/buffer_pl_clk_0.PL_CLK_0_BUFG/O
                         net (fo=15222, routed)       0.961     0.961    LowlightISP_DPU_design1_i/clk_wiz_0/inst/clk_in1
    MMCM_X1Y2            MMCME4_ADV (Prop_MMCM_CLKIN1_CLKOUT0)
                                                      0.230     1.191 r  LowlightISP_DPU_design1_i/clk_wiz_0/inst/mmcme4_adv_inst/CLKOUT0
                         net (fo=1, routed)           0.146     1.337    LowlightISP_DPU_design1_i/clk_wiz_0/inst/clk_out1_LowlightISP_DPU_design1_clk_wiz_0_0
    BUFGCE_DIV_X1Y11     BUFGCE_DIV (Prop_BUFGCE_DIV_I_O)
                                                      0.089     1.426 r  LowlightISP_DPU_design1_i/clk_wiz_0/inst/clkout1_buf/O
    X1Y2 (CLOCK_ROOT)    net (fo=40273, routed)       1.072     2.498    <hidden>
    SLICE_X79Y130        FDRE                                         r  <hidden>
  -------------------------------------------------------------------    -------------------
    SLICE_X79Y130        FDRE (Prop_EFF2_SLICEM_C_Q)
                                                      0.039     2.537 r  <hidden>
                         net (fo=2, routed)           0.298     2.835    <hidden>
    SLICE_X79Y132        LUT4 (Prop_B6LUT_SLICEM_I1_O)
                                                      0.050     2.885 r  <hidden>
                         net (fo=1, routed)           0.012     2.897    <hidden>
    SLICE_X79Y132        CARRY8 (Prop_CARRY8_SLICEM_S[1]_O[1])
                                                      0.018     2.915 r  <hidden>
                         net (fo=1, routed)           0.007     2.922    <hidden>
    SLICE_X79Y132        FDRE                                         r  <hidden>
  -------------------------------------------------------------------    -------------------

                         (clock clk_out2_LowlightISP_DPU_design1_clk_wiz_0_0 rise edge)
                                                      0.000     0.000 r  
    BUFG_PS_X0Y95        BUFG_PS                      0.000     0.000 r  LowlightISP_DPU_design1_i/zynq_ultra_ps_e_0/inst/buffer_pl_clk_0.PL_CLK_0_BUFG/O
                         net (fo=15222, routed)       1.075     1.075    LowlightISP_DPU_design1_i/clk_wiz_0/inst/clk_in1
    MMCM_X1Y2            MMCME4_ADV (Prop_MMCM_CLKIN1_CLKOUT1)
                                                     -0.295     0.780 r  LowlightISP_DPU_design1_i/clk_wiz_0/inst/mmcme4_adv_inst/CLKOUT1
                         net (fo=1, routed)           0.169     0.949    LowlightISP_DPU_design1_i/clk_wiz_0/inst/clk_out2_LowlightISP_DPU_design1_clk_wiz_0_0
    BUFGCE_DIV_X1Y8      BUFGCE_DIV (Prop_BUFGCE_DIV_I_O)
                                                      0.100     1.049 r  LowlightISP_DPU_design1_i/clk_wiz_0/inst/clkout2_buf/O
    X1Y2 (CLOCK_ROOT)    net (fo=80617, routed)       1.196     2.245    <hidden>
    SLICE_X79Y132        FDRE                                         r  <hidden>
                         clock pessimism              0.411     2.656    
                         clock uncertainty            0.179     2.835    
    SLICE_X79Y132        FDRE (Hold_BFF_SLICEM_C_D)
                                                      0.046     2.881    <hidden>
  -------------------------------------------------------------------
                         required time                         -2.881    
                         arrival time                           2.922    
  -------------------------------------------------------------------
                         slack                                  0.041    





---------------------------------------------------------------------------------------------------
Path Group:  **async_default**
From Clock:  clk_pl_0
  To Clock:  clk_pl_0

Setup :            0  Failing Endpoints,  Worst Slack        8.739ns,  Total Violation        0.000ns
Hold  :            0  Failing Endpoints,  Worst Slack        0.180ns,  Total Violation        0.000ns
---------------------------------------------------------------------------------------------------


Max Delay Paths
--------------------------------------------------------------------------------------
Slack (MET) :             8.739ns  (required time - arrival time)
  Source:                 LowlightISP_DPU_design1_i/ps8_0_axi_periph/m00_couplers/auto_ds/inst/gen_downsizer.gen_simple_downsizer.axi_downsizer_inst/USE_WRITE.write_addr_inst/USE_B_CHANNEL.cmd_b_queue/inst/fifo_gen_inst/inst_fifo_gen/gconvfifo.rf/grf.rf/rstblk/ngwrdrst.grst.g7serrst.gnsckt_wrst.rst_wr_reg2_inst/arststages_ff_reg[1]/C
                            (rising edge-triggered cell FDPE clocked by clk_pl_0  {rise@0.000ns fall@5.000ns period=10.000ns})
  Destination:            LowlightISP_DPU_design1_i/ps8_0_axi_periph/m00_couplers/auto_ds/inst/gen_downsizer.gen_simple_downsizer.axi_downsizer_inst/USE_WRITE.write_addr_inst/USE_B_CHANNEL.cmd_b_queue/inst/fifo_gen_inst/inst_fifo_gen/gconvfifo.rf/grf.rf/gntv_or_sync_fifo.gl0.wr/wpntr/gcc0.gc0.count_d1_reg[1]/CLR
                            (recovery check against rising-edge clock clk_pl_0  {rise@0.000ns fall@5.000ns period=10.000ns})
  Path Group:             **async_default**
  Path Type:              Recovery (Max at Slow Process Corner)
  Requirement:            10.000ns  (clk_pl_0 rise@10.000ns - clk_pl_0 rise@0.000ns)
  Data Path Delay:        0.998ns  (logic 0.177ns (17.741%)  route 0.821ns (82.259%))
  Logic Levels:           1  (LUT3=1)
  Clock Path Skew:        -0.067ns (DCD - SCD + CPR)
    Destination Clock Delay (DCD):    1.840ns = ( 11.840 - 10.000 ) 
    Source Clock Delay      (SCD):    2.083ns
    Clock Pessimism Removal (CPR):    0.175ns
  Clock Uncertainty:      0.130ns  ((TSJ^2 + DJ^2)^1/2) / 2 + PE
    Total System Jitter     (TSJ):    0.071ns
    Discrete Jitter          (DJ):    0.250ns
    Phase Error              (PE):    0.000ns
  Clock Net Delay (Source):      1.875ns (routing 0.666ns, distribution 1.209ns)
  Clock Net Delay (Destination): 1.672ns (routing 0.600ns, distribution 1.072ns)

    Location             Delay type                Incr(ns)  Path(ns)    Netlist Resource(s)
  -------------------------------------------------------------------    -------------------
                         (clock clk_pl_0 rise edge)
                                                      0.000     0.000 r  
    PS8_X0Y0             PS8                          0.000     0.000 r  LowlightISP_DPU_design1_i/zynq_ultra_ps_e_0/inst/PS8_i/PLCLK[0]
                         net (fo=1, routed)           0.180     0.180    LowlightISP_DPU_design1_i/zynq_ultra_ps_e_0/inst/pl_clk_unbuffered[0]
    BUFG_PS_X0Y95        BUFG_PS (Prop_BUFG_PS_I_O)
                                                      0.028     0.208 r  LowlightISP_DPU_design1_i/zynq_ultra_ps_e_0/inst/buffer_pl_clk_0.PL_CLK_0_BUFG/O
    X1Y2 (CLOCK_ROOT)    net (fo=15222, routed)       1.875     2.083    LowlightISP_DPU_design1_i/ps8_0_axi_periph/m00_couplers/auto_ds/inst/gen_downsizer.gen_simple_downsizer.axi_downsizer_inst/USE_WRITE.write_addr_inst/USE_B_CHANNEL.cmd_b_queue/inst/fifo_gen_inst/inst_fifo_gen/gconvfifo.rf/grf.rf/rstblk/ngwrdrst.grst.g7serrst.gnsckt_wrst.rst_wr_reg2_inst/dest_clk
    SLICE_X56Y79         FDPE                                         r  LowlightISP_DPU_design1_i/ps8_0_axi_periph/m00_couplers/auto_ds/inst/gen_downsizer.gen_simple_downsizer.axi_downsizer_inst/USE_WRITE.write_addr_inst/USE_B_CHANNEL.cmd_b_queue/inst/fifo_gen_inst/inst_fifo_gen/gconvfifo.rf/grf.rf/rstblk/ngwrdrst.grst.g7serrst.gnsckt_wrst.rst_wr_reg2_inst/arststages_ff_reg[1]/C
  -------------------------------------------------------------------    -------------------
    SLICE_X56Y79         FDPE (Prop_AFF2_SLICEM_C_Q)
                                                      0.080     2.163 f  LowlightISP_DPU_design1_i/ps8_0_axi_periph/m00_couplers/auto_ds/inst/gen_downsizer.gen_simple_downsizer.axi_downsizer_inst/USE_WRITE.write_addr_inst/USE_B_CHANNEL.cmd_b_queue/inst/fifo_gen_inst/inst_fifo_gen/gconvfifo.rf/grf.rf/rstblk/ngwrdrst.grst.g7serrst.gnsckt_wrst.rst_wr_reg2_inst/arststages_ff_reg[1]/Q
                         net (fo=3, routed)           0.323     2.486    LowlightISP_DPU_design1_i/ps8_0_axi_periph/m00_couplers/auto_ds/inst/gen_downsizer.gen_simple_downsizer.axi_downsizer_inst/USE_WRITE.write_addr_inst/USE_B_CHANNEL.cmd_b_queue/inst/fifo_gen_inst/inst_fifo_gen/gconvfifo.rf/grf.rf/rstblk/ngwrdrst.rst_wr_reg2
    SLICE_X60Y79         LUT3 (Prop_G6LUT_SLICEL_I2_O)
                                                      0.097     2.583 f  LowlightISP_DPU_design1_i/ps8_0_axi_periph/m00_couplers/auto_ds/inst/gen_downsizer.gen_simple_downsizer.axi_downsizer_inst/USE_WRITE.write_addr_inst/USE_B_CHANNEL.cmd_b_queue/inst/fifo_gen_inst/inst_fifo_gen/gconvfifo.rf/grf.rf/rstblk/gpregsm1.curr_fwft_state[1]_i_2/O
                         net (fo=32, routed)          0.497     3.081    LowlightISP_DPU_design1_i/ps8_0_axi_periph/m00_couplers/auto_ds/inst/gen_downsizer.gen_simple_downsizer.axi_downsizer_inst/USE_WRITE.write_addr_inst/USE_B_CHANNEL.cmd_b_queue/inst/fifo_gen_inst/inst_fifo_gen/gconvfifo.rf/grf.rf/gntv_or_sync_fifo.gl0.wr/wpntr/AR[0]
    SLICE_X60Y76         FDCE                                         f  LowlightISP_DPU_design1_i/ps8_0_axi_periph/m00_couplers/auto_ds/inst/gen_downsizer.gen_simple_downsizer.axi_downsizer_inst/USE_WRITE.write_addr_inst/USE_B_CHANNEL.cmd_b_queue/inst/fifo_gen_inst/inst_fifo_gen/gconvfifo.rf/grf.rf/gntv_or_sync_fifo.gl0.wr/wpntr/gcc0.gc0.count_d1_reg[1]/CLR
  -------------------------------------------------------------------    -------------------

                         (clock clk_pl_0 rise edge)
                                                     10.000    10.000 r  
    PS8_X0Y0             PS8                          0.000    10.000 r  LowlightISP_DPU_design1_i/zynq_ultra_ps_e_0/inst/PS8_i/PLCLK[0]
                         net (fo=1, routed)           0.143    10.143    LowlightISP_DPU_design1_i/zynq_ultra_ps_e_0/inst/pl_clk_unbuffered[0]
    BUFG_PS_X0Y95        BUFG_PS (Prop_BUFG_PS_I_O)
                                                      0.025    10.168 r  LowlightISP_DPU_design1_i/zynq_ultra_ps_e_0/inst/buffer_pl_clk_0.PL_CLK_0_BUFG/O
    X1Y2 (CLOCK_ROOT)    net (fo=15222, routed)       1.672    11.840    LowlightISP_DPU_design1_i/ps8_0_axi_periph/m00_couplers/auto_ds/inst/gen_downsizer.gen_simple_downsizer.axi_downsizer_inst/USE_WRITE.write_addr_inst/USE_B_CHANNEL.cmd_b_queue/inst/fifo_gen_inst/inst_fifo_gen/gconvfifo.rf/grf.rf/gntv_or_sync_fifo.gl0.wr/wpntr/clk
    SLICE_X60Y76         FDCE                                         r  LowlightISP_DPU_design1_i/ps8_0_axi_periph/m00_couplers/auto_ds/inst/gen_downsizer.gen_simple_downsizer.axi_downsizer_inst/USE_WRITE.write_addr_inst/USE_B_CHANNEL.cmd_b_queue/inst/fifo_gen_inst/inst_fifo_gen/gconvfifo.rf/grf.rf/gntv_or_sync_fifo.gl0.wr/wpntr/gcc0.gc0.count_d1_reg[1]/C
                         clock pessimism              0.175    12.016    
                         clock uncertainty           -0.130    11.886    
    SLICE_X60Y76         FDCE (Recov_AFF_SLICEL_C_CLR)
                                                     -0.066    11.820    LowlightISP_DPU_design1_i/ps8_0_axi_periph/m00_couplers/auto_ds/inst/gen_downsizer.gen_simple_downsizer.axi_downsizer_inst/USE_WRITE.write_addr_inst/USE_B_CHANNEL.cmd_b_queue/inst/fifo_gen_inst/inst_fifo_gen/gconvfifo.rf/grf.rf/gntv_or_sync_fifo.gl0.wr/wpntr/gcc0.gc0.count_d1_reg[1]
  -------------------------------------------------------------------
                         required time                         11.820    
                         arrival time                          -3.081    
  -------------------------------------------------------------------
                         slack                                  8.739    





Min Delay Paths
--------------------------------------------------------------------------------------
Slack (MET) :             0.180ns  (arrival time - required time)
  Source:                 LowlightISP_DPU_design1_i/ps8_0_axi_periph/m00_couplers/auto_ds/inst/gen_downsizer.gen_simple_downsizer.axi_downsizer_inst/USE_READ.read_addr_inst/cmd_queue/inst/fifo_gen_inst/inst_fifo_gen/gconvfifo.rf/grf.rf/rstblk/ngwrdrst.grst.g7serrst.gnsckt_wrst.gcc_rst.sckt_wr_rst_cc_reg[0]/C
                            (rising edge-triggered cell FDRE clocked by clk_pl_0  {rise@0.000ns fall@5.000ns period=10.000ns})
  Destination:            LowlightISP_DPU_design1_i/ps8_0_axi_periph/m00_couplers/auto_ds/inst/gen_downsizer.gen_simple_downsizer.axi_downsizer_inst/USE_READ.read_addr_inst/cmd_queue/inst/fifo_gen_inst/inst_fifo_gen/gconvfifo.rf/grf.rf/gntv_or_sync_fifo.gl0.rd/grss.rsts/ram_empty_fb_i_reg/PRE
                            (removal check against rising-edge clock clk_pl_0  {rise@0.000ns fall@5.000ns period=10.000ns})
  Path Group:             **async_default**
  Path Type:              Removal (Min at Fast Process Corner)
  Requirement:            0.000ns  (clk_pl_0 rise@0.000ns - clk_pl_0 rise@0.000ns)
  Data Path Delay:        0.208ns  (logic 0.061ns (29.303%)  route 0.147ns (70.697%))
  Logic Levels:           1  (LUT3=1)
  Clock Path Skew:        0.048ns (DCD - SCD - CPR)
    Destination Clock Delay (DCD):    1.355ns
    Source Clock Delay      (SCD):    1.186ns
    Clock Pessimism Removal (CPR):    0.121ns
  Clock Net Delay (Source):      1.047ns (routing 0.363ns, distribution 0.684ns)
  Clock Net Delay (Destination): 1.183ns (routing 0.410ns, distribution 0.773ns)

    Location             Delay type                Incr(ns)  Path(ns)    Netlist Resource(s)
  -------------------------------------------------------------------    -------------------
                         (clock clk_pl_0 rise edge)
                                                      0.000     0.000 r  
    PS8_X0Y0             PS8                          0.000     0.000 r  LowlightISP_DPU_design1_i/zynq_ultra_ps_e_0/inst/PS8_i/PLCLK[0]
                         net (fo=1, routed)           0.122     0.122    LowlightISP_DPU_design1_i/zynq_ultra_ps_e_0/inst/pl_clk_unbuffered[0]
    BUFG_PS_X0Y95        BUFG_PS (Prop_BUFG_PS_I_O)
                                                      0.017     0.139 r  LowlightISP_DPU_design1_i/zynq_ultra_ps_e_0/inst/buffer_pl_clk_0.PL_CLK_0_BUFG/O
    X1Y2 (CLOCK_ROOT)    net (fo=15222, routed)       1.047     1.186    LowlightISP_DPU_design1_i/ps8_0_axi_periph/m00_couplers/auto_ds/inst/gen_downsizer.gen_simple_downsizer.axi_downsizer_inst/USE_READ.read_addr_inst/cmd_queue/inst/fifo_gen_inst/inst_fifo_gen/gconvfifo.rf/grf.rf/rstblk/clk
    SLICE_X58Y62         FDRE                                         r  LowlightISP_DPU_design1_i/ps8_0_axi_periph/m00_couplers/auto_ds/inst/gen_downsizer.gen_simple_downsizer.axi_downsizer_inst/USE_READ.read_addr_inst/cmd_queue/inst/fifo_gen_inst/inst_fifo_gen/gconvfifo.rf/grf.rf/rstblk/ngwrdrst.grst.g7serrst.gnsckt_wrst.gcc_rst.sckt_wr_rst_cc_reg[0]/C
  -------------------------------------------------------------------    -------------------
    SLICE_X58Y62         FDRE (Prop_EFF_SLICEL_C_Q)
                                                      0.039     1.225 f  LowlightISP_DPU_design1_i/ps8_0_axi_periph/m00_couplers/auto_ds/inst/gen_downsizer.gen_simple_downsizer.axi_downsizer_inst/USE_READ.read_addr_inst/cmd_queue/inst/fifo_gen_inst/inst_fifo_gen/gconvfifo.rf/grf.rf/rstblk/ngwrdrst.grst.g7serrst.gnsckt_wrst.gcc_rst.sckt_wr_rst_cc_reg[0]/Q
                         net (fo=3, routed)           0.026     1.250    LowlightISP_DPU_design1_i/ps8_0_axi_periph/m00_couplers/auto_ds/inst/gen_downsizer.gen_simple_downsizer.axi_downsizer_inst/USE_READ.read_addr_inst/cmd_queue/inst/fifo_gen_inst/inst_fifo_gen/gconvfifo.rf/grf.rf/rstblk/ngwrdrst.grst.g7serrst.gnsckt_wrst.gcc_rst.sckt_wr_rst_cc[0]
    SLICE_X58Y62         LUT3 (Prop_F6LUT_SLICEL_I1_O)
                                                      0.022     1.272 f  LowlightISP_DPU_design1_i/ps8_0_axi_periph/m00_couplers/auto_ds/inst/gen_downsizer.gen_simple_downsizer.axi_downsizer_inst/USE_READ.read_addr_inst/cmd_queue/inst/fifo_gen_inst/inst_fifo_gen/gconvfifo.rf/grf.rf/rstblk/gpregsm1.curr_fwft_state[1]_i_2/O
                         net (fo=32, routed)          0.121     1.394    LowlightISP_DPU_design1_i/ps8_0_axi_periph/m00_couplers/auto_ds/inst/gen_downsizer.gen_simple_downsizer.axi_downsizer_inst/USE_READ.read_addr_inst/cmd_queue/inst/fifo_gen_inst/inst_fifo_gen/gconvfifo.rf/grf.rf/gntv_or_sync_fifo.gl0.rd/grss.rsts/ram_empty_i_reg_1
    SLICE_X59Y63         FDPE                                         f  LowlightISP_DPU_design1_i/ps8_0_axi_periph/m00_couplers/auto_ds/inst/gen_downsizer.gen_simple_downsizer.axi_downsizer_inst/USE_READ.read_addr_inst/cmd_queue/inst/fifo_gen_inst/inst_fifo_gen/gconvfifo.rf/grf.rf/gntv_or_sync_fifo.gl0.rd/grss.rsts/ram_empty_fb_i_reg/PRE
  -------------------------------------------------------------------    -------------------

                         (clock clk_pl_0 rise edge)
                                                      0.000     0.000 r  
    PS8_X0Y0             PS8                          0.000     0.000 r  LowlightISP_DPU_design1_i/zynq_ultra_ps_e_0/inst/PS8_i/PLCLK[0]
                         net (fo=1, routed)           0.154     0.154    LowlightISP_DPU_design1_i/zynq_ultra_ps_e_0/inst/pl_clk_unbuffered[0]
    BUFG_PS_X0Y95        BUFG_PS (Prop_BUFG_PS_I_O)
                                                      0.018     0.172 r  LowlightISP_DPU_design1_i/zynq_ultra_ps_e_0/inst/buffer_pl_clk_0.PL_CLK_0_BUFG/O
    X1Y2 (CLOCK_ROOT)    net (fo=15222, routed)       1.183     1.355    LowlightISP_DPU_design1_i/ps8_0_axi_periph/m00_couplers/auto_ds/inst/gen_downsizer.gen_simple_downsizer.axi_downsizer_inst/USE_READ.read_addr_inst/cmd_queue/inst/fifo_gen_inst/inst_fifo_gen/gconvfifo.rf/grf.rf/gntv_or_sync_fifo.gl0.rd/grss.rsts/clk
    SLICE_X59Y63         FDPE                                         r  LowlightISP_DPU_design1_i/ps8_0_axi_periph/m00_couplers/auto_ds/inst/gen_downsizer.gen_simple_downsizer.axi_downsizer_inst/USE_READ.read_addr_inst/cmd_queue/inst/fifo_gen_inst/inst_fifo_gen/gconvfifo.rf/grf.rf/gntv_or_sync_fifo.gl0.rd/grss.rsts/ram_empty_fb_i_reg/C
                         clock pessimism             -0.121     1.234    
    SLICE_X59Y63         FDPE (Remov_EFF_SLICEL_C_PRE)
                                                     -0.020     1.214    LowlightISP_DPU_design1_i/ps8_0_axi_periph/m00_couplers/auto_ds/inst/gen_downsizer.gen_simple_downsizer.axi_downsizer_inst/USE_READ.read_addr_inst/cmd_queue/inst/fifo_gen_inst/inst_fifo_gen/gconvfifo.rf/grf.rf/gntv_or_sync_fifo.gl0.rd/grss.rsts/ram_empty_fb_i_reg
  -------------------------------------------------------------------
                         required time                         -1.214    
                         arrival time                           1.394    
  -------------------------------------------------------------------
                         slack                                  0.180    





