==============================================================
Vitis HLS - High-Level Synthesis from C, C++ and OpenCL v2024.1 (64-bit)
Tool Version Limit: 2024.05
Copyright 1986-2022 Xilinx, Inc. All Rights Reserved.
Copyright 2022-2024 Advanced Micro Devices, Inc. All Rights Reserved.

==============================================================
INFO: [HLS 200-1505] Using flow_target 'vivado'
INFO: [HLS 200-1510] Running: set_part xczu7ev-ffvc1156-2-e 
INFO: [HLS 200-1611] Setting target device to 'xczu7ev-ffvc1156-2-e'
INFO: [HLS 200-1510] Running: create_clock -period 5.0 
INFO: [SYN 201-201] Setting up clock 'default' with a period of 5ns.
INFO: [HLS 200-1510] Running: config_interface -m_axi_alignment_byte_size 16 -m_axi_max_widen_bitwidth 128 
INFO: [HLS 200-1510] Running: csynth_design 
INFO: [HLS 200-111] Finished File checks and directory preparation: CPU user time: 0.05 seconds. CPU system time: 0 seconds. Elapsed time: 0.06 seconds; current allocated memory: 279.191 MB.
INFO: [HLS 200-10] Analyzing design file 'local/checker.cpp' ... 
INFO: [HLS 200-111] Finished Source Code Analysis and Preprocessing: CPU user time: 0.27 seconds. CPU system time: 0.38 seconds. Elapsed time: 0.79 seconds; current allocated memory: 281.219 MB.
INFO: [HLS 200-777] Using interface defaults for 'Vivado' flow target.
INFO: [HLS 200-1995] There were 111 instructions in the design after the 'Compile/Link' phase of compilation. See the Design Size Report for more details: /home/mini/workspace/dfxisp_v2/results/hls_work/checker_cosim/solution1/syn/report/csynth_design_size.rpt
INFO: [HLS 200-1995] There were 104 instructions in the design after the 'Unroll/Inline (step 1)' phase of compilation. See the Design Size Report for more details: /home/mini/workspace/dfxisp_v2/results/hls_work/checker_cosim/solution1/syn/report/csynth_design_size.rpt
INFO: [HLS 200-1995] There were 78 instructions in the design after the 'Unroll/Inline (step 2)' phase of compilation. See the Design Size Report for more details: /home/mini/workspace/dfxisp_v2/results/hls_work/checker_cosim/solution1/syn/report/csynth_design_size.rpt
INFO: [HLS 200-1995] There were 77 instructions in the design after the 'Unroll/Inline (step 3)' phase of compilation. See the Design Size Report for more details: /home/mini/workspace/dfxisp_v2/results/hls_work/checker_cosim/solution1/syn/report/csynth_design_size.rpt
INFO: [HLS 200-1995] There were 60 instructions in the design after the 'Unroll/Inline (step 4)' phase of compilation. See the Design Size Report for more details: /home/mini/workspace/dfxisp_v2/results/hls_work/checker_cosim/solution1/syn/report/csynth_design_size.rpt
INFO: [HLS 200-1995] There were 60 instructions in the design after the 'Array/Struct (step 1)' phase of compilation. See the Design Size Report for more details: /home/mini/workspace/dfxisp_v2/results/hls_work/checker_cosim/solution1/syn/report/csynth_design_size.rpt
INFO: [HLS 200-1995] There were 60 instructions in the design after the 'Array/Struct (step 2)' phase of compilation. See the Design Size Report for more details: /home/mini/workspace/dfxisp_v2/results/hls_work/checker_cosim/solution1/syn/report/csynth_design_size.rpt
INFO: [HLS 200-1995] There were 60 instructions in the design after the 'Array/Struct (step 3)' phase of compilation. See the Design Size Report for more details: /home/mini/workspace/dfxisp_v2/results/hls_work/checker_cosim/solution1/syn/report/csynth_design_size.rpt
INFO: [HLS 200-1995] There were 60 instructions in the design after the 'Array/Struct (step 4)' phase of compilation. See the Design Size Report for more details: /home/mini/workspace/dfxisp_v2/results/hls_work/checker_cosim/solution1/syn/report/csynth_design_size.rpt
INFO: [HLS 200-1995] There were 64 instructions in the design after the 'Array/Struct (step 5)' phase of compilation. See the Design Size Report for more details: /home/mini/workspace/dfxisp_v2/results/hls_work/checker_cosim/solution1/syn/report/csynth_design_size.rpt
INFO: [HLS 200-1995] There were 63 instructions in the design after the 'Performance (step 1)' phase of compilation. See the Design Size Report for more details: /home/mini/workspace/dfxisp_v2/results/hls_work/checker_cosim/solution1/syn/report/csynth_design_size.rpt
INFO: [HLS 200-1995] There were 62 instructions in the design after the 'Performance (step 2)' phase of compilation. See the Design Size Report for more details: /home/mini/workspace/dfxisp_v2/results/hls_work/checker_cosim/solution1/syn/report/csynth_design_size.rpt
INFO: [HLS 200-1995] There were 62 instructions in the design after the 'Performance (step 3)' phase of compilation. See the Design Size Report for more details: /home/mini/workspace/dfxisp_v2/results/hls_work/checker_cosim/solution1/syn/report/csynth_design_size.rpt
INFO: [HLS 200-1995] There were 62 instructions in the design after the 'Performance (step 4)' phase of compilation. See the Design Size Report for more details: /home/mini/workspace/dfxisp_v2/results/hls_work/checker_cosim/solution1/syn/report/csynth_design_size.rpt
INFO: [HLS 200-1995] There were 84 instructions in the design after the 'HW Transforms (step 1)' phase of compilation. See the Design Size Report for more details: /home/mini/workspace/dfxisp_v2/results/hls_work/checker_cosim/solution1/syn/report/csynth_design_size.rpt
INFO: [HLS 200-1995] There were 87 instructions in the design after the 'HW Transforms (step 2)' phase of compilation. See the Design Size Report for more details: /home/mini/workspace/dfxisp_v2/results/hls_work/checker_cosim/solution1/syn/report/csynth_design_size.rpt
INFO: [HLS 214-178] Inlining function 'checker_select_mode(unsigned short const*, int, int, int, unsigned short, int, int, int, int&, int&)' into 'checker_scan' (local/checker.cpp:12:0)
INFO: [HLS 214-376] automatically set the pipeline for Loop< VITIS_LOOP_38_1> at /home/mini/workspace/dfxisp_v2/include/checker.hpp:38:22 
INFO: [HLS 214-115] Multiple burst reads of variable length and bit width 16 in loop 'VITIS_LOOP_38_1'(/home/mini/workspace/dfxisp_v2/include/checker.hpp:38:22) has been inferred on bundle 'gmem0'. These burst requests might be further partitioned into multiple requests during RTL generation, based on max_read_burst_length or max_write_burst_length settings. (/home/mini/workspace/dfxisp_v2/include/checker.hpp:38:22)
INFO: [HLS 200-111] Finished Compiling Optimization and Transform: CPU user time: 1.86 seconds. CPU system time: 0.34 seconds. Elapsed time: 6.81 seconds; current allocated memory: 291.004 MB.
INFO: [HLS 200-111] Finished Checking Pragmas: CPU user time: 0 seconds. CPU system time: 0 seconds. Elapsed time: 0 seconds; current allocated memory: 291.004 MB.
INFO: [HLS 200-10] Starting code transformations ...
INFO: [HLS 200-111] Finished Standard Transforms: CPU user time: 0.01 seconds. CPU system time: 0 seconds. Elapsed time: 0.01 seconds; current allocated memory: 291.203 MB.
INFO: [HLS 200-10] Checking synthesizability ...
INFO: [HLS 200-111] Finished Checking Synthesizability: CPU user time: 0 seconds. CPU system time: 0 seconds. Elapsed time: 0.01 seconds; current allocated memory: 291.203 MB.
INFO: [HLS 200-111] Finished Loop, function and other optimizations: CPU user time: 0.02 seconds. CPU system time: 0.02 seconds. Elapsed time: 0.04 seconds; current allocated memory: 312.734 MB.
INFO: [HLS 200-111] Finished Architecture Synthesis: CPU user time: 0.03 seconds. CPU system time: 0 seconds. Elapsed time: 0.02 seconds; current allocated memory: 312.906 MB.
INFO: [HLS 200-10] Starting hardware synthesis ...
INFO: [HLS 200-10] Synthesizing 'checker_scan' ...
INFO: [HLS 200-10] ----------------------------------------------------------------
INFO: [HLS 200-42] -- Implementing module 'checker_scan_Pipeline_VITIS_LOOP_38_1' 
INFO: [HLS 200-10] ----------------------------------------------------------------
INFO: [SCHED 204-11] Starting scheduling ...
INFO: [SCHED 204-61] Pipelining loop 'VITIS_LOOP_38_1'.
INFO: [HLS 200-1470] Pipelining result : Target II = NA, Final II = 1, Depth = 3, loop 'VITIS_LOOP_38_1'
INFO: [SCHED 204-11] Finished scheduling.
INFO: [HLS 200-111] Finished Scheduling: CPU user time: 0.03 seconds. CPU system time: 0.03 seconds. Elapsed time: 0.12 seconds; current allocated memory: 313.855 MB.
INFO: [BIND 205-100] Starting micro-architecture generation ...
INFO: [BIND 205-101] Performing variable lifetime analysis.
INFO: [BIND 205-101] Exploring resource sharing.
INFO: [BIND 205-101] Binding ...
INFO: [BIND 205-100] Finished micro-architecture generation.
INFO: [HLS 200-111] Finished Binding: CPU user time: 0.02 seconds. CPU system time: 0 seconds. Elapsed time: 0.05 seconds; current allocated memory: 313.855 MB.
INFO: [HLS 200-10] ----------------------------------------------------------------
INFO: [HLS 200-42] -- Implementing module 'checker_scan' 
INFO: [HLS 200-10] ----------------------------------------------------------------
INFO: [SCHED 204-11] Starting scheduling ...
INFO: [SCHED 204-11] Finished scheduling.
INFO: [HLS 200-111] Finished Scheduling: CPU user time: 0.04 seconds. CPU system time: 0 seconds. Elapsed time: 0.04 seconds; current allocated memory: 313.883 MB.
INFO: [BIND 205-100] Starting micro-architecture generation ...
INFO: [BIND 205-101] Performing variable lifetime analysis.
INFO: [BIND 205-101] Exploring resource sharing.
INFO: [BIND 205-101] Binding ...
INFO: [BIND 205-100] Finished micro-architecture generation.
INFO: [HLS 200-111] Finished Binding: CPU user time: 0.02 seconds. CPU system time: 0 seconds. Elapsed time: 0.02 seconds; current allocated memory: 313.883 MB.
INFO: [HLS 200-10] ----------------------------------------------------------------
INFO: [HLS 200-10] -- Generating RTL for module 'checker_scan_Pipeline_VITIS_LOOP_38_1' 
INFO: [HLS 200-10] ----------------------------------------------------------------
INFO: [HLS 200-1030] Apply Unified Pipeline Control on module 'checker_scan_Pipeline_VITIS_LOOP_38_1' pipeline 'VITIS_LOOP_38_1' pipeline type 'loop pipeline'
WARNING: [RTGEN 206-101] Setting dangling out port 'checker_scan_Pipeline_VITIS_LOOP_38_1/m_axi_gmem0_ARVALID' to 0.
WARNING: [RTGEN 206-101] Setting dangling out port 'checker_scan_Pipeline_VITIS_LOOP_38_1/m_axi_gmem0_ARADDR' to 0.
WARNING: [RTGEN 206-101] Setting dangling out port 'checker_scan_Pipeline_VITIS_LOOP_38_1/m_axi_gmem0_ARID' to 0.
WARNING: [RTGEN 206-101] Setting dangling out port 'checker_scan_Pipeline_VITIS_LOOP_38_1/m_axi_gmem0_ARLEN' to 0.
WARNING: [RTGEN 206-101] Setting dangling out port 'checker_scan_Pipeline_VITIS_LOOP_38_1/m_axi_gmem0_ARSIZE' to 0.
WARNING: [RTGEN 206-101] Setting dangling out port 'checker_scan_Pipeline_VITIS_LOOP_38_1/m_axi_gmem0_ARBURST' to 0.
WARNING: [RTGEN 206-101] Setting dangling out port 'checker_scan_Pipeline_VITIS_LOOP_38_1/m_axi_gmem0_ARLOCK' to 0.
WARNING: [RTGEN 206-101] Setting dangling out port 'checker_scan_Pipeline_VITIS_LOOP_38_1/m_axi_gmem0_ARCACHE' to 0.
WARNING: [RTGEN 206-101] Setting dangling out port 'checker_scan_Pipeline_VITIS_LOOP_38_1/m_axi_gmem0_ARPROT' to 0.
WARNING: [RTGEN 206-101] Setting dangling out port 'checker_scan_Pipeline_VITIS_LOOP_38_1/m_axi_gmem0_ARQOS' to 0.
WARNING: [RTGEN 206-101] Setting dangling out port 'checker_scan_Pipeline_VITIS_LOOP_38_1/m_axi_gmem0_ARREGION' to 0.
WARNING: [RTGEN 206-101] Setting dangling out port 'checker_scan_Pipeline_VITIS_LOOP_38_1/m_axi_gmem0_ARUSER' to 0.
INFO: [RTGEN 206-100] Finished creating RTL model for 'checker_scan_Pipeline_VITIS_LOOP_38_1'.
INFO: [HLS 200-111] Finished Creating RTL model: CPU user time: 0.02 seconds. CPU system time: 0 seconds. Elapsed time: 0.03 seconds; current allocated memory: 313.883 MB.
INFO: [HLS 200-10] ----------------------------------------------------------------
INFO: [HLS 200-10] -- Generating RTL for module 'checker_scan' 
INFO: [HLS 200-10] ----------------------------------------------------------------
WARNING: [RTGEN 206-101] Design contains AXI ports. Reset is fixed to synchronous and active low.
INFO: [RTGEN 206-500] Setting interface mode on port 'checker_scan/gmem0' to 'm_axi'.
INFO: [RTGEN 206-500] Setting interface mode on port 'checker_scan/raw_bayer' to 's_axilite & ap_none'.
INFO: [RTGEN 206-500] Setting interface mode on port 'checker_scan/width' to 's_axilite & ap_none'.
INFO: [RTGEN 206-500] Setting interface mode on port 'checker_scan/height' to 's_axilite & ap_none'.
INFO: [RTGEN 206-500] Setting interface mode on port 'checker_scan/mode' to 's_axilite & ap_none'.
INFO: [RTGEN 206-500] Setting interface mode on port 'checker_scan/dark_pixel_threshold' to 's_axilite & ap_none'.
INFO: [RTGEN 206-500] Setting interface mode on port 'checker_scan/verdict_pct' to 's_axilite & ap_none'.
INFO: [RTGEN 206-500] Setting interface mode on port 'checker_scan/enter_pct' to 's_axilite & ap_none'.
INFO: [RTGEN 206-500] Setting interface mode on port 'checker_scan/exit_pct' to 's_axilite & ap_none'.
INFO: [RTGEN 206-500] Setting interface mode on port 'checker_scan/selected_mode' to 's_axilite & ap_vld'.
INFO: [RTGEN 206-500] Setting interface mode on port 'checker_scan/hyst_flags' to 'ap_vld'.
INFO: [RTGEN 206-500] Setting interface mode on port 'checker_scan/dark_count' to 's_axilite & ap_vld'.
INFO: [RTGEN 206-500] Setting interface mode on function 'checker_scan' to 's_axilite & ap_ctrl_hs'.
INFO: [RTGEN 206-100] Bundling port 'raw_bayer', 'width', 'height', 'mode', 'dark_pixel_threshold', 'verdict_pct', 'enter_pct', 'exit_pct', 'selected_mode', 'dark_count' to AXI-Lite port control.
INFO: [RTGEN 206-100] Generating core module 'mul_32s_32s_32_1_1': 4 instance(s).
INFO: [RTGEN 206-100] Finished creating RTL model for 'checker_scan'.
INFO: [HLS 200-111] Finished Creating RTL model: CPU user time: 0.06 seconds. CPU system time: 0 seconds. Elapsed time: 0.08 seconds; current allocated memory: 314.160 MB.
INFO: [HLS 200-111] Finished Generating all RTL models: CPU user time: 0.15 seconds. CPU system time: 0 seconds. Elapsed time: 0.17 seconds; current allocated memory: 317.703 MB.
INFO: [HLS 200-1603] Design has inferred MAXI bursts and missed bursts, see Vitis HLS GUI synthesis summary report for detailed information.
INFO: [HLS 200-111] Finished Updating report files: CPU user time: 0.54 seconds. CPU system time: 0.02 seconds. Elapsed time: 0.56 seconds; current allocated memory: 323.172 MB.
INFO: [VHDL 208-304] Generating VHDL RTL for checker_scan.
INFO: [VLOG 209-307] Generating Verilog RTL for checker_scan.
INFO: [HLS 200-790] **** Loop Constraint Status: All loop constraints were satisfied.
INFO: [HLS 200-789] **** Estimated Fmax: 273.97 MHz
INFO: [HLS 200-2161] Finished Command csynth_design Elapsed time: 00:00:08; Allocated memory: 43.980 MB.
INFO: [HLS 200-1510] Running: cosim_design -rtl verilog -tool xsim -trace_level none -argv /home/mini/workspace/dfxisp_v2/results/checker_validation_2026-08-06/checker_cosim_crops_2026-08-06.csv /home/mini/workspace/dfxisp_v2/results/checker_validation_2026-08-06/checker_crop_cosim_frames_2026-08-06.csv 
INFO: [COSIM 212-47] Using XSIM for RTL simulation.
INFO: [COSIM 212-14] Instrumenting C test bench ...
INFO: [COSIM 212-302] Starting C TB testing ... 
INFO: [COSIM 212-333] Generating C post check test bench ...
INFO: [COSIM 212-12] Generating RTL test bench ...
INFO: [COSIM 212-1] *** C/RTL co-simulation file generation completed. ***
INFO: [COSIM 212-323] Starting verilog simulation. 
INFO: [COSIM 212-15] Starting XSIM ...
ERROR: [COSIM 212-4] *** C/RTL co-simulation finished: FAIL ***
INFO: [HLS 200-2161] Finished Command cosim_design Elapsed time: 00:00:14; Allocated memory: 6.137 MB.
